Archive member included to satisfy reference by file (symbol)

c:/program files (x86)/gnu tools arm embedded/9 2019-q4-major/bin/../lib/gcc/arm-none-eabi/9.2.1/../../../../arm-none-eabi/lib/thumb/v7e-m+fp/hard\libc_nano.a(lib_a-ctype_.o)
                              _build/nrf52832_xxaa/nrf_log_str_formatter.c.o (_ctype_)
c:/program files (x86)/gnu tools arm embedded/9 2019-q4-major/bin/../lib/gcc/arm-none-eabi/9.2.1/../../../../arm-none-eabi/lib/thumb/v7e-m+fp/hard\libc_nano.a(lib_a-exit.o)
                              c:/program files (x86)/gnu tools arm embedded/9 2019-q4-major/bin/../lib/gcc/arm-none-eabi/9.2.1/../../../../arm-none-eabi/lib/thumb/v7e-m+fp/hard/crt0.o (exit)
c:/program files (x86)/gnu tools arm embedded/9 2019-q4-major/bin/../lib/gcc/arm-none-eabi/9.2.1/../../../../arm-none-eabi/lib/thumb/v7e-m+fp/hard\libc_nano.a(lib_a-impure.o)
                              c:/program files (x86)/gnu tools arm embedded/9 2019-q4-major/bin/../lib/gcc/arm-none-eabi/9.2.1/../../../../arm-none-eabi/lib/thumb/v7e-m+fp/hard\libc_nano.a(lib_a-exit.o) (_global_impure_ptr)
c:/program files (x86)/gnu tools arm embedded/9 2019-q4-major/bin/../lib/gcc/arm-none-eabi/9.2.1/../../../../arm-none-eabi/lib/thumb/v7e-m+fp/hard\libc_nano.a(lib_a-init.o)
                              c:/program files (x86)/gnu tools arm embedded/9 2019-q4-major/bin/../lib/gcc/arm-none-eabi/9.2.1/../../../../arm-none-eabi/lib/thumb/v7e-m+fp/hard/crt0.o (__libc_init_array)
c:/program files (x86)/gnu tools arm embedded/9 2019-q4-major/bin/../lib/gcc/arm-none-eabi/9.2.1/../../../../arm-none-eabi/lib/thumb/v7e-m+fp/hard\libc_nano.a(lib_a-memcmp.o)
                              _build/nrf52832_xxaa/ble_advdata.c.o (memcmp)
c:/program files (x86)/gnu tools arm embedded/9 2019-q4-major/bin/../lib/gcc/arm-none-eabi/9.2.1/../../../../arm-none-eabi/lib/thumb/v7e-m+fp/hard\libc_nano.a(lib_a-memcpy-stub.o)
                              _build/nrf52832_xxaa/nrf_log_frontend.c.o (memcpy)
c:/program files (x86)/gnu tools arm embedded/9 2019-q4-major/bin/../lib/gcc/arm-none-eabi/9.2.1/../../../../arm-none-eabi/lib/thumb/v7e-m+fp/hard\libc_nano.a(lib_a-memset.o)
                              c:/program files (x86)/gnu tools arm embedded/9 2019-q4-major/bin/../lib/gcc/arm-none-eabi/9.2.1/../../../../arm-none-eabi/lib/thumb/v7e-m+fp/hard/crt0.o (memset)
c:/program files (x86)/gnu tools arm embedded/9 2019-q4-major/bin/../lib/gcc/arm-none-eabi/9.2.1/../../../../arm-none-eabi/lib/thumb/v7e-m+fp/hard\libc_nano.a(lib_a-strcpy.o)
                              _build/nrf52832_xxaa/SEGGER_RTT.c.o (strcpy)
c:/program files (x86)/gnu tools arm embedded/9 2019-q4-major/bin/../lib/gcc/arm-none-eabi/9.2.1/../../../../arm-none-eabi/lib/thumb/v7e-m+fp/hard\libc_nano.a(lib_a-strlen.o)
                              _build/nrf52832_xxaa/nrf_log_frontend.c.o (strlen)
c:/program files (x86)/gnu tools arm embedded/9 2019-q4-major/bin/../lib/gcc/arm-none-eabi/9.2.1/../../../../arm-none-eabi/lib/thumb/v7e-m+fp/hard\libnosys.a(_exit.o)
                              c:/program files (x86)/gnu tools arm embedded/9 2019-q4-major/bin/../lib/gcc/arm-none-eabi/9.2.1/../../../../arm-none-eabi/lib/thumb/v7e-m+fp/hard\libc_nano.a(lib_a-exit.o) (_exit)
c:/program files (x86)/gnu tools arm embedded/9 2019-q4-major/bin/../lib/gcc/arm-none-eabi/9.2.1/thumb/v7e-m+fp/hard\libgcc.a(_aeabi_ldivmod.o)
                              _build/nrf52832_xxaa/bsp.c.o (__aeabi_ldivmod)
c:/program files (x86)/gnu tools arm embedded/9 2019-q4-major/bin/../lib/gcc/arm-none-eabi/9.2.1/thumb/v7e-m+fp/hard\libgcc.a(_aeabi_uldivmod.o)
                              _build/nrf52832_xxaa/bsp.c.o (__aeabi_uldivmod)
c:/program files (x86)/gnu tools arm embedded/9 2019-q4-major/bin/../lib/gcc/arm-none-eabi/9.2.1/thumb/v7e-m+fp/hard\libgcc.a(_udivmoddi4.o)
                              c:/program files (x86)/gnu tools arm embedded/9 2019-q4-major/bin/../lib/gcc/arm-none-eabi/9.2.1/thumb/v7e-m+fp/hard\libgcc.a(_aeabi_ldivmod.o) (__udivmoddi4)
c:/program files (x86)/gnu tools arm embedded/9 2019-q4-major/bin/../lib/gcc/arm-none-eabi/9.2.1/thumb/v7e-m+fp/hard\libgcc.a(_dvmd_tls.o)
                              c:/program files (x86)/gnu tools arm embedded/9 2019-q4-major/bin/../lib/gcc/arm-none-eabi/9.2.1/thumb/v7e-m+fp/hard\libgcc.a(_aeabi_ldivmod.o) (__aeabi_ldiv0)

Allocating common symbols
Common symbol       size              file

nrf_nvic_state      0xc               _build/nrf52832_xxaa/app_util_platform.c.o
nrf_drv_uart_use_easy_dma
                    0x1               _build/nrf52832_xxaa/nrf_drv_uart.c.o
_SEGGER_RTT         0x78              _build/nrf52832_xxaa/SEGGER_RTT.c.o

Discarded input sections

 .text          0x00000000        0x0 c:/program files (x86)/gnu tools arm embedded/9 2019-q4-major/bin/../lib/gcc/arm-none-eabi/9.2.1/thumb/v7e-m+fp/hard/crti.o
[...]
Memory Configuration

Name             Origin             Length             Attributes
FLASH            0x00026000         0x0005a000         xr
RAM              0x20002220         0x0000dde0         xrw
*default*        0x00000000         0xffffffff

Linker script and memory map


.text           0x00026000     0xc26c
 *(.isr_vector)
 .isr_vector    0x00026000      0x200 _build/nrf52832_xxaa/gcc_startup_nrf52.S.o
                0x00026000                __isr_vector
 *(.text*)
 .text          0x00026200       0x40 c:/program files (x86)/gnu tools arm embedded/9 2019-q4-major/bin/../lib/gcc/arm-none-eabi/9.2.1/thumb/v7e-m+fp/hard/crtbegin.o
 .text          0x00026240       0x74 c:/program files (x86)/gnu tools arm embedded/9 2019-q4-major/bin/../lib/gcc/arm-none-eabi/9.2.1/../../../../arm-none-eabi/lib/thumb/v7e-m+fp/hard/crt0.o
                0x00026240                _start
                0x00026240                _mainCRTStartup
 .text          0x000262b4       0x3c _build/nrf52832_xxaa/gcc_startup_nrf52.S.o
                0x000262b4                Reset_Handler
                0x000262dc                NMI_Handler
                0x000262de                HardFault_Handler
                0x000262e0                MemoryManagement_Handler
                0x000262e2                BusFault_Handler
                0x000262e4                UsageFault_Handler
                0x000262e6                SVC_Handler
                0x000262e8                DebugMon_Handler
                0x000262ea                PendSV_Handler
                0x000262ec                SysTick_Handler
                0x000262ee                TEMP_IRQHandler
                0x000262ee                QDEC_IRQHandler
                0x000262ee                TIMER3_IRQHandler
                0x000262ee                FPU_IRQHandler
                0x000262ee                SPIM0_SPIS0_TWIM0_TWIS0_SPI0_TWI0_IRQHandler
                0x000262ee                PDM_IRQHandler
                0x000262ee                TIMER4_IRQHandler
                0x000262ee                I2S_IRQHandler
                0x000262ee                SWI4_EGU4_IRQHandler
                0x000262ee                TIMER0_IRQHandler
                0x000262ee                RADIO_IRQHandler
                0x000262ee                RTC0_IRQHandler
                0x000262ee                PWM2_IRQHandler
                0x000262ee                ECB_IRQHandler
                0x000262ee                SPIM1_SPIS1_TWIM1_TWIS1_SPI1_TWI1_IRQHandler
                0x000262ee                Default_Handler
                0x000262ee                SAADC_IRQHandler
                0x000262ee                CCM_AAR_IRQHandler
                0x000262ee                WDT_IRQHandler
                0x000262ee                PWM1_IRQHandler
                0x000262ee                SWI5_EGU5_IRQHandler
                0x000262ee                RNG_IRQHandler
                0x000262ee                RTC2_IRQHandler
                0x000262ee                PWM0_IRQHandler
                0x000262ee                SWI3_EGU3_IRQHandler
                0x000262ee                SWI1_EGU1_IRQHandler
                0x000262ee                SPIM2_SPIS2_SPI2_IRQHandler
                0x000262ee                NFCT_IRQHandler
                0x000262ee                TIMER1_IRQHandler
                0x000262ee                MWU_IRQHandler
                0x000262ee                TIMER2_IRQHandler
                0x000262ee                COMP_LPCOMP_IRQHandler
 .text.nrf_log_backend_rtt_flush
                0x000262f0        0x4 _build/nrf52832_xxaa/nrf_log_backend_rtt.c.o
 .text.nrf_log_backend_rtt_put
                0x000262f4       0x20 _build/nrf52832_xxaa/nrf_log_backend_rtt.c.o
 .text.serial_tx
                0x00026314       0x54 _build/nrf52832_xxaa/nrf_log_backend_rtt.c.o
 .text.nrf_log_backend_rtt_panic_set
                0x00026368        0x4 _build/nrf52832_xxaa/nrf_log_backend_rtt.c.o
 .text.nrf_log_backend_rtt_init
                0x0002636c        0x4 _build/nrf52832_xxaa/nrf_log_backend_rtt.c.o
                0x0002636c                nrf_log_backend_rtt_init
 .text.nrf_log_backend_serial_put
                0x00026370       0xd8 _build/nrf52832_xxaa/nrf_log_backend_serial.c.o
                0x00026370                nrf_log_backend_serial_put
 .text.nrf_log_default_backends_init
                0x00026448       0x1c _build/nrf52832_xxaa/nrf_log_default_backends.c.o
                0x00026448                nrf_log_default_backends_init
 .text.nrf_log_init
                0x00026464       0x54 _build/nrf52832_xxaa/nrf_log_frontend.c.o
                0x00026464                nrf_log_init
 .text.nrf_log_module_name_get
                0x000264b8       0x48 _build/nrf52832_xxaa/nrf_log_frontend.c.o
                0x000264b8                nrf_log_module_name_get
 .text.nrf_log_color_id_get
                0x00026500       0x2c _build/nrf52832_xxaa/nrf_log_frontend.c.o
                0x00026500                nrf_log_color_id_get
 .text.nrf_log_frontend_dequeue
                0x0002652c      0x254 _build/nrf52832_xxaa/nrf_log_frontend.c.o
                0x0002652c                nrf_log_frontend_dequeue
 .text.nrf_log_frontend_std_0
                0x00026780      0x194 _build/nrf52832_xxaa/nrf_log_frontend.c.o
                0x00026780                nrf_log_frontend_std_0
 .text.nrf_log_frontend_std_1
                0x00026914      0x1b0 _build/nrf52832_xxaa/nrf_log_frontend.c.o
                0x00026914                nrf_log_frontend_std_1
 .text.nrf_log_frontend_std_2
                0x00026ac4      0x1b0 _build/nrf52832_xxaa/nrf_log_frontend.c.o
                0x00026ac4                nrf_log_frontend_std_2
 .text.nrf_log_frontend_std_3
                0x00026c74      0x1bc _build/nrf52832_xxaa/nrf_log_frontend.c.o
                0x00026c74                nrf_log_frontend_std_3
 .text.nrf_log_backend_add
                0x00026e30       0x50 _build/nrf52832_xxaa/nrf_log_frontend.c.o
                0x00026e30                nrf_log_backend_add
 .text.nrf_log_panic
                0x00026e80       0x28 _build/nrf52832_xxaa/nrf_log_frontend.c.o
                0x00026e80                nrf_log_panic
 .text.prefix_process
                0x00026ea8       0x80 _build/nrf52832_xxaa/nrf_log_str_formatter.c.o
 .text.nrf_log_std_entry_process
                0x00026f28       0xf0 _build/nrf52832_xxaa/nrf_log_str_formatter.c.o
                0x00026f28                nrf_log_std_entry_process
 .text.nrf_log_hexdump_entry_process
                0x00027018       0xf4 _build/nrf52832_xxaa/nrf_log_str_formatter.c.o
                0x00027018                nrf_log_hexdump_entry_process
 .text.detection_delay_timeout_handler
                0x0002710c      0x10c _build/nrf52832_xxaa/app_button.c.o
 .text.gpiote_event_handler
                0x00027218       0xa0 _build/nrf52832_xxaa/app_button.c.o
 .text.app_button_init
                0x000272b8       0xb0 _build/nrf52832_xxaa/app_button.c.o
                0x000272b8                app_button_init
 .text.app_button_enable
                0x00027368       0x2c _build/nrf52832_xxaa/app_button.c.o
                0x00027368                app_button_enable
 .text.app_error_handler_bare
                0x00027394       0x20 _build/nrf52832_xxaa/app_error.c.o
                0x00027394                app_error_handler_bare
 .text.app_error_fault_handler
                0x000273b4       0x6c _build/nrf52832_xxaa/app_error_weak.c.o
                0x000273b4                app_error_fault_handler
 .text.RTC1_IRQHandler
                0x00027420       0xa0 _build/nrf52832_xxaa/app_timer.c.o
                0x00027420                RTC1_IRQHandler
 .text.SWI0_EGU0_IRQHandler
                0x000274c0      0x3e0 _build/nrf52832_xxaa/app_timer.c.o
                0x000274c0                SWI0_EGU0_IRQHandler
 .text.app_timer_init
                0x000278a0       0xa8 _build/nrf52832_xxaa/app_timer.c.o
                0x000278a0                app_timer_init
 .text.app_timer_create
                0x00027948       0x24 _build/nrf52832_xxaa/app_timer.c.o
                0x00027948                app_timer_create
 .text.app_timer_start
                0x0002796c       0xac _build/nrf52832_xxaa/app_timer.c.o
                0x0002796c                app_timer_start
 .text.app_timer_stop
                0x00027a18       0x78 _build/nrf52832_xxaa/app_timer.c.o
                0x00027a18                app_timer_stop
 .text.app_util_critical_region_enter
                0x00027a90       0x4c _build/nrf52832_xxaa/app_util_platform.c.o
                0x00027a90                app_util_critical_region_enter
 .text.app_util_critical_region_exit
                0x00027adc       0x30 _build/nrf52832_xxaa/app_util_platform.c.o
                0x00027adc                app_util_critical_region_exit
 .text.page_scan
                0x00027b0c       0xbc _build/nrf52832_xxaa/fds.c.o
 .text.record_find_by_desc
                0x00027bc8       0xdc _build/nrf52832_xxaa/fds.c.o
 .text.queue_process
                0x00027ca4      0x990 _build/nrf52832_xxaa/fds.c.o
 .text.fs_event_handler
                0x00028634        0x8 _build/nrf52832_xxaa/fds.c.o
 .text.fds_register
                0x0002863c       0x2c _build/nrf52832_xxaa/fds.c.o
                0x0002863c                fds_register
 .text.fds_init
                0x00028668      0x268 _build/nrf52832_xxaa/fds.c.o
                0x00028668                fds_init
 .text.fds_record_open
                0x000288d0       0x54 _build/nrf52832_xxaa/fds.c.o
                0x000288d0                fds_record_open
 .text.fds_record_close
                0x00028924       0x4c _build/nrf52832_xxaa/fds.c.o
                0x00028924                fds_record_close
 .text.fds_reserve
                0x00028970       0x84 _build/nrf52832_xxaa/fds.c.o
                0x00028970                fds_reserve
 .text.fds_reserve_cancel
                0x000289f4       0x58 _build/nrf52832_xxaa/fds.c.o
                0x000289f4                fds_reserve_cancel
 .text.fds_record_write
                0x00028a4c      0x158 _build/nrf52832_xxaa/fds.c.o
                0x00028a4c                fds_record_write
 .text.fds_record_write_reserved
                0x00028ba4      0x104 _build/nrf52832_xxaa/fds.c.o
                0x00028ba4                fds_record_write_reserved
 .text.fds_record_update
                0x00028ca8      0x160 _build/nrf52832_xxaa/fds.c.o
                0x00028ca8                fds_record_update
 .text.fds_file_delete
                0x00028e08       0x7c _build/nrf52832_xxaa/fds.c.o
                0x00028e08                fds_file_delete
 .text.fds_gc   0x00028e84       0x74 _build/nrf52832_xxaa/fds.c.o
                0x00028e84                fds_gc
 .text.fds_record_find
                0x00028ef8       0xd4 _build/nrf52832_xxaa/fds.c.o
                0x00028ef8                fds_record_find
 .text.fds_record_find_by_key
                0x00028fcc       0xc4 _build/nrf52832_xxaa/fds.c.o
                0x00028fcc                fds_record_find_by_key
 .text.fds_record_find_in_file
                0x00029090       0xc4 _build/nrf52832_xxaa/fds.c.o
                0x00029090                fds_record_find_in_file
 .text.fds_record_id_from_desc
                0x00029154       0x10 _build/nrf52832_xxaa/fds.c.o
                0x00029154                fds_record_id_from_desc
 .text.nrf_atfifo_init
                0x00029164       0x30 _build/nrf52832_xxaa/nrf_atfifo.c.o
                0x00029164                nrf_atfifo_init
 .text.nrf_atfifo_clear
                0x00029194       0x44 _build/nrf52832_xxaa/nrf_atfifo.c.o
                0x00029194                nrf_atfifo_clear
 .text.nrf_atfifo_item_alloc
                0x000291d8       0x5c _build/nrf52832_xxaa/nrf_atfifo.c.o
                0x000291d8                nrf_atfifo_item_alloc
 .text.nrf_atfifo_item_put
                0x00029234       0x20 _build/nrf52832_xxaa/nrf_atfifo.c.o
                0x00029234                nrf_atfifo_item_put
 .text.nrf_atfifo_item_get
                0x00029254       0x60 _build/nrf52832_xxaa/nrf_atfifo.c.o
                0x00029254                nrf_atfifo_item_get
 .text.nrf_atfifo_item_free
                0x000292b4       0x20 _build/nrf52832_xxaa/nrf_atfifo.c.o
                0x000292b4                nrf_atfifo_item_free
 .text.nrf_atflags_set
                0x000292d4       0x14 _build/nrf52832_xxaa/nrf_atflags.c.o
                0x000292d4                nrf_atflags_set
 .text.nrf_atflags_clear
                0x000292e8       0x14 _build/nrf52832_xxaa/nrf_atflags.c.o
                0x000292e8                nrf_atflags_clear
 .text.nrf_atflags_get
                0x000292fc       0x14 _build/nrf52832_xxaa/nrf_atflags.c.o
                0x000292fc                nrf_atflags_get
 .text.nrf_atflags_find_and_set_flag
                0x00029310       0x94 _build/nrf52832_xxaa/nrf_atflags.c.o
                0x00029310                nrf_atflags_find_and_set_flag
 .text.nrf_atomic_u32_fetch_store
                0x000293a4       0x1c _build/nrf52832_xxaa/nrf_atomic.c.o
                0x000293a4                nrf_atomic_u32_fetch_store
 .text.nrf_atomic_u32_fetch_or
                0x000293c0       0x1c _build/nrf52832_xxaa/nrf_atomic.c.o
                0x000293c0                nrf_atomic_u32_fetch_or
 .text.nrf_atomic_u32_or
                0x000293dc       0x1c _build/nrf52832_xxaa/nrf_atomic.c.o
                0x000293dc                nrf_atomic_u32_or
 .text.nrf_atomic_u32_and
                0x000293f8       0x1c _build/nrf52832_xxaa/nrf_atomic.c.o
                0x000293f8                nrf_atomic_u32_and
 .text.nrf_atomic_u32_fetch_add
                0x00029414       0x1c _build/nrf52832_xxaa/nrf_atomic.c.o
                0x00029414                nrf_atomic_u32_fetch_add
 .text.nrf_atomic_u32_add
                0x00029430       0x1c _build/nrf52832_xxaa/nrf_atomic.c.o
                0x00029430                nrf_atomic_u32_add
 .text.nrf_atomic_u32_sub
                0x0002944c       0x1c _build/nrf52832_xxaa/nrf_atomic.c.o
                0x0002944c                nrf_atomic_u32_sub
 .text.nrf_atomic_flag_set_fetch
                0x00029468       0x20 _build/nrf52832_xxaa/nrf_atomic.c.o
                0x00029468                nrf_atomic_flag_set_fetch
 .text.nrf_atomic_flag_set
                0x00029488       0x20 _build/nrf52832_xxaa/nrf_atomic.c.o
                0x00029488                nrf_atomic_flag_set
 .text.nrf_atomic_flag_clear_fetch
                0x000294a8       0x20 _build/nrf52832_xxaa/nrf_atomic.c.o
                0x000294a8                nrf_atomic_flag_clear_fetch
 .text.nrf_balloc_init
                0x000294c8       0x38 _build/nrf52832_xxaa/nrf_balloc.c.o
                0x000294c8                nrf_balloc_init
 .text.nrf_balloc_alloc
                0x00029500       0x50 _build/nrf52832_xxaa/nrf_balloc.c.o
                0x00029500                nrf_balloc_alloc
 .text.nrf_balloc_free
                0x00029550       0x38 _build/nrf52832_xxaa/nrf_balloc.c.o
                0x00029550                nrf_balloc_free
 .text.nrf_fprintf_buffer_flush
                0x00029588       0x18 _build/nrf52832_xxaa/nrf_fprintf.c.o
                0x00029588                nrf_fprintf_buffer_flush
 .text.nrf_fprintf
                0x000295a0       0x20 _build/nrf52832_xxaa/nrf_fprintf.c.o
                0x000295a0                nrf_fprintf
 .text.unsigned_print
                0x000295c0      0x118 _build/nrf52832_xxaa/nrf_fprintf_format.c.o
 .text.nrf_fprintf_fmt
                0x000296d8      0x4bc _build/nrf52832_xxaa/nrf_fprintf_format.c.o
                0x000296d8                nrf_fprintf_fmt
 .text.nrf_fstorage_init
                0x00029b94       0x54 _build/nrf52832_xxaa/nrf_fstorage.c.o
                0x00029b94                nrf_fstorage_init
 .text.nrf_fstorage_write
                0x00029be8      0x128 _build/nrf52832_xxaa/nrf_fstorage.c.o
                0x00029be8                nrf_fstorage_write
 .text.nrf_fstorage_erase
                0x00029d10       0xe0 _build/nrf52832_xxaa/nrf_fstorage.c.o
                0x00029d10                nrf_fstorage_erase
 .text.nrf_fstorage_is_busy
                0x00029df0       0x48 _build/nrf52832_xxaa/nrf_fstorage.c.o
                0x00029df0                nrf_fstorage_is_busy
 .text.sd_flash_write
                0x00029e38        0x4 _build/nrf52832_xxaa/nrf_fstorage_sd.c.o
 .text.sd_flash_page_erase
                0x00029e3c        0x4 _build/nrf52832_xxaa/nrf_fstorage_sd.c.o
 .text.rmap     0x00029e40        0x4 _build/nrf52832_xxaa/nrf_fstorage_sd.c.o
 .text.wmap     0x00029e44        0x4 _build/nrf52832_xxaa/nrf_fstorage_sd.c.o
 .text.is_busy  0x00029e48       0x10 _build/nrf52832_xxaa/nrf_fstorage_sd.c.o
 .text.nrf_fstorage_sdh_req_handler
                0x00029e58       0x14 _build/nrf52832_xxaa/nrf_fstorage_sd.c.o
                0x00029e58                nrf_fstorage_sdh_req_handler
 .text.read     0x00029e6c       0x10 _build/nrf52832_xxaa/nrf_fstorage_sd.c.o
 .text.uninit   0x00029e7c       0x20 _build/nrf52832_xxaa/nrf_fstorage_sd.c.o
 .text.init     0x00029e9c       0x3c _build/nrf52832_xxaa/nrf_fstorage_sd.c.o
 .text.queue_process
                0x00029ed8       0xf8 _build/nrf52832_xxaa/nrf_fstorage_sd.c.o
 .text.nrf_fstorage_sys_evt_handler
                0x00029fd0       0xe8 _build/nrf52832_xxaa/nrf_fstorage_sd.c.o
                0x00029fd0                nrf_fstorage_sys_evt_handler
 .text.write    0x0002a0b8       0x7c _build/nrf52832_xxaa/nrf_fstorage_sd.c.o
 .text.erase    0x0002a134       0x78 _build/nrf52832_xxaa/nrf_fstorage_sd.c.o
 .text.nrf_fstorage_sdh_state_handler
                0x0002a1ac      0x10c _build/nrf52832_xxaa/nrf_fstorage_sd.c.o
                0x0002a1ac                nrf_fstorage_sdh_state_handler
 .text.nrf_memobj_pool_init
                0x0002a2b8        0x4 _build/nrf52832_xxaa/nrf_memobj.c.o
                0x0002a2b8                nrf_memobj_pool_init
 .text.nrf_memobj_alloc
                0x0002a2bc       0x94 _build/nrf52832_xxaa/nrf_memobj.c.o
                0x0002a2bc                nrf_memobj_alloc
 .text.nrf_memobj_get
                0x0002a350        0x8 _build/nrf52832_xxaa/nrf_memobj.c.o
                0x0002a350                nrf_memobj_get
 .text.nrf_memobj_put
                0x0002a358       0x58 _build/nrf52832_xxaa/nrf_memobj.c.o
                0x0002a358                nrf_memobj_put
 .text.nrf_memobj_write
                0x0002a3b0       0x58 _build/nrf52832_xxaa/nrf_memobj.c.o
                0x0002a3b0                nrf_memobj_write
 .text.nrf_memobj_read
                0x0002a408       0x58 _build/nrf52832_xxaa/nrf_memobj.c.o
                0x0002a408                nrf_memobj_read
 .text.sd_app_evt_wait
                0x0002a460        0x4 _build/nrf52832_xxaa/nrf_pwr_mgmt.c.o
 .text.nrf_pwr_mgmt_init
                0x0002a464       0x2c _build/nrf52832_xxaa/nrf_pwr_mgmt.c.o
                0x0002a464                nrf_pwr_mgmt_init
 .text.nrf_pwr_mgmt_run
                0x0002a490       0x54 _build/nrf52832_xxaa/nrf_pwr_mgmt.c.o
                0x0002a490                nrf_pwr_mgmt_run
 .text.nrf_section_iter_init
                0x0002a4e4       0x14 _build/nrf52832_xxaa/nrf_section_iter.c.o
                0x0002a4e4                nrf_section_iter_init
 .text.nrf_section_iter_next
                0x0002a4f8       0x18 _build/nrf52832_xxaa/nrf_section_iter.c.o
                0x0002a4f8                nrf_section_iter_next
 .text.nrf_strerror_get
                0x0002a510       0x50 _build/nrf52832_xxaa/nrf_strerror.c.o
                0x0002a510                nrf_strerror_get
 .text.SystemInit
                0x0002a560      0x3b4 _build/nrf52832_xxaa/system_nrf52.c.o
                0x0002a560                SystemInit
 .text.bsp_board_led_state_get
                0x0002a914       0x1c _build/nrf52832_xxaa/boards.c.o
                0x0002a914                bsp_board_led_state_get
 .text.bsp_board_led_on
                0x0002a930       0x18 _build/nrf52832_xxaa/boards.c.o
                0x0002a930                bsp_board_led_on
 .text.bsp_board_led_off
                0x0002a948       0x18 _build/nrf52832_xxaa/boards.c.o
                0x0002a948                bsp_board_led_off
 .text.bsp_board_leds_off
                0x0002a960       0x2c _build/nrf52832_xxaa/boards.c.o
                0x0002a960                bsp_board_leds_off
 .text.bsp_board_leds_on
                0x0002a98c       0x2c _build/nrf52832_xxaa/boards.c.o
                0x0002a98c                bsp_board_leds_on
 .text.bsp_board_led_invert
                0x0002a9b8       0x24 _build/nrf52832_xxaa/boards.c.o
                0x0002a9b8                bsp_board_led_invert
 .text.bsp_board_button_state_get
                0x0002a9dc       0x1c _build/nrf52832_xxaa/boards.c.o
                0x0002a9dc                bsp_board_button_state_get
 .text.bsp_board_pin_to_button_idx
                0x0002a9f8       0x24 _build/nrf52832_xxaa/boards.c.o
                0x0002a9f8                bsp_board_pin_to_button_idx
 .text.bsp_board_button_idx_to_pin
                0x0002aa1c        0xc _build/nrf52832_xxaa/boards.c.o
                0x0002aa1c                bsp_board_button_idx_to_pin
 .text.bsp_board_init
                0x0002aa28       0x5c _build/nrf52832_xxaa/boards.c.o
                0x0002aa28                bsp_board_init
 .text.clock_irq_handler
                0x0002aa84       0x44 _build/nrf52832_xxaa/nrf_drv_clock.c.o
 .text.soc_evt_handler
                0x0002aac8       0x28 _build/nrf52832_xxaa/nrf_drv_clock.c.o
 .text.sd_state_evt_handler
                0x0002aaf0       0xa8 _build/nrf52832_xxaa/nrf_drv_clock.c.o
 .text.nrfx_clock_init
                0x0002ab98       0x18 _build/nrf52832_xxaa/nrfx_clock.c.o
                0x0002ab98                nrfx_clock_init
 .text.nrfx_clock_enable
                0x0002abb0       0x28 _build/nrf52832_xxaa/nrfx_clock.c.o
                0x0002abb0                nrfx_clock_enable
 .text.nrfx_clock_lfclk_stop
                0x0002abd8       0x18 _build/nrf52832_xxaa/nrfx_clock.c.o
                0x0002abd8                nrfx_clock_lfclk_stop
 .text.POWER_CLOCK_IRQHandler
                0x0002abf0       0x6c _build/nrf52832_xxaa/nrfx_clock.c.o
                0x0002abf0                POWER_CLOCK_IRQHandler
 .text.nrfx_gpiote_init
                0x0002ac5c       0x98 _build/nrf52832_xxaa/nrfx_gpiote.c.o
                0x0002ac5c                nrfx_gpiote_init
 .text.nrfx_gpiote_is_init
                0x0002acf4       0x14 _build/nrf52832_xxaa/nrfx_gpiote.c.o
                0x0002acf4                nrfx_gpiote_is_init
 .text.nrfx_gpiote_in_init
                0x0002ad08      0x1c8 _build/nrf52832_xxaa/nrfx_gpiote.c.o
                0x0002ad08                nrfx_gpiote_in_init
 .text.nrfx_gpiote_in_event_enable
                0x0002aed0       0xbc _build/nrf52832_xxaa/nrfx_gpiote.c.o
                0x0002aed0                nrfx_gpiote_in_event_enable
 .text.nrfx_gpiote_in_is_set
                0x0002af8c       0x14 _build/nrf52832_xxaa/nrfx_gpiote.c.o
                0x0002af8c                nrfx_gpiote_in_is_set
 .text.GPIOTE_IRQHandler
                0x0002afa0      0x4ec _build/nrf52832_xxaa/nrfx_gpiote.c.o
                0x0002afa0                GPIOTE_IRQHandler
 .text.UARTE0_UART0_IRQHandler
                0x0002b48c        0xc _build/nrf52832_xxaa/nrfx_prs.c.o
                0x0002b48c                UARTE0_UART0_IRQHandler
 .text.alert_timer_handler
                0x0002b498        0x8 _build/nrf52832_xxaa/bsp.c.o
 .text.bsp_button_event_handler
                0x0002b4a0       0xa4 _build/nrf52832_xxaa/bsp.c.o
 .text.button_timer_handler
                0x0002b544       0x30 _build/nrf52832_xxaa/bsp.c.o
 .text.bsp_led_indication
                0x0002b574      0x310 _build/nrf52832_xxaa/bsp.c.o
 .text.leds_timer_handler
                0x0002b884       0x1c _build/nrf52832_xxaa/bsp.c.o
 .text.bsp_button_is_pressed
                0x0002b8a0        0xc _build/nrf52832_xxaa/bsp.c.o
                0x0002b8a0                bsp_button_is_pressed
 .text.bsp_indication_set
                0x0002b8ac       0x18 _build/nrf52832_xxaa/bsp.c.o
                0x0002b8ac                bsp_indication_set
 .text.bsp_init
                0x0002b8c4       0xbc _build/nrf52832_xxaa/bsp.c.o
                0x0002b8c4                bsp_init
 .text.bsp_event_to_button_action_assign
                0x0002b980       0x54 _build/nrf52832_xxaa/bsp.c.o
                0x0002b980                bsp_event_to_button_action_assign
 .text.bsp_wakeup_button_enable
                0x0002b9d4       0x30 _build/nrf52832_xxaa/bsp.c.o
                0x0002b9d4                bsp_wakeup_button_enable
 .text.ble_evt_handler
                0x0002ba04       0xac _build/nrf52832_xxaa/bsp_btn_ble.c.o
 .text.bsp_btn_ble_sleep_mode_prepare
                0x0002bab0       0x24 _build/nrf52832_xxaa/bsp_btn_ble.c.o
                0x0002bab0                bsp_btn_ble_sleep_mode_prepare
 .text.bsp_btn_ble_init
                0x0002bad4       0x6c _build/nrf52832_xxaa/bsp_btn_ble.c.o
                0x0002bad4                bsp_btn_ble_init
 .text.sd_ble_gap_disconnect
                0x0002bb40        0x4 _build/nrf52832_xxaa/main.c.o
 .text.sd_ble_gap_ppcp_set
                0x0002bb44        0x4 _build/nrf52832_xxaa/main.c.o
 .text.sd_ble_gap_device_name_set
                0x0002bb48        0x4 _build/nrf52832_xxaa/main.c.o
 .text.sd_ble_gap_phy_update
                0x0002bb4c        0x4 _build/nrf52832_xxaa/main.c.o
 .text.sd_power_system_off
                0x0002bb50        0x4 _build/nrf52832_xxaa/main.c.o
 .text.nrf_qwr_error_handler
                0x0002bb54        0x4 _build/nrf52832_xxaa/main.c.o
 .text.notification_timeout_handler
                0x0002bb58       0x28 _build/nrf52832_xxaa/main.c.o
 .text.ble_evt_handler
                0x0002bb80       0xa0 _build/nrf52832_xxaa/main.c.o
 .text.on_conn_params_evt
                0x0002bc20       0x24 _build/nrf52832_xxaa/main.c.o
 .text.bsp_event_handler
                0x0002bc44       0x70 _build/nrf52832_xxaa/main.c.o
 .text.on_cus_evt
                0x0002bcb4       0x30 _build/nrf52832_xxaa/main.c.o
 .text.conn_params_error_handler
                0x0002bce4        0x4 _build/nrf52832_xxaa/main.c.o
 .text.pm_evt_handler
                0x0002bce8       0xa8 _build/nrf52832_xxaa/main.c.o
 .text.on_adv_evt
                0x0002bd90       0x58 _build/nrf52832_xxaa/main.c.o
 .text.startup.main
                0x0002bde8      0x2dc _build/nrf52832_xxaa/main.c.o
                0x0002bde8                main
 .text.sd_ble_gatts_service_add
                0x0002c0c4        0x4 _build/nrf52832_xxaa/ble_cus.c.o
 .text.sd_ble_gatts_characteristic_add
                0x0002c0c8        0x4 _build/nrf52832_xxaa/ble_cus.c.o
 .text.sd_ble_gatts_value_set
                0x0002c0cc        0x4 _build/nrf52832_xxaa/ble_cus.c.o
 .text.sd_ble_gatts_hvx
                0x0002c0d0        0x4 _build/nrf52832_xxaa/ble_cus.c.o
 .text.sd_ble_uuid_vs_add
                0x0002c0d4        0x4 _build/nrf52832_xxaa/ble_cus.c.o
 .text.ble_cus_on_ble_evt
                0x0002c0d8       0xa8 _build/nrf52832_xxaa/ble_cus.c.o
                0x0002c0d8                ble_cus_on_ble_evt
 .text.ble_cus_init
                0x0002c180      0x118 _build/nrf52832_xxaa/ble_cus.c.o
                0x0002c180                ble_cus_init
 .text.ble_cus_custom_value_update
                0x0002c298       0xc0 _build/nrf52832_xxaa/ble_cus.c.o
                0x0002c298                ble_cus_custom_value_update
 .text.SEGGER_RTT_WriteNoLock
                0x0002c358      0x1bc _build/nrf52832_xxaa/SEGGER_RTT.c.o
                0x0002c358                SEGGER_RTT_WriteNoLock
 .text.SEGGER_RTT_Init
                0x0002c514       0x60 _build/nrf52832_xxaa/SEGGER_RTT.c.o
                0x0002c514                SEGGER_RTT_Init
 .text.sd_ble_gap_addr_get
                0x0002c574        0x4 _build/nrf52832_xxaa/ble_advdata.c.o
 .text.sd_ble_gap_appearance_get
                0x0002c578        0x4 _build/nrf52832_xxaa/ble_advdata.c.o
 .text.sd_ble_gap_device_name_get
                0x0002c57c        0x4 _build/nrf52832_xxaa/ble_advdata.c.o
 .text.sd_ble_uuid_encode
                0x0002c580        0x4 _build/nrf52832_xxaa/ble_advdata.c.o
 .text.uuid_list_sized_encode.isra.0
                0x0002c584       0xf0 _build/nrf52832_xxaa/ble_advdata.c.o
 .text.ble_advdata_encode
                0x0002c674      0x400 _build/nrf52832_xxaa/ble_advdata.c.o
                0x0002c674                ble_advdata_encode
 .text.ble_advdata_parse
                0x0002ca74       0x4c _build/nrf52832_xxaa/ble_advdata.c.o
                0x0002ca74                ble_advdata_parse
 .text.sd_ble_gap_adv_set_configure
                0x0002cac0        0x4 _build/nrf52832_xxaa/ble_advertising.c.o
 .text.sd_ble_gap_adv_start
                0x0002cac4        0x4 _build/nrf52832_xxaa/ble_advertising.c.o
 .text.sd_ble_gap_adv_stop
                0x0002cac8        0x4 _build/nrf52832_xxaa/ble_advertising.c.o
 .text.ble_advertising_start.part.0
                0x0002cacc      0x2e8 _build/nrf52832_xxaa/ble_advertising.c.o
 .text.ble_advertising_conn_cfg_tag_set
                0x0002cdb4        0x8 _build/nrf52832_xxaa/ble_advertising.c.o
                0x0002cdb4                ble_advertising_conn_cfg_tag_set
 .text.ble_advertising_init
                0x0002cdbc       0xf0 _build/nrf52832_xxaa/ble_advertising.c.o
                0x0002cdbc                ble_advertising_init
 .text.ble_advertising_start
                0x0002ceac       0x2c _build/nrf52832_xxaa/ble_advertising.c.o
                0x0002ceac                ble_advertising_start
 .text.ble_advertising_on_ble_evt
                0x0002ced8       0x9c _build/nrf52832_xxaa/ble_advertising.c.o
                0x0002ced8                ble_advertising_on_ble_evt
 .text.ble_advertising_on_sys_evt
                0x0002cf74       0x44 _build/nrf52832_xxaa/ble_advertising.c.o
                0x0002cf74                ble_advertising_on_sys_evt
 .text.ble_advertising_restart_without_whitelist
                0x0002cfb8       0x78 _build/nrf52832_xxaa/ble_advertising.c.o
                0x0002cfb8                ble_advertising_restart_without_whitelist
 .text.sd_ble_gap_conn_param_update
                0x0002d030        0x4 _build/nrf52832_xxaa/ble_conn_params.c.o
 .text.sd_ble_gap_disconnect
                0x0002d034        0x4 _build/nrf52832_xxaa/ble_conn_params.c.o
 .text.sd_ble_gap_ppcp_set
                0x0002d038        0x4 _build/nrf52832_xxaa/ble_conn_params.c.o
 .text.sd_ble_gap_ppcp_get
                0x0002d03c        0x4 _build/nrf52832_xxaa/ble_conn_params.c.o
 .text.update_timeout_handler
                0x0002d040       0x78 _build/nrf52832_xxaa/ble_conn_params.c.o
 .text.ble_evt_handler
                0x0002d0b8      0x1d4 _build/nrf52832_xxaa/ble_conn_params.c.o
 .text.ble_conn_params_init
                0x0002d28c       0x78 _build/nrf52832_xxaa/ble_conn_params.c.o
                0x0002d28c                ble_conn_params_init
 .text.ble_evt_handler
                0x0002d304      0x124 _build/nrf52832_xxaa/ble_conn_state.c.o
 .text.ble_conn_state_role
                0x0002d428       0x34 _build/nrf52832_xxaa/ble_conn_state.c.o
                0x0002d428                ble_conn_state_role
 .text.ble_conn_state_encrypted
                0x0002d45c       0x30 _build/nrf52832_xxaa/ble_conn_state.c.o
                0x0002d45c                ble_conn_state_encrypted
 .text.ble_conn_state_user_flag_acquire
                0x0002d48c       0x14 _build/nrf52832_xxaa/ble_conn_state.c.o
                0x0002d48c                ble_conn_state_user_flag_acquire
 .text.ble_conn_state_user_flag_get
                0x0002d4a0       0x38 _build/nrf52832_xxaa/ble_conn_state.c.o
                0x0002d4a0                ble_conn_state_user_flag_get
 .text.ble_conn_state_user_flag_set
                0x0002d4d8       0x44 _build/nrf52832_xxaa/ble_conn_state.c.o
                0x0002d4d8                ble_conn_state_user_flag_set
 .text.ble_conn_state_for_each_set_user_flag
                0x0002d51c       0x5c _build/nrf52832_xxaa/ble_conn_state.c.o
                0x0002d51c                ble_conn_state_for_each_set_user_flag
 .text.ble_srv_is_notification_enabled
                0x0002d578        0x8 _build/nrf52832_xxaa/ble_srv_common.c.o
                0x0002d578                ble_srv_is_notification_enabled
 .text.db_update_pending_handle
                0x0002d580       0xb4 _build/nrf52832_xxaa/gatt_cache_manager.c.o
 .text.local_db_apply_in_evt
                0x0002d634       0xb8 _build/nrf52832_xxaa/gatt_cache_manager.c.o
 .text.sc_send_pending_handle
                0x0002d6ec       0xe0 _build/nrf52832_xxaa/gatt_cache_manager.c.o
 .text.apply_pending_handle
                0x0002d7cc       0xb8 _build/nrf52832_xxaa/gatt_cache_manager.c.o
 .text.gcm_im_evt_handler
                0x0002d884       0x30 _build/nrf52832_xxaa/gatt_cache_manager.c.o
                0x0002d884                gcm_im_evt_handler
 .text.gcm_pdb_evt_handler
                0x0002d8b4       0xa8 _build/nrf52832_xxaa/gatt_cache_manager.c.o
                0x0002d8b4                gcm_pdb_evt_handler
 .text.gcm_init
                0x0002d95c       0x5c _build/nrf52832_xxaa/gatt_cache_manager.c.o
                0x0002d95c                gcm_init
 .text.gcm_ble_evt_handler
                0x0002d9b8       0xd8 _build/nrf52832_xxaa/gatt_cache_manager.c.o
                0x0002d9b8                gcm_ble_evt_handler
 .text.sd_ble_gatts_service_changed
                0x0002da90        0x4 _build/nrf52832_xxaa/gatts_cache_manager.c.o
 .text.sd_ble_gatts_sys_attr_set
                0x0002da94        0x4 _build/nrf52832_xxaa/gatts_cache_manager.c.o
 .text.sd_ble_gatts_sys_attr_get
                0x0002da98        0x4 _build/nrf52832_xxaa/gatts_cache_manager.c.o
 .text.sd_ble_gatts_initial_user_handle_get
                0x0002da9c        0x4 _build/nrf52832_xxaa/gatts_cache_manager.c.o
 .text.gscm_pdb_evt_handler
                0x0002daa0       0x58 _build/nrf52832_xxaa/gatts_cache_manager.c.o
                0x0002daa0                gscm_pdb_evt_handler
 .text.gscm_init
                0x0002daf8       0x10 _build/nrf52832_xxaa/gatts_cache_manager.c.o
                0x0002daf8                gscm_init
 .text.gscm_local_db_cache_update
                0x0002db08       0x98 _build/nrf52832_xxaa/gatts_cache_manager.c.o
                0x0002db08                gscm_local_db_cache_update
 .text.gscm_local_db_cache_apply
                0x0002dba0       0x84 _build/nrf52832_xxaa/gatts_cache_manager.c.o
                0x0002dba0                gscm_local_db_cache_apply
 .text.gscm_service_changed_ind_needed
                0x0002dc24       0x2c _build/nrf52832_xxaa/gatts_cache_manager.c.o
                0x0002dc24                gscm_service_changed_ind_needed
 .text.gscm_service_changed_ind_send
                0x0002dc50       0x38 _build/nrf52832_xxaa/gatts_cache_manager.c.o
                0x0002dc50                gscm_service_changed_ind_send
 .text.gscm_db_change_notification_done
                0x0002dc88       0x24 _build/nrf52832_xxaa/gatts_cache_manager.c.o
                0x0002dc88                gscm_db_change_notification_done
 .text.sd_ecb_block_encrypt
                0x0002dcac        0x4 _build/nrf52832_xxaa/id_manager.c.o
 .text.im_ble_evt_handler
                0x0002dcb0      0x264 _build/nrf52832_xxaa/id_manager.c.o
                0x0002dcb0                im_ble_evt_handler
 .text.im_is_duplicate_bonding_data
                0x0002df14      0x11c _build/nrf52832_xxaa/id_manager.c.o
                0x0002df14                im_is_duplicate_bonding_data
 .text.im_find_duplicate_bonding_data
                0x0002e030       0x40 _build/nrf52832_xxaa/id_manager.c.o
                0x0002e030                im_find_duplicate_bonding_data
 .text.im_init  0x0002e070       0x34 _build/nrf52832_xxaa/id_manager.c.o
                0x0002e070                im_init
 .text.im_peer_id_get_by_conn_handle
                0x0002e0a4       0x40 _build/nrf52832_xxaa/id_manager.c.o
                0x0002e0a4                im_peer_id_get_by_conn_handle
 .text.im_ble_addr_get
                0x0002e0e4       0x50 _build/nrf52832_xxaa/id_manager.c.o
                0x0002e0e4                im_ble_addr_get
 .text.im_master_ids_compare
                0x0002e134       0x44 _build/nrf52832_xxaa/id_manager.c.o
                0x0002e134                im_master_ids_compare
 .text.im_peer_id_get_by_master_id
                0x0002e178       0xf4 _build/nrf52832_xxaa/id_manager.c.o
                0x0002e178                im_peer_id_get_by_master_id
 .text.im_conn_handle_get
                0x0002e26c       0x38 _build/nrf52832_xxaa/id_manager.c.o
                0x0002e26c                im_conn_handle_get
 .text.im_new_peer_id
                0x0002e2a4       0x3c _build/nrf52832_xxaa/id_manager.c.o
                0x0002e2a4                im_new_peer_id
 .text.im_peer_free
                0x0002e2e0       0x7c _build/nrf52832_xxaa/id_manager.c.o
                0x0002e2e0                im_peer_free
 .text.sd_ble_gap_data_length_update
                0x0002e35c        0x4 _build/nrf52832_xxaa/nrf_ble_gatt.c.o
 .text.sd_ble_gattc_exchange_mtu_request
                0x0002e360        0x4 _build/nrf52832_xxaa/nrf_ble_gatt.c.o
 .text.sd_ble_gatts_exchange_mtu_reply
                0x0002e364        0x4 _build/nrf52832_xxaa/nrf_ble_gatt.c.o
 .text.data_length_update.constprop.0
                0x0002e368       0x90 _build/nrf52832_xxaa/nrf_ble_gatt.c.o
 .text.nrf_ble_gatt_init
                0x0002e3f8       0x28 _build/nrf52832_xxaa/nrf_ble_gatt.c.o
                0x0002e3f8                nrf_ble_gatt_init
 .text.nrf_ble_gatt_on_ble_evt
                0x0002e420      0x1bc _build/nrf52832_xxaa/nrf_ble_gatt.c.o
                0x0002e420                nrf_ble_gatt_on_ble_evt
 .text.sd_ble_gatts_rw_authorize_reply
                0x0002e5dc        0x4 _build/nrf52832_xxaa/nrf_ble_qwr.c.o
 .text.sd_ble_user_mem_reply
                0x0002e5e0        0x4 _build/nrf52832_xxaa/nrf_ble_qwr.c.o
 .text.nrf_ble_qwr_init
                0x0002e5e4       0x24 _build/nrf52832_xxaa/nrf_ble_qwr.c.o
                0x0002e5e4                nrf_ble_qwr_init
 .text.nrf_ble_qwr_conn_handle_assign
                0x0002e608       0x18 _build/nrf52832_xxaa/nrf_ble_qwr.c.o
                0x0002e608                nrf_ble_qwr_conn_handle_assign
 .text.nrf_ble_qwr_on_ble_evt
                0x0002e620       0xf4 _build/nrf52832_xxaa/nrf_ble_qwr.c.o
                0x0002e620                nrf_ble_qwr_on_ble_evt
 .text.peer_data_delete_process
                0x0002e714       0x94 _build/nrf52832_xxaa/peer_data_storage.c.o
 .text.fds_evt_handler
                0x0002e7a8       0xf4 _build/nrf52832_xxaa/peer_data_storage.c.o
 .text.pds_init
                0x0002e89c       0x70 _build/nrf52832_xxaa/peer_data_storage.c.o
                0x0002e89c                pds_init
 .text.pds_peer_data_read
                0x0002e90c       0x8c _build/nrf52832_xxaa/peer_data_storage.c.o
                0x0002e90c                pds_peer_data_read
 .text.pds_peer_data_iterate_prepare
                0x0002e998       0x10 _build/nrf52832_xxaa/peer_data_storage.c.o
                0x0002e998                pds_peer_data_iterate_prepare
 .text.pds_peer_data_iterate
                0x0002e9a8       0x58 _build/nrf52832_xxaa/peer_data_storage.c.o
                0x0002e9a8                pds_peer_data_iterate
 .text.pds_space_reserve
                0x0002ea00       0x30 _build/nrf52832_xxaa/peer_data_storage.c.o
                0x0002ea00                pds_space_reserve
 .text.pds_space_reserve_cancel
                0x0002ea30       0x18 _build/nrf52832_xxaa/peer_data_storage.c.o
                0x0002ea30                pds_space_reserve_cancel
 .text.pds_peer_data_store
                0x0002ea48       0xc4 _build/nrf52832_xxaa/peer_data_storage.c.o
                0x0002ea48                pds_peer_data_store
 .text.pds_peer_id_allocate
                0x0002eb0c        0x8 _build/nrf52832_xxaa/peer_data_storage.c.o
                0x0002eb0c                pds_peer_id_allocate
 .text.pds_peer_id_free
                0x0002eb14       0x18 _build/nrf52832_xxaa/peer_data_storage.c.o
                0x0002eb14                pds_peer_id_free
 .text.pds_peer_id_is_allocated
                0x0002eb2c        0x4 _build/nrf52832_xxaa/peer_data_storage.c.o
                0x0002eb2c                pds_peer_id_is_allocated
 .text.pds_next_peer_id_get
                0x0002eb30        0x4 _build/nrf52832_xxaa/peer_data_storage.c.o
                0x0002eb30                pds_next_peer_id_get
 .text.pds_next_deleted_peer_id_get
                0x0002eb34        0x4 _build/nrf52832_xxaa/peer_data_storage.c.o
                0x0002eb34                pds_next_deleted_peer_id_get
 .text.write_buf_store
                0x0002eb38       0xcc _build/nrf52832_xxaa/peer_database.c.o
                0x0002eb38                write_buf_store
 .text.pdb_pds_evt_handler
                0x0002ec04      0x174 _build/nrf52832_xxaa/peer_database.c.o
                0x0002ec04                pdb_pds_evt_handler
 .text.pdb_init
                0x0002ed78       0x68 _build/nrf52832_xxaa/peer_database.c.o
                0x0002ed78                pdb_init
 .text.pdb_peer_allocate
                0x0002ede0        0x4 _build/nrf52832_xxaa/peer_database.c.o
                0x0002ede0                pdb_peer_allocate
 .text.pdb_peer_free
                0x0002ede4      0x124 _build/nrf52832_xxaa/peer_database.c.o
                0x0002ede4                pdb_peer_free
 .text.pdb_peer_data_ptr_get
                0x0002ef08        0x8 _build/nrf52832_xxaa/peer_database.c.o
                0x0002ef08                pdb_peer_data_ptr_get
 .text.pdb_write_buf_get
                0x0002ef10      0x14c _build/nrf52832_xxaa/peer_database.c.o
                0x0002ef10                pdb_write_buf_get
 .text.pdb_write_buf_release
                0x0002f05c       0xa0 _build/nrf52832_xxaa/peer_database.c.o
                0x0002f05c                pdb_write_buf_release
 .text.pdb_write_buf_store_prepare
                0x0002f0fc       0x9c _build/nrf52832_xxaa/peer_database.c.o
                0x0002f0fc                pdb_write_buf_store_prepare
 .text.pdb_write_buf_store
                0x0002f198       0x64 _build/nrf52832_xxaa/peer_database.c.o
                0x0002f198                pdb_write_buf_store
 .text.pdb_next_peer_id_get
                0x0002f1fc        0x4 _build/nrf52832_xxaa/peer_database.c.o
                0x0002f1fc                pdb_next_peer_id_get
 .text.pdb_next_deleted_peer_id_get
                0x0002f200        0x4 _build/nrf52832_xxaa/peer_database.c.o
                0x0002f200                pdb_next_deleted_peer_id_get
 .text.pdb_peer_data_load
                0x0002f204       0x14 _build/nrf52832_xxaa/peer_database.c.o
                0x0002f204                pdb_peer_data_load
 .text.pdb_raw_store
                0x0002f218        0x8 _build/nrf52832_xxaa/peer_database.c.o
                0x0002f218                pdb_raw_store
 .text.peer_id_init
                0x0002f220       0x2c _build/nrf52832_xxaa/peer_id.c.o
                0x0002f220                peer_id_init
 .text.peer_id_allocate
                0x0002f24c       0x3c _build/nrf52832_xxaa/peer_id.c.o
                0x0002f24c                peer_id_allocate
 .text.peer_id_delete
                0x0002f288       0x24 _build/nrf52832_xxaa/peer_id.c.o
                0x0002f288                peer_id_delete
 .text.peer_id_free
                0x0002f2ac       0x28 _build/nrf52832_xxaa/peer_id.c.o
                0x0002f2ac                peer_id_free
 .text.peer_id_is_allocated
                0x0002f2d4       0x14 _build/nrf52832_xxaa/peer_id.c.o
                0x0002f2d4                peer_id_is_allocated
 .text.peer_id_get_next_used
                0x0002f2e8       0x70 _build/nrf52832_xxaa/peer_id.c.o
                0x0002f2e8                peer_id_get_next_used
 .text.peer_id_get_next_deleted
                0x0002f358       0x40 _build/nrf52832_xxaa/peer_id.c.o
                0x0002f358                peer_id_get_next_deleted
 .text.ble_evt_handler
                0x0002f398       0x24 _build/nrf52832_xxaa/peer_manager.c.o
 .text.pm_peer_ranks_get.part.0
                0x0002f3bc       0xc0 _build/nrf52832_xxaa/peer_manager.c.o
 .text.pm_pdb_evt_handler
                0x0002f47c      0x254 _build/nrf52832_xxaa/peer_manager.c.o
                0x0002f47c                pm_pdb_evt_handler
 .text.pm_sm_evt_handler
                0x0002f6d0       0x2c _build/nrf52832_xxaa/peer_manager.c.o
                0x0002f6d0                pm_sm_evt_handler
 .text.pm_gcm_evt_handler
                0x0002f6fc       0x28 _build/nrf52832_xxaa/peer_manager.c.o
                0x0002f6fc                pm_gcm_evt_handler
 .text.pm_im_evt_handler
                0x0002f724       0x28 _build/nrf52832_xxaa/peer_manager.c.o
                0x0002f724                pm_im_evt_handler
 .text.pm_init  0x0002f74c       0x58 _build/nrf52832_xxaa/peer_manager.c.o
                0x0002f74c                pm_init
 .text.pm_register
                0x0002f7a4       0x38 _build/nrf52832_xxaa/peer_manager.c.o
                0x0002f7a4                pm_register
 .text.pm_sec_params_set
                0x0002f7dc       0x14 _build/nrf52832_xxaa/peer_manager.c.o
                0x0002f7dc                pm_sec_params_set
 .text.pm_conn_sec_config_reply
                0x0002f7f0        0x8 _build/nrf52832_xxaa/peer_manager.c.o
                0x0002f7f0                pm_conn_sec_config_reply
 .text.pm_peers_delete
                0x0002f7f8       0xa0 _build/nrf52832_xxaa/peer_manager.c.o
                0x0002f7f8                pm_peers_delete
 .text.pm_buffer_init
                0x0002f898       0x3c _build/nrf52832_xxaa/pm_buffer.c.o
                0x0002f898                pm_buffer_init
 .text.pm_buffer_block_acquire
                0x0002f8d4       0x9c _build/nrf52832_xxaa/pm_buffer.c.o
                0x0002f8d4                pm_buffer_block_acquire
 .text.pm_buffer_ptr_get
                0x0002f970       0x2c _build/nrf52832_xxaa/pm_buffer.c.o
                0x0002f970                pm_buffer_ptr_get
 .text.pm_buffer_release
                0x0002f99c       0x34 _build/nrf52832_xxaa/pm_buffer.c.o
                0x0002f99c                pm_buffer_release
 .text.pm_mutex_init
                0x0002f9d0       0x10 _build/nrf52832_xxaa/pm_mutex.c.o
                0x0002f9d0                pm_mutex_init
 .text.pm_mutex_lock
                0x0002f9e0       0x5c _build/nrf52832_xxaa/pm_mutex.c.o
                0x0002f9e0                pm_mutex_lock
 .text.pm_mutex_unlock
                0x0002fa3c       0x44 _build/nrf52832_xxaa/pm_mutex.c.o
                0x0002fa3c                pm_mutex_unlock
 .text.pm_mutex_lock_first_available
                0x0002fa80       0x78 _build/nrf52832_xxaa/pm_mutex.c.o
                0x0002fa80                pm_mutex_lock_first_available
 .text.pm_mutex_lock_status_get
                0x0002faf8       0x20 _build/nrf52832_xxaa/pm_mutex.c.o
                0x0002faf8                pm_mutex_lock_status_get
 .text.sd_ble_gap_authenticate
                0x0002fb18        0x4 _build/nrf52832_xxaa/security_dispatcher.c.o
 .text.sd_ble_gap_sec_params_reply
                0x0002fb1c        0x4 _build/nrf52832_xxaa/security_dispatcher.c.o
 .text.sd_ble_gap_sec_info_reply
                0x0002fb20        0x4 _build/nrf52832_xxaa/security_dispatcher.c.o
 .text.pairing_failure
                0x0002fb24       0xd8 _build/nrf52832_xxaa/security_dispatcher.c.o
 .text.smd_conn_sec_config_reply
                0x0002fbfc       0x10 _build/nrf52832_xxaa/security_dispatcher.c.o
                0x0002fbfc                smd_conn_sec_config_reply
 .text.smd_init
                0x0002fc0c       0x98 _build/nrf52832_xxaa/security_dispatcher.c.o
                0x0002fc0c                smd_init
 .text.smd_params_reply
                0x0002fca4      0x1d0 _build/nrf52832_xxaa/security_dispatcher.c.o
                0x0002fca4                smd_params_reply
 .text.smd_link_secure
                0x0002fe74       0x28 _build/nrf52832_xxaa/security_dispatcher.c.o
                0x0002fe74                smd_link_secure
 .text.smd_ble_evt_handler
                0x0002fe9c      0x524 _build/nrf52832_xxaa/security_dispatcher.c.o
                0x0002fe9c                smd_ble_evt_handler
 .text.link_secure
                0x000303c0      0x1bc _build/nrf52832_xxaa/security_manager.c.o
 .text.link_secure_pending_handle
                0x0003057c       0x38 _build/nrf52832_xxaa/security_manager.c.o
 .text.smd_params_reply_perform
                0x000305b4      0x164 _build/nrf52832_xxaa/security_manager.c.o
 .text.params_reply_pending_handle
                0x00030718        0x8 _build/nrf52832_xxaa/security_manager.c.o
 .text.sm_smd_evt_handler
                0x00030720       0x5c _build/nrf52832_xxaa/security_manager.c.o
                0x00030720                sm_smd_evt_handler
 .text.sm_pdb_evt_handler
                0x0003077c       0x60 _build/nrf52832_xxaa/security_manager.c.o
                0x0003077c                sm_pdb_evt_handler
 .text.sm_init  0x000307dc       0xa4 _build/nrf52832_xxaa/security_manager.c.o
                0x000307dc                sm_init
 .text.sm_ble_evt_handler
                0x00030880       0x20 _build/nrf52832_xxaa/security_manager.c.o
                0x00030880                sm_ble_evt_handler
 .text.sm_sec_params_set
                0x000308a0       0x84 _build/nrf52832_xxaa/security_manager.c.o
                0x000308a0                sm_sec_params_set
 .text.sm_conn_sec_config_reply
                0x00030924        0x4 _build/nrf52832_xxaa/security_manager.c.o
                0x00030924                sm_conn_sec_config_reply
 .text.sd_softdevice_enable
                0x00030928        0x4 _build/nrf52832_xxaa/nrf_sdh.c.o
 .text.sd_softdevice_disable
                0x0003092c        0x4 _build/nrf52832_xxaa/nrf_sdh.c.o
 .text.nrf_sdh_enable_request
                0x00030930      0x124 _build/nrf52832_xxaa/nrf_sdh.c.o
                0x00030930                nrf_sdh_enable_request
 .text.nrf_sdh_disable_request
                0x00030a54       0xe4 _build/nrf52832_xxaa/nrf_sdh.c.o
                0x00030a54                nrf_sdh_disable_request
 .text.nrf_sdh_request_continue
                0x00030b38       0x20 _build/nrf52832_xxaa/nrf_sdh.c.o
                0x00030b38                nrf_sdh_request_continue
 .text.nrf_sdh_is_enabled
                0x00030b58        0xc _build/nrf52832_xxaa/nrf_sdh.c.o
                0x00030b58                nrf_sdh_is_enabled
 .text.SWI2_EGU2_IRQHandler
                0x00030b64       0x2c _build/nrf52832_xxaa/nrf_sdh.c.o
                0x00030b64                SWI2_EGU2_IRQHandler
 .text.sd_ble_enable
                0x00030b90        0x4 _build/nrf52832_xxaa/nrf_sdh_ble.c.o
 .text.sd_ble_cfg_set
                0x00030b94        0x4 _build/nrf52832_xxaa/nrf_sdh_ble.c.o
 .text.sd_ble_evt_get
                0x00030b98        0x4 _build/nrf52832_xxaa/nrf_sdh_ble.c.o
 .text.nrf_sdh_ble_evts_poll
                0x00030b9c       0x5c _build/nrf52832_xxaa/nrf_sdh_ble.c.o
 .text.nrf_sdh_ble_default_cfg_set
                0x00030bf8      0x168 _build/nrf52832_xxaa/nrf_sdh_ble.c.o
                0x00030bf8                nrf_sdh_ble_default_cfg_set
 .text.nrf_sdh_ble_enable
                0x00030d60       0x9c _build/nrf52832_xxaa/nrf_sdh_ble.c.o
                0x00030d60                nrf_sdh_ble_enable
 .text.sd_evt_get
                0x00030dfc        0x4 _build/nrf52832_xxaa/nrf_sdh_soc.c.o
 .text.nrf_sdh_soc_evts_poll
                0x00030e00       0x4c _build/nrf52832_xxaa/nrf_sdh_soc.c.o
 .text.exit     0x00030e4c       0x28 c:/program files (x86)/gnu tools arm embedded/9 2019-q4-major/bin/../lib/gcc/arm-none-eabi/9.2.1/../../../../arm-none-eabi/lib/thumb/v7e-m+fp/hard\libc_nano.a(lib_a-exit.o)
                0x00030e4c                exit
 .text.__libc_init_array
                0x00030e74       0x48 c:/program files (x86)/gnu tools arm embedded/9 2019-q4-major/bin/../lib/gcc/arm-none-eabi/9.2.1/../../../../arm-none-eabi/lib/thumb/v7e-m+fp/hard\libc_nano.a(lib_a-init.o)
                0x00030e74                __libc_init_array
 .text.memcmp   0x00030ebc       0x1c c:/program files (x86)/gnu tools arm embedded/9 2019-q4-major/bin/../lib/gcc/arm-none-eabi/9.2.1/../../../../arm-none-eabi/lib/thumb/v7e-m+fp/hard\libc_nano.a(lib_a-memcmp.o)
                0x00030ebc                memcmp
 .text.memcpy   0x00030ed8       0x1c c:/program files (x86)/gnu tools arm embedded/9 2019-q4-major/bin/../lib/gcc/arm-none-eabi/9.2.1/../../../../arm-none-eabi/lib/thumb/v7e-m+fp/hard\libc_nano.a(lib_a-memcpy-stub.o)
                0x00030ed8                memcpy
 .text.memset   0x00030ef4       0x10 c:/program files (x86)/gnu tools arm embedded/9 2019-q4-major/bin/../lib/gcc/arm-none-eabi/9.2.1/../../../../arm-none-eabi/lib/thumb/v7e-m+fp/hard\libc_nano.a(lib_a-memset.o)
                0x00030ef4                memset
 .text.strcpy   0x00030f04       0x10 c:/program files (x86)/gnu tools arm embedded/9 2019-q4-major/bin/../lib/gcc/arm-none-eabi/9.2.1/../../../../arm-none-eabi/lib/thumb/v7e-m+fp/hard\libc_nano.a(lib_a-strcpy.o)
                0x00030f04                strcpy
 .text          0x00030f14       0x10 c:/program files (x86)/gnu tools arm embedded/9 2019-q4-major/bin/../lib/gcc/arm-none-eabi/9.2.1/../../../../arm-none-eabi/lib/thumb/v7e-m+fp/hard\libc_nano.a(lib_a-strlen.o)
                0x00030f14                strlen
 .text._exit    0x00030f24        0x4 c:/program files (x86)/gnu tools arm embedded/9 2019-q4-major/bin/../lib/gcc/arm-none-eabi/9.2.1/../../../../arm-none-eabi/lib/thumb/v7e-m+fp/hard\libnosys.a(_exit.o)
                0x00030f24                _exit
 .text          0x00030f28       0x30 c:/program files (x86)/gnu tools arm embedded/9 2019-q4-major/bin/../lib/gcc/arm-none-eabi/9.2.1/thumb/v7e-m+fp/hard\libgcc.a(_aeabi_uldivmod.o)
                0x00030f28                __aeabi_uldivmod
 .text          0x00030f58      0x2c4 c:/program files (x86)/gnu tools arm embedded/9 2019-q4-major/bin/../lib/gcc/arm-none-eabi/9.2.1/thumb/v7e-m+fp/hard\libgcc.a(_udivmoddi4.o)
                0x00030f58                __udivmoddi4
 .text          0x0003121c        0x4 c:/program files (x86)/gnu tools arm embedded/9 2019-q4-major/bin/../lib/gcc/arm-none-eabi/9.2.1/thumb/v7e-m+fp/hard\libgcc.a(_dvmd_tls.o)
                0x0003121c                __aeabi_idiv0
                0x0003121c                __aeabi_ldiv0
 *(.init)
 .init          0x00031220        0x4 c:/program files (x86)/gnu tools arm embedded/9 2019-q4-major/bin/../lib/gcc/arm-none-eabi/9.2.1/thumb/v7e-m+fp/hard/crti.o
                0x00031220                _init
 .init          0x00031224        0x8 c:/program files (x86)/gnu tools arm embedded/9 2019-q4-major/bin/../lib/gcc/arm-none-eabi/9.2.1/thumb/v7e-m+fp/hard/crtn.o
 *(.fini)
 .fini          0x0003122c        0x4 c:/program files (x86)/gnu tools arm embedded/9 2019-q4-major/bin/../lib/gcc/arm-none-eabi/9.2.1/thumb/v7e-m+fp/hard/crti.o
                0x0003122c                _fini
 .fini          0x00031230        0x8 c:/program files (x86)/gnu tools arm embedded/9 2019-q4-major/bin/../lib/gcc/arm-none-eabi/9.2.1/thumb/v7e-m+fp/hard/crtn.o
 *crtbegin.o(.ctors)
 *crtbegin?.o(.ctors)
 *(EXCLUDE_FILE(*crtend.o *crtend?.o) .ctors)
 *(SORT_BY_NAME(.ctors.*))
 *(.ctors)
 *crtbegin.o(.dtors)
 *crtbegin?.o(.dtors)
 *(EXCLUDE_FILE(*crtend.o *crtend?.o) .dtors)
 *(SORT_BY_NAME(.dtors.*))
 *(.dtors)
 *(.rodata*)
 *fill*         0x00031238        0x8 
 .rodata.delay_bytecode.9079
                0x00031240        0x6 _build/nrf52832_xxaa/nrf_log_backend_rtt.c.o
 *fill*         0x00031246        0x2 
 .rodata.nrf_log_backend_rtt_api
                0x00031248        0xc _build/nrf52832_xxaa/nrf_log_backend_rtt.c.o
                0x00031248                nrf_log_backend_rtt_api
 .rodata.nrf_log_frontend_dequeue.str1.4
                0x00031254       0x11 _build/nrf52832_xxaa/nrf_log_frontend.c.o
 *fill*         0x00031265        0x3 
 .rodata.str1.4
                0x00031268       0x17 _build/nrf52832_xxaa/nrf_log_frontend.c.o
 *fill*         0x0003127f        0x1 
 .rodata.prefix_process.str1.4
                0x00031280       0x36 _build/nrf52832_xxaa/nrf_log_str_formatter.c.o
 .rodata.nrf_log_std_entry_process.str1.4
                0x000312b6       0x36 _build/nrf52832_xxaa/nrf_log_str_formatter.c.o
                                  0x3 (size before relaxing)
 *fill*         0x000312b6        0x2 
 .rodata.nrf_log_hexdump_entry_process.str1.4
                0x000312b8       0x13 _build/nrf52832_xxaa/nrf_log_str_formatter.c.o
                                 0x16 (size before relaxing)
 *fill*         0x000312cb        0x1 
 .rodata.str1.4
                0x000312cc       0x56 _build/nrf52832_xxaa/nrf_log_str_formatter.c.o
 *fill*         0x00031322        0x2 
 .rodata.m_colors
                0x00031324       0x24 _build/nrf52832_xxaa/nrf_log_str_formatter.c.o
 .rodata.severity_names
                0x00031348       0x14 _build/nrf52832_xxaa/nrf_log_str_formatter.c.o
 .rodata.m_detection_delay_timer_id
                0x0003135c        0x4 _build/nrf52832_xxaa/app_button.c.o
 .rodata.app_error_fault_handler.str1.4
                0x00031360       0x19 _build/nrf52832_xxaa/app_error_weak.c.o
 *fill*         0x00031379        0x7 
 .rodata.delay_bytecode.8808
                0x00031380        0x6 _build/nrf52832_xxaa/app_timer.c.o
 *fill*         0x00031386        0x2 
 .rodata.str1.4
                0x00031388        0xf _build/nrf52832_xxaa/fds.c.o
 *fill*         0x00031397        0x1 
 .rodata.dirty_header.9141
                0x00031398        0x4 _build/nrf52832_xxaa/fds.c.o
 .rodata.page_tag_data.9014
                0x0003139c        0x8 _build/nrf52832_xxaa/fds.c.o
 .rodata.page_tag_swap.9010
                0x000313a4        0x8 _build/nrf52832_xxaa/fds.c.o
 .rodata._aV2C.7510
                0x000313ac       0x10 _build/nrf52832_xxaa/nrf_fprintf_format.c.o
 .rodata.nrf_fstorage_init.str1.4
                0x000313bc       0x3a _build/nrf52832_xxaa/nrf_fstorage.c.o
 *fill*         0x000313f6        0x2 
 .rodata.nrf_fstorage_uninit.str1.4
                0x000313f8        0xc _build/nrf52832_xxaa/nrf_fstorage.c.o
 .rodata.nrf_fstorage_read.str1.4
                0x00031404       0x4a _build/nrf52832_xxaa/nrf_fstorage.c.o
 *fill*         0x0003144e        0x2 
 .rodata.nrf_fstorage_write.str1.4
                0x00031450       0x97 _build/nrf52832_xxaa/nrf_fstorage.c.o
 *fill*         0x000314e7        0x1 
 .rodata.nrf_fstorage_erase.str1.4
                0x000314e8       0x77 _build/nrf52832_xxaa/nrf_fstorage.c.o
 *fill*         0x0003155f        0x1 
 .rodata.str1.4
                0x00031560        0xd _build/nrf52832_xxaa/nrf_fstorage.c.o
 *fill*         0x0003156d        0x3 
 .rodata.__func__.7688
                0x00031570       0x12 _build/nrf52832_xxaa/nrf_fstorage.c.o
 *fill*         0x00031582        0x2 
 .rodata.__func__.7709
                0x00031584       0x13 _build/nrf52832_xxaa/nrf_fstorage.c.o
 *fill*         0x00031597        0x1 
 .rodata.__func__.7716
                0x00031598       0x13 _build/nrf52832_xxaa/nrf_fstorage.c.o
 *fill*         0x000315ab        0x1 
 .rodata.str1.4
                0x000315ac        0xe _build/nrf52832_xxaa/nrf_fstorage_sd.c.o
 *fill*         0x000315ba        0x2 
 .rodata.m_flash_info
                0x000315bc        0xc _build/nrf52832_xxaa/nrf_fstorage_sd.c.o
 .rodata.nrf_fstorage_sd
                0x000315c8       0x20 _build/nrf52832_xxaa/nrf_fstorage_sd.c.o
                0x000315c8                nrf_fstorage_sd
 .rodata.str1.4
                0x000315e8        0x9 _build/nrf52832_xxaa/nrf_pwr_mgmt.c.o
 *fill*         0x000315f1        0x3 
 .rodata.pwr_mgmt_data
                0x000315f4        0xc _build/nrf52832_xxaa/nrf_pwr_mgmt.c.o
 .rodata.str1.4
                0x00031600      0x3e9 _build/nrf52832_xxaa/nrf_strerror.c.o
 *fill*         0x000319e9        0x3 
 .rodata.m_unknown_str
                0x000319ec       0x13 _build/nrf52832_xxaa/nrf_strerror.c.o
 *fill*         0x000319ff        0x1 
 .rodata.nrf_strerror_array
                0x00031a00      0x128 _build/nrf52832_xxaa/nrf_strerror.c.o
 .rodata.m_board_btn_list
                0x00031b28        0x4 _build/nrf52832_xxaa/boards.c.o
 .rodata.m_board_led_list
                0x00031b2c        0x4 _build/nrf52832_xxaa/boards.c.o
 .rodata.str1.4
                0x00031b30        0x6 _build/nrf52832_xxaa/nrf_drv_clock.c.o
 *fill*         0x00031b36        0x2 
 .rodata.str1.4
                0x00031b38        0x6 _build/nrf52832_xxaa/nrfx_clock.c.o
 *fill*         0x00031b3e        0x2 
 .rodata.str1.4
                0x00031b40        0x7 _build/nrf52832_xxaa/nrfx_gpiote.c.o
 *fill*         0x00031b47        0x1 
 .rodata.str1.4
                0x00031b48        0x4 _build/nrf52832_xxaa/nrfx_prs.c.o
 .rodata.str1.4
                0x00031b4c        0x5 _build/nrf52832_xxaa/nrfx_uart.c.o
 *fill*         0x00031b51        0x3 
 .rodata.str1.4
                0x00031b54        0x6 _build/nrf52832_xxaa/nrfx_uarte.c.o
 *fill*         0x00031b5a        0x2 
 .rodata.app_buttons
                0x00031b5c       0x20 _build/nrf52832_xxaa/bsp.c.o
 .rodata.m_bsp_alert_tmr
                0x00031b7c        0x4 _build/nrf52832_xxaa/bsp.c.o
 .rodata.m_bsp_button_tmr
                0x00031b80        0x4 _build/nrf52832_xxaa/bsp.c.o
 .rodata.m_bsp_leds_tmr
                0x00031b84        0x4 _build/nrf52832_xxaa/bsp.c.o
 .rodata.ble_evt_handler.str1.4
                0x00031b88       0x1b _build/nrf52832_xxaa/main.c.o
 *fill*         0x00031ba3        0x1 
 .rodata.pm_evt_handler.str1.4
                0x00031ba4       0x6c _build/nrf52832_xxaa/main.c.o
 .rodata.on_adv_evt.str1.4
                0x00031c10       0x12 _build/nrf52832_xxaa/main.c.o
 *fill*         0x00031c22        0x2 
 .rodata.main.str1.4
                0x00031c24       0x39 _build/nrf52832_xxaa/main.c.o
 *fill*         0x00031c5d        0x3 
 .rodata.m_notification_timer_id
                0x00031c60        0x4 _build/nrf52832_xxaa/main.c.o
 .rodata.ble_cus_on_ble_evt.str1.4
                0x00031c64       0x26 _build/nrf52832_xxaa/ble_cus.c.o
 *fill*         0x00031c8a        0x2 
 .rodata.ble_cus_custom_value_update.str1.4
                0x00031c8c       0x79 _build/nrf52832_xxaa/ble_cus.c.o
 *fill*         0x00031d05        0x3 
 .rodata        0x00031d08       0x10 _build/nrf52832_xxaa/ble_cus.c.o
 .rodata.SEGGER_RTT_ReadNoLock.str1.4
                0x00031d18       0x17 _build/nrf52832_xxaa/SEGGER_RTT.c.o
 *fill*         0x00031d2f        0x1 
 .rodata        0x00031d30       0x10 _build/nrf52832_xxaa/gatts_cache_manager.c.o
 .rodata.service_changed_pending.10033
                0x00031d40        0x4 _build/nrf52832_xxaa/gatts_cache_manager.c.o
 .rodata.service_changed_pending.10089
                0x00031d44        0x4 _build/nrf52832_xxaa/gatts_cache_manager.c.o
 .rodata.data_length_update.constprop.0.str1.4
                0x00031d48       0xe2 _build/nrf52832_xxaa/nrf_ble_gatt.c.o
 *fill*         0x00031e2a        0x2 
 .rodata.nrf_ble_gatt_on_ble_evt.str1.4
                0x00031e2c       0x63 _build/nrf52832_xxaa/nrf_ble_gatt.c.o
 *fill*         0x00031e8f        0x1 
 .rodata.str1.4
                0x00031e90        0xd _build/nrf52832_xxaa/nrf_ble_gatt.c.o
 *fill*         0x00031e9d        0x3 
 .rodata.CSWTCH.24
                0x00031ea0       0x28 _build/nrf52832_xxaa/peer_data_storage.c.o
 .rodata.str1.4
                0x00031ec8        0x8 _build/nrf52832_xxaa/nrf_sdh.c.o
 .rodata        0x00031ed0        0x4 _build/nrf52832_xxaa/nrf_sdh.c.o
 .rodata.sdh_req_observers
                0x00031ed4        0xc _build/nrf52832_xxaa/nrf_sdh.c.o
 .rodata.sdh_stack_observers
                0x00031ee0        0xc _build/nrf52832_xxaa/nrf_sdh.c.o
 .rodata.sdh_state_observers
                0x00031eec        0xc _build/nrf52832_xxaa/nrf_sdh.c.o
 .rodata.nrf_sdh_ble_default_cfg_set.str1.4
                0x00031ef8      0x187 _build/nrf52832_xxaa/nrf_sdh_ble.c.o
 *fill*         0x0003207f        0x1 
 .rodata.nrf_sdh_ble_enable.str1.4
                0x00032080       0xad _build/nrf52832_xxaa/nrf_sdh_ble.c.o
 *fill*         0x0003212d        0x3 
 .rodata.str1.4
                0x00032130        0xc _build/nrf52832_xxaa/nrf_sdh_ble.c.o
 .rodata.sdh_ble_observers
                0x0003213c        0xc _build/nrf52832_xxaa/nrf_sdh_ble.c.o
 .rodata.str1.4
                0x00032148        0xc _build/nrf52832_xxaa/nrf_sdh_soc.c.o
 .rodata.sdh_soc_observers
                0x00032154        0xc _build/nrf52832_xxaa/nrf_sdh_soc.c.o
 .rodata._ctype_
                0x00032160      0x101 c:/program files (x86)/gnu tools arm embedded/9 2019-q4-major/bin/../lib/gcc/arm-none-eabi/9.2.1/../../../../arm-none-eabi/lib/thumb/v7e-m+fp/hard\libc_nano.a(lib_a-ctype_.o)
                0x00032160                _ctype_
 *fill*         0x00032261        0x3 
 .rodata._global_impure_ptr
                0x00032264        0x4 c:/program files (x86)/gnu tools arm embedded/9 2019-q4-major/bin/../lib/gcc/arm-none-eabi/9.2.1/../../../../arm-none-eabi/lib/thumb/v7e-m+fp/hard\libc_nano.a(lib_a-impure.o)
                0x00032264                _global_impure_ptr
 *(.eh_frame*)
 .eh_frame      0x00032268        0x0 c:/program files (x86)/gnu tools arm embedded/9 2019-q4-major/bin/../lib/gcc/arm-none-eabi/9.2.1/thumb/v7e-m+fp/hard/crtbegin.o
 .eh_frame      0x00032268        0x4 c:/program files (x86)/gnu tools arm embedded/9 2019-q4-major/bin/../lib/gcc/arm-none-eabi/9.2.1/thumb/v7e-m+fp/hard/crtend.o

.glue_7         0x0003226c        0x0
 .glue_7        0x0003226c        0x0 linker stubs

.glue_7t        0x0003226c        0x0
 .glue_7t       0x0003226c        0x0 linker stubs

.vfp11_veneer   0x0003226c        0x0
 .vfp11_veneer  0x0003226c        0x0 linker stubs

.v4_bx          0x0003226c        0x0
 .v4_bx         0x0003226c        0x0 linker stubs

.iplt           0x0003226c        0x0
 .iplt          0x0003226c        0x0 c:/program files (x86)/gnu tools arm embedded/9 2019-q4-major/bin/../lib/gcc/arm-none-eabi/9.2.1/thumb/v7e-m+fp/hard/crtbegin.o

.mem_section_dummy_rom

.sdh_soc_observers
                0x0003226c       0x18
                0x0003226c                PROVIDE (__start_sdh_soc_observers = .)
 *(SORT_BY_NAME(.sdh_soc_observers*))
 .sdh_soc_observers0
                0x0003226c        0x8 _build/nrf52832_xxaa/nrf_fstorage_sd.c.o
 .sdh_soc_observers0
                0x00032274        0x8 _build/nrf52832_xxaa/nrf_drv_clock.c.o
 .sdh_soc_observers1
                0x0003227c        0x8 _build/nrf52832_xxaa/main.c.o
                0x00032284                PROVIDE (__stop_sdh_soc_observers = .)

.pwr_mgmt_data  0x00032284        0x0
                0x00032284                PROVIDE (__start_pwr_mgmt_data = .)
 *(SORT_BY_NAME(.pwr_mgmt_data*))
                0x00032284                PROVIDE (__stop_pwr_mgmt_data = .)

.sdh_ble_observers
                0x00032284       0x48
                0x00032284                PROVIDE (__start_sdh_ble_observers = .)
 *(SORT_BY_NAME(.sdh_ble_observers*))
 .sdh_ble_observers0
                0x00032284        0x8 _build/nrf52832_xxaa/ble_conn_state.c.o
 .sdh_ble_observers1
                0x0003228c        0x8 _build/nrf52832_xxaa/bsp_btn_ble.c.o
 .sdh_ble_observers1
                0x00032294       0x10 _build/nrf52832_xxaa/main.c.o
 .sdh_ble_observers1
                0x000322a4        0x8 _build/nrf52832_xxaa/ble_conn_params.c.o
 .sdh_ble_observers1
                0x000322ac        0x8 _build/nrf52832_xxaa/peer_manager.c.o
 .sdh_ble_observers2
                0x000322b4       0x10 _build/nrf52832_xxaa/main.c.o
 .sdh_ble_observers3
                0x000322c4        0x8 _build/nrf52832_xxaa/main.c.o
                0x000322cc                PROVIDE (__stop_sdh_ble_observers = .)

.log_const_data
                0x000322cc       0x80
                0x000322cc                PROVIDE (__start_log_const_data = .)
 *(SORT_BY_NAME(.log_const_data*))
 .log_const_data_CLOCK
                0x000322cc        0x8 _build/nrf52832_xxaa/nrfx_clock.c.o
                0x000322cc                m_nrf_log_CLOCK_logs_data_const
 .log_const_data_GPIOTE
                0x000322d4        0x8 _build/nrf52832_xxaa/nrfx_gpiote.c.o
                0x000322d4                m_nrf_log_GPIOTE_logs_data_const
 .log_const_data_PRS
                0x000322dc        0x8 _build/nrf52832_xxaa/nrfx_prs.c.o
                0x000322dc                m_nrf_log_PRS_logs_data_const
 .log_const_data_UART
                0x000322e4        0x8 _build/nrf52832_xxaa/nrfx_uart.c.o
                0x000322e4                m_nrf_log_UART_logs_data_const
 .log_const_data_UARTE
                0x000322ec        0x8 _build/nrf52832_xxaa/nrfx_uarte.c.o
                0x000322ec                m_nrf_log_UARTE_logs_data_const
 .log_const_data_app
                0x000322f4        0x8 _build/nrf52832_xxaa/nrf_log_frontend.c.o
                0x000322f4                m_nrf_log_app_logs_data_const
 .log_const_data_atfifo_m_fifo
                0x000322fc        0x8 _build/nrf52832_xxaa/nrf_fstorage_sd.c.o
                0x000322fc                m_nrf_log_atfifo_m_fifo_logs_data_const
 .log_const_data_atfifo_m_queue
                0x00032304        0x8 _build/nrf52832_xxaa/fds.c.o
                0x00032304                m_nrf_log_atfifo_m_queue_logs_data_const
 .log_const_data_balloc_log_mempool
                0x0003230c        0x8 _build/nrf52832_xxaa/nrf_log_frontend.c.o
                0x0003230c                m_nrf_log_balloc_log_mempool_logs_data_const
 .log_const_data_clock
                0x00032314        0x8 _build/nrf52832_xxaa/nrf_drv_clock.c.o
                0x00032314                m_nrf_log_clock_logs_data_const
 .log_const_data_nrf_ble_gatt
                0x0003231c        0x8 _build/nrf52832_xxaa/nrf_ble_gatt.c.o
                0x0003231c                m_nrf_log_nrf_ble_gatt_logs_data_const
 .log_const_data_nrf_fstorage
                0x00032324        0x8 _build/nrf52832_xxaa/nrf_fstorage.c.o
                0x00032324                m_nrf_log_nrf_fstorage_logs_data_const
 .log_const_data_nrf_sdh
                0x0003232c        0x8 _build/nrf52832_xxaa/nrf_sdh.c.o
                0x0003232c                m_nrf_log_nrf_sdh_logs_data_const
 .log_const_data_nrf_sdh_ble
                0x00032334        0x8 _build/nrf52832_xxaa/nrf_sdh_ble.c.o
                0x00032334                m_nrf_log_nrf_sdh_ble_logs_data_const
 .log_const_data_nrf_sdh_soc
                0x0003233c        0x8 _build/nrf52832_xxaa/nrf_sdh_soc.c.o
                0x0003233c                m_nrf_log_nrf_sdh_soc_logs_data_const
 .log_const_data_pwr_mgmt
                0x00032344        0x8 _build/nrf52832_xxaa/nrf_pwr_mgmt.c.o
                0x00032344                m_nrf_log_pwr_mgmt_logs_data_const
                0x0003234c                PROVIDE (__stop_log_const_data = .)

.nrf_balloc     0x0003234c       0x18
                [!provide]                PROVIDE (__start_nrf_balloc = .)
 *(.nrf_balloc)
 .nrf_balloc    0x0003234c       0x18 _build/nrf52832_xxaa/nrf_log_frontend.c.o
                0x0003234c                log_mempool
                [!provide]                PROVIDE (__stop_nrf_balloc = .)

.sdh_state_observers
                0x00032364       0x10
                0x00032364                PROVIDE (__start_sdh_state_observers = .)
 *(SORT_BY_NAME(.sdh_state_observers*))
 .sdh_state_observers0
                0x00032364        0x8 _build/nrf52832_xxaa/nrf_fstorage_sd.c.o
 .sdh_state_observers0
                0x0003236c        0x8 _build/nrf52832_xxaa/nrf_drv_clock.c.o
                0x00032374                PROVIDE (__stop_sdh_state_observers = .)

.sdh_stack_observers
                0x00032374       0x10
                0x00032374                PROVIDE (__start_sdh_stack_observers = .)
 *(SORT_BY_NAME(.sdh_stack_observers*))
 .sdh_stack_observers0
                0x00032374        0x8 _build/nrf52832_xxaa/nrf_sdh_ble.c.o
 .sdh_stack_observers0
                0x0003237c        0x8 _build/nrf52832_xxaa/nrf_sdh_soc.c.o
                0x00032384                PROVIDE (__stop_sdh_stack_observers = .)

.sdh_req_observers
                0x00032384        0x8
                0x00032384                PROVIDE (__start_sdh_req_observers = .)
 *(SORT_BY_NAME(.sdh_req_observers*))
 .sdh_req_observers0
                0x00032384        0x8 _build/nrf52832_xxaa/nrf_fstorage_sd.c.o
                0x00032384                m_req_obs
                0x0003238c                PROVIDE (__stop_sdh_req_observers = .)

.nrf_queue      0x0003238c        0x0
                [!provide]                PROVIDE (__start_nrf_queue = .)
 *(.nrf_queue)
                [!provide]                PROVIDE (__stop_nrf_queue = .)

.cli_command    0x0003238c        0x0
                [!provide]                PROVIDE (__start_cli_command = .)
 *(.cli_command)
                [!provide]                PROVIDE (__stop_cli_command = .)

.crypto_data    0x0003238c        0x0
                [!provide]                PROVIDE (__start_crypto_data = .)
 *(SORT_BY_NAME(.crypto_data*))
                [!provide]                PROVIDE (__stop_crypto_data = .)

.ARM.extab
 *(.ARM.extab* .gnu.linkonce.armextab.*)
                0x0003238c                __exidx_start = .

.ARM.exidx      0x0003238c        0x8
 *(.ARM.exidx* .gnu.linkonce.armexidx.*)
 .ARM.exidx     0x0003238c        0x8 c:/program files (x86)/gnu tools arm embedded/9 2019-q4-major/bin/../lib/gcc/arm-none-eabi/9.2.1/../../../../arm-none-eabi/lib/thumb/v7e-m+fp/hard/crt0.o
 .ARM.exidx     0x00032394        0x0 c:/program files (x86)/gnu tools arm embedded/9 2019-q4-major/bin/../lib/gcc/arm-none-eabi/9.2.1/thumb/v7e-m+fp/hard\libgcc.a(_udivmoddi4.o)
                                  0x8 (size before relaxing)
                0x00032394                __exidx_end = .
                0x00032394                __etext = .

.rel.dyn        0x00032394        0x0
 .rel.iplt      0x00032394        0x0 c:/program files (x86)/gnu tools arm embedded/9 2019-q4-major/bin/../lib/gcc/arm-none-eabi/9.2.1/thumb/v7e-m+fp/hard/crtbegin.o

.data           0x20002220       0xb4 load address 0x00032394
                0x20002220                __data_start__ = .
 *(vtable)
 *(.data*)
 .data.rtt_log_backend
                0x20002220        0xc _build/nrf52832_xxaa/nrf_log_default_backends.c.o
 .data.m_queue_inst
                0x2000222c       0x14 _build/nrf52832_xxaa/fds.c.o
 .data.m_fifo_inst
                0x20002240       0x14 _build/nrf52832_xxaa/nrf_fstorage_sd.c.o
 .data.SystemCoreClock
                0x20002254        0x4 _build/nrf52832_xxaa/system_nrf52.c.o
                0x20002254                SystemCoreClock
 .data.m_adv_uuids
                0x20002258        0x4 _build/nrf52832_xxaa/main.c.o
 .data.m_conn_handle
                0x2000225c        0x2 _build/nrf52832_xxaa/main.c.o
 .data.m_flag_allow_repairing
                0x2000225e        0x1 _build/nrf52832_xxaa/security_dispatcher.c.o
 .data.m_flag_sec_proc
                0x2000225f        0x1 _build/nrf52832_xxaa/security_dispatcher.c.o
 .data.m_flag_sec_proc_bonding
                0x20002260        0x1 _build/nrf52832_xxaa/security_dispatcher.c.o
 .data.m_flag_sec_proc_new_peer
                0x20002261        0x1 _build/nrf52832_xxaa/security_dispatcher.c.o
 .data.m_flag_sec_proc_pairing
                0x20002262        0x1 _build/nrf52832_xxaa/security_dispatcher.c.o
 .data.m_flag_link_secure_force_repairing
                0x20002263        0x1 _build/nrf52832_xxaa/security_manager.c.o
 .data.m_flag_link_secure_null_params
                0x20002264        0x1 _build/nrf52832_xxaa/security_manager.c.o
 .data.m_flag_link_secure_pending_busy
                0x20002265        0x1 _build/nrf52832_xxaa/security_manager.c.o
 .data.m_flag_link_secure_pending_flash_full
                0x20002266        0x1 _build/nrf52832_xxaa/security_manager.c.o
 .data.m_flag_params_reply_pending_busy
                0x20002267        0x1 _build/nrf52832_xxaa/security_manager.c.o
 .data.m_flag_params_reply_pending_flash_full
                0x20002268        0x1 _build/nrf52832_xxaa/security_manager.c.o
 *fill*         0x20002269        0x3 
 .data.impure_data
                0x2000226c       0x60 c:/program files (x86)/gnu tools arm embedded/9 2019-q4-major/bin/../lib/gcc/arm-none-eabi/9.2.1/../../../../arm-none-eabi/lib/thumb/v7e-m+fp/hard\libc_nano.a(lib_a-impure.o)
                0x200022cc                . = ALIGN (0x4)
                0x200022cc                PROVIDE (__preinit_array_start = .)
 *(.preinit_array)
                0x200022cc                PROVIDE (__preinit_array_end = .)
                0x200022cc                . = ALIGN (0x4)
                0x200022cc                PROVIDE (__init_array_start = .)
 *(SORT_BY_NAME(.init_array.*))
 *(.init_array)
 .init_array    0x200022cc        0x4 c:/program files (x86)/gnu tools arm embedded/9 2019-q4-major/bin/../lib/gcc/arm-none-eabi/9.2.1/thumb/v7e-m+fp/hard/crtbegin.o
                0x200022d0                PROVIDE (__init_array_end = .)
                0x200022d0                . = ALIGN (0x4)
                [!provide]                PROVIDE (__fini_array_start = .)
 *(SORT_BY_NAME(.fini_array.*))
 *(.fini_array)
 .fini_array    0x200022d0        0x4 c:/program files (x86)/gnu tools arm embedded/9 2019-q4-major/bin/../lib/gcc/arm-none-eabi/9.2.1/thumb/v7e-m+fp/hard/crtbegin.o
                [!provide]                PROVIDE (__fini_array_end = .)
 *(.jcr*)
                0x200022d4                . = ALIGN (0x4)
                0x200022d4                __data_end__ = .
LOAD c:/program files (x86)/gnu tools arm embedded/9 2019-q4-major/bin/../lib/gcc/arm-none-eabi/9.2.1/thumb/v7e-m+fp/hard/crti.o
LOAD c:/program files (x86)/gnu tools arm embedded/9 2019-q4-major/bin/../lib/gcc/arm-none-eabi/9.2.1/thumb/v7e-m+fp/hard/crtbegin.o
LOAD c:/program files (x86)/gnu tools arm embedded/9 2019-q4-major/bin/../lib/gcc/arm-none-eabi/9.2.1/../../../../arm-none-eabi/lib/thumb/v7e-m+fp/hard/crt0.o
LOAD _build/nrf52832_xxaa/gcc_startup_nrf52.S.o
LOAD _build/nrf52832_xxaa/nrf_log_backend_rtt.c.o
LOAD _build/nrf52832_xxaa/nrf_log_backend_serial.c.o
LOAD _build/nrf52832_xxaa/nrf_log_backend_uart.c.o
LOAD _build/nrf52832_xxaa/nrf_log_default_backends.c.o
LOAD _build/nrf52832_xxaa/nrf_log_frontend.c.o
LOAD _build/nrf52832_xxaa/nrf_log_str_formatter.c.o
LOAD _build/nrf52832_xxaa/app_button.c.o
LOAD _build/nrf52832_xxaa/app_error.c.o
LOAD _build/nrf52832_xxaa/app_error_handler_gcc.c.o
LOAD _build/nrf52832_xxaa/app_error_weak.c.o
LOAD _build/nrf52832_xxaa/app_scheduler.c.o
LOAD _build/nrf52832_xxaa/app_timer.c.o
LOAD _build/nrf52832_xxaa/app_util_platform.c.o
LOAD _build/nrf52832_xxaa/crc16.c.o
LOAD _build/nrf52832_xxaa/fds.c.o
LOAD _build/nrf52832_xxaa/hardfault_implementation.c.o
LOAD _build/nrf52832_xxaa/nrf_assert.c.o
LOAD _build/nrf52832_xxaa/nrf_atfifo.c.o
LOAD _build/nrf52832_xxaa/nrf_atflags.c.o
LOAD _build/nrf52832_xxaa/nrf_atomic.c.o
LOAD _build/nrf52832_xxaa/nrf_balloc.c.o
LOAD _build/nrf52832_xxaa/nrf_fprintf.c.o
LOAD _build/nrf52832_xxaa/nrf_fprintf_format.c.o
LOAD _build/nrf52832_xxaa/nrf_fstorage.c.o
LOAD _build/nrf52832_xxaa/nrf_fstorage_sd.c.o
LOAD _build/nrf52832_xxaa/nrf_memobj.c.o
LOAD _build/nrf52832_xxaa/nrf_pwr_mgmt.c.o
LOAD _build/nrf52832_xxaa/nrf_section_iter.c.o
LOAD _build/nrf52832_xxaa/nrf_strerror.c.o
LOAD _build/nrf52832_xxaa/sensorsim.c.o
LOAD _build/nrf52832_xxaa/system_nrf52.c.o
LOAD _build/nrf52832_xxaa/boards.c.o
LOAD _build/nrf52832_xxaa/nrf_drv_clock.c.o
LOAD _build/nrf52832_xxaa/nrf_drv_uart.c.o
LOAD _build/nrf52832_xxaa/nrfx_clock.c.o
LOAD _build/nrf52832_xxaa/nrfx_gpiote.c.o
LOAD _build/nrf52832_xxaa/nrfx_power_clock.c.o
LOAD _build/nrf52832_xxaa/nrfx_prs.c.o
LOAD _build/nrf52832_xxaa/nrfx_uart.c.o
LOAD _build/nrf52832_xxaa/nrfx_uarte.c.o
LOAD _build/nrf52832_xxaa/bsp.c.o
LOAD _build/nrf52832_xxaa/bsp_btn_ble.c.o
LOAD _build/nrf52832_xxaa/main.c.o
LOAD _build/nrf52832_xxaa/ble_cus.c.o
LOAD _build/nrf52832_xxaa/SEGGER_RTT_Syscalls_GCC.c.o
LOAD _build/nrf52832_xxaa/SEGGER_RTT.c.o
LOAD _build/nrf52832_xxaa/SEGGER_RTT_printf.c.o
LOAD _build/nrf52832_xxaa/ble_advdata.c.o
LOAD _build/nrf52832_xxaa/ble_advertising.c.o
LOAD _build/nrf52832_xxaa/ble_conn_params.c.o
LOAD _build/nrf52832_xxaa/ble_conn_state.c.o
LOAD _build/nrf52832_xxaa/ble_srv_common.c.o
LOAD _build/nrf52832_xxaa/gatt_cache_manager.c.o
LOAD _build/nrf52832_xxaa/gatts_cache_manager.c.o
LOAD _build/nrf52832_xxaa/id_manager.c.o
LOAD _build/nrf52832_xxaa/nrf_ble_gatt.c.o
LOAD _build/nrf52832_xxaa/nrf_ble_qwr.c.o
LOAD _build/nrf52832_xxaa/peer_data_storage.c.o
LOAD _build/nrf52832_xxaa/peer_database.c.o
LOAD _build/nrf52832_xxaa/peer_id.c.o
LOAD _build/nrf52832_xxaa/peer_manager.c.o
LOAD _build/nrf52832_xxaa/pm_buffer.c.o
LOAD _build/nrf52832_xxaa/pm_mutex.c.o
LOAD _build/nrf52832_xxaa/security_dispatcher.c.o
LOAD _build/nrf52832_xxaa/security_manager.c.o
LOAD _build/nrf52832_xxaa/nrf_sdh.c.o
LOAD _build/nrf52832_xxaa/nrf_sdh_ble.c.o
LOAD _build/nrf52832_xxaa/nrf_sdh_soc.c.o
LOAD c:/program files (x86)/gnu tools arm embedded/9 2019-q4-major/bin/../lib/gcc/arm-none-eabi/9.2.1/../../../../arm-none-eabi/lib/thumb/v7e-m+fp/hard\libc_nano.a
LOAD c:/program files (x86)/gnu tools arm embedded/9 2019-q4-major/bin/../lib/gcc/arm-none-eabi/9.2.1/../../../../arm-none-eabi/lib/thumb/v7e-m+fp/hard\libnosys.a
LOAD c:/program files (x86)/gnu tools arm embedded/9 2019-q4-major/bin/../lib/gcc/arm-none-eabi/9.2.1/../../../../arm-none-eabi/lib/thumb/v7e-m+fp/hard\libm.a
START GROUP
LOAD c:/program files (x86)/gnu tools arm embedded/9 2019-q4-major/bin/../lib/gcc/arm-none-eabi/9.2.1/thumb/v7e-m+fp/hard\libgcc.a
LOAD c:/program files (x86)/gnu tools arm embedded/9 2019-q4-major/bin/../lib/gcc/arm-none-eabi/9.2.1/../../../../arm-none-eabi/lib/thumb/v7e-m+fp/hard\libg_nano.a
LOAD c:/program files (x86)/gnu tools arm embedded/9 2019-q4-major/bin/../lib/gcc/arm-none-eabi/9.2.1/../../../../arm-none-eabi/lib/thumb/v7e-m+fp/hard\libc_nano.a
END GROUP
START GROUP
LOAD c:/program files (x86)/gnu tools arm embedded/9 2019-q4-major/bin/../lib/gcc/arm-none-eabi/9.2.1/thumb/v7e-m+fp/hard\libgcc.a
LOAD c:/program files (x86)/gnu tools arm embedded/9 2019-q4-major/bin/../lib/gcc/arm-none-eabi/9.2.1/../../../../arm-none-eabi/lib/thumb/v7e-m+fp/hard\libc_nano.a
END GROUP
LOAD c:/program files (x86)/gnu tools arm embedded/9 2019-q4-major/bin/../lib/gcc/arm-none-eabi/9.2.1/thumb/v7e-m+fp/hard/crtend.o
LOAD c:/program files (x86)/gnu tools arm embedded/9 2019-q4-major/bin/../lib/gcc/arm-none-eabi/9.2.1/thumb/v7e-m+fp/hard/crtn.o
START GROUP
LOAD c:/program files (x86)/gnu tools arm embedded/9 2019-q4-major/bin/../lib/gcc/arm-none-eabi/9.2.1/thumb/v7e-m+fp/hard\libgcc.a
LOAD c:/program files (x86)/gnu tools arm embedded/9 2019-q4-major/bin/../lib/gcc/arm-none-eabi/9.2.1/../../../../arm-none-eabi/lib/thumb/v7e-m+fp/hard\libc.a
LOAD c:/program files (x86)/gnu tools arm embedded/9 2019-q4-major/bin/../lib/gcc/arm-none-eabi/9.2.1/../../../../arm-none-eabi/lib/thumb/v7e-m+fp/hard\libnosys.a
END GROUP

.igot.plt       0x200022d4        0x0 load address 0x00032448
 .igot.plt      0x200022d4        0x0 c:/program files (x86)/gnu tools arm embedded/9 2019-q4-major/bin/../lib/gcc/arm-none-eabi/9.2.1/thumb/v7e-m+fp/hard/crtbegin.o
                0x200022d4                . = ALIGN (0x4)

.mem_section_dummy_ram

.log_dynamic_data
                0x200022d4       0x40 load address 0x00032448
                0x200022d4                PROVIDE (__start_log_dynamic_data = .)
 *(SORT_BY_NAME(.log_dynamic_data*))
 .log_dynamic_data_CLOCK
                0x200022d4        0x4 _build/nrf52832_xxaa/nrfx_clock.c.o
                0x200022d4                m_nrf_log_CLOCK_logs_data_dynamic
 .log_dynamic_data_GPIOTE
                0x200022d8        0x4 _build/nrf52832_xxaa/nrfx_gpiote.c.o
                0x200022d8                m_nrf_log_GPIOTE_logs_data_dynamic
 .log_dynamic_data_PRS
                0x200022dc        0x4 _build/nrf52832_xxaa/nrfx_prs.c.o
                0x200022dc                m_nrf_log_PRS_logs_data_dynamic
 .log_dynamic_data_UART
                0x200022e0        0x4 _build/nrf52832_xxaa/nrfx_uart.c.o
                0x200022e0                m_nrf_log_UART_logs_data_dynamic
 .log_dynamic_data_UARTE
                0x200022e4        0x4 _build/nrf52832_xxaa/nrfx_uarte.c.o
                0x200022e4                m_nrf_log_UARTE_logs_data_dynamic
 .log_dynamic_data_app
                0x200022e8        0x4 _build/nrf52832_xxaa/nrf_log_frontend.c.o
                0x200022e8                m_nrf_log_app_logs_data_dynamic
 .log_dynamic_data_atfifo_m_fifo
                0x200022ec        0x4 _build/nrf52832_xxaa/nrf_fstorage_sd.c.o
                0x200022ec                m_nrf_log_atfifo_m_fifo_logs_data_dynamic
 .log_dynamic_data_atfifo_m_queue
                0x200022f0        0x4 _build/nrf52832_xxaa/fds.c.o
                0x200022f0                m_nrf_log_atfifo_m_queue_logs_data_dynamic
 .log_dynamic_data_balloc_log_mempool
                0x200022f4        0x4 _build/nrf52832_xxaa/nrf_log_frontend.c.o
                0x200022f4                m_nrf_log_balloc_log_mempool_logs_data_dynamic
 .log_dynamic_data_clock
                0x200022f8        0x4 _build/nrf52832_xxaa/nrf_drv_clock.c.o
                0x200022f8                m_nrf_log_clock_logs_data_dynamic
 .log_dynamic_data_nrf_ble_gatt
                0x200022fc        0x4 _build/nrf52832_xxaa/nrf_ble_gatt.c.o
                0x200022fc                m_nrf_log_nrf_ble_gatt_logs_data_dynamic
 .log_dynamic_data_nrf_fstorage
                0x20002300        0x4 _build/nrf52832_xxaa/nrf_fstorage.c.o
                0x20002300                m_nrf_log_nrf_fstorage_logs_data_dynamic
 .log_dynamic_data_nrf_sdh
                0x20002304        0x4 _build/nrf52832_xxaa/nrf_sdh.c.o
                0x20002304                m_nrf_log_nrf_sdh_logs_data_dynamic
 .log_dynamic_data_nrf_sdh_ble
                0x20002308        0x4 _build/nrf52832_xxaa/nrf_sdh_ble.c.o
                0x20002308                m_nrf_log_nrf_sdh_ble_logs_data_dynamic
 .log_dynamic_data_nrf_sdh_soc
                0x2000230c        0x4 _build/nrf52832_xxaa/nrf_sdh_soc.c.o
                0x2000230c                m_nrf_log_nrf_sdh_soc_logs_data_dynamic
 .log_dynamic_data_pwr_mgmt
                0x20002310        0x4 _build/nrf52832_xxaa/nrf_pwr_mgmt.c.o
                0x20002310                m_nrf_log_pwr_mgmt_logs_data_dynamic
                [!provide]                PROVIDE (__stop_log_dynamic_data = .)

.fs_data        0x20002314       0x14 load address 0x00032488
                0x20002314                PROVIDE (__start_fs_data = .)
 *(.fs_data)
 .fs_data       0x20002314       0x14 _build/nrf52832_xxaa/fds.c.o
                0x20002314                m_fs
                0x20002328                PROVIDE (__stop_fs_data = .)

.cli_sorted_cmd_ptrs
                0x20002328        0x0
                [!provide]                PROVIDE (__start_cli_sorted_cmd_ptrs = .)
 *(.cli_sorted_cmd_ptrs)
                [!provide]                PROVIDE (__stop_cli_sorted_cmd_ptrs = .)

.bss            0x20002328     0x1098 load address 0x000324a0
                0x20002328                . = ALIGN (0x4)
                0x20002328                __bss_start__ = .
 *(.bss*)
 .bss           0x20002328       0x1c c:/program files (x86)/gnu tools arm embedded/9 2019-q4-major/bin/../lib/gcc/arm-none-eabi/9.2.1/thumb/v7e-m+fp/hard/crtbegin.o
 .bss.m_host_present
                0x20002344        0x1 _build/nrf52832_xxaa/nrf_log_backend_rtt.c.o
 *fill*         0x20002345        0x3 
 .bss.m_string_buff
                0x20002348       0x40 _build/nrf52832_xxaa/nrf_log_backend_rtt.c.o
 .bss.log_mempool_nrf_balloc_cb
                0x20002388        0x8 _build/nrf52832_xxaa/nrf_log_frontend.c.o
 .bss.log_mempool_nrf_balloc_pool_mem
                0x20002390       0xc0 _build/nrf52832_xxaa/nrf_log_frontend.c.o
 .bss.log_mempool_nrf_balloc_pool_stack
                0x20002450        0x8 _build/nrf52832_xxaa/nrf_log_frontend.c.o
 .bss.m_log_data
                0x20002458      0x424 _build/nrf52832_xxaa/nrf_log_frontend.c.o
 .bss.m_button_count
                0x2000287c        0x1 _build/nrf52832_xxaa/app_button.c.o
 *fill*         0x2000287d        0x3 
 .bss.m_detection_delay
                0x20002880        0x4 _build/nrf52832_xxaa/app_button.c.o
 .bss.m_detection_delay_timer_id_data
                0x20002884       0x20 _build/nrf52832_xxaa/app_button.c.o
 *fill*         0x200028a4        0x4 
 .bss.m_pin_state
                0x200028a8        0x8 _build/nrf52832_xxaa/app_button.c.o
 .bss.m_pin_transition
                0x200028b0        0x8 _build/nrf52832_xxaa/app_button.c.o
 .bss.mp_buttons
                0x200028b8        0x4 _build/nrf52832_xxaa/app_button.c.o
 .bss.m_op_queue
                0x200028bc      0x10c _build/nrf52832_xxaa/app_timer.c.o
 .bss.m_rtc1_reset
                0x200029c8        0x1 _build/nrf52832_xxaa/app_timer.c.o
 .bss.m_rtc1_running
                0x200029c9        0x1 _build/nrf52832_xxaa/app_timer.c.o
 *fill*         0x200029ca        0x2 
 .bss.m_ticks_elapsed
                0x200029cc        0x8 _build/nrf52832_xxaa/app_timer.c.o
 .bss.m_ticks_elapsed_q_read_ind
                0x200029d4        0x1 _build/nrf52832_xxaa/app_timer.c.o
 .bss.m_ticks_elapsed_q_write_ind
                0x200029d5        0x1 _build/nrf52832_xxaa/app_timer.c.o
 *fill*         0x200029d6        0x2 
 .bss.m_ticks_latest
                0x200029d8        0x4 _build/nrf52832_xxaa/app_timer.c.o
 .bss.mp_timer_id_head
                0x200029dc        0x4 _build/nrf52832_xxaa/app_timer.c.o
 .bss.desc.9248
                0x200029e0        0xc _build/nrf52832_xxaa/fds.c.o
 .bss.m_cb_table
                0x200029ec       0x10 _build/nrf52832_xxaa/fds.c.o
 .bss.m_flags   0x200029fc        0x8 _build/nrf52832_xxaa/fds.c.o
 .bss.m_gc      0x20002a04       0x10 _build/nrf52832_xxaa/fds.c.o
 .bss.m_iget_ctx.9285
                0x20002a14        0x4 _build/nrf52832_xxaa/fds.c.o
 .bss.m_latest_rec_id
                0x20002a18        0x4 _build/nrf52832_xxaa/fds.c.o
 .bss.m_p_cur_op.9284
                0x20002a1c        0x4 _build/nrf52832_xxaa/fds.c.o
 .bss.m_pages   0x20002a20       0x28 _build/nrf52832_xxaa/fds.c.o
 .bss.m_queue_data
                0x20002a48       0x8c _build/nrf52832_xxaa/fds.c.o
 .bss.m_queued_op_cnt
                0x20002ad4        0x4 _build/nrf52832_xxaa/fds.c.o
 .bss.m_swap_page
                0x20002ad8        0x8 _build/nrf52832_xxaa/fds.c.o
 .bss.m_users   0x20002ae0        0x4 _build/nrf52832_xxaa/fds.c.o
 .bss.page.9249
                0x20002ae4        0x2 _build/nrf52832_xxaa/fds.c.o
 *fill*         0x20002ae6        0x2 
 .bss.tok.9155  0x20002ae8        0x8 _build/nrf52832_xxaa/fds.c.o
 .bss.m_fifo_data
                0x20002af0       0x8c _build/nrf52832_xxaa/nrf_fstorage_sd.c.o
 .bss.m_flags   0x20002b7c       0x14 _build/nrf52832_xxaa/nrf_fstorage_sd.c.o
 .bss.m_iget_ctx
                0x20002b90        0x4 _build/nrf52832_xxaa/nrf_fstorage_sd.c.o
 .bss.m_p_cur_op
                0x20002b94        0x4 _build/nrf52832_xxaa/nrf_fstorage_sd.c.o
 .bss.m_handlers_iter
                0x20002b98        0x8 _build/nrf52832_xxaa/nrf_pwr_mgmt.c.o
 .bss.m_shutdown_started
                0x20002ba0        0x1 _build/nrf52832_xxaa/nrf_pwr_mgmt.c.o
 *fill*         0x20002ba1        0x3 
 .bss.m_sysoff_mtx
                0x20002ba4        0x4 _build/nrf52832_xxaa/nrf_pwr_mgmt.c.o
 .bss.m_clock_cb
                0x20002ba8       0x14 _build/nrf52832_xxaa/nrf_drv_clock.c.o
 .bss.m_clock_cb
                0x20002bbc        0x8 _build/nrf52832_xxaa/nrfx_clock.c.o
 *fill*         0x20002bc4        0x4 
 .bss.m_cb      0x20002bc8       0x5c _build/nrf52832_xxaa/nrfx_gpiote.c.o
 .bss.m_prs_box_4
                0x20002c24        0x8 _build/nrf52832_xxaa/nrfx_prs.c.o
 .bss.current_long_push_pin_no.8868
                0x20002c2c        0x1 _build/nrf52832_xxaa/bsp.c.o
 .bss.m_alert_on
                0x20002c2d        0x1 _build/nrf52832_xxaa/bsp.c.o
 *fill*         0x20002c2e        0x2 
 .bss.m_bsp_alert_tmr_data
                0x20002c30       0x20 _build/nrf52832_xxaa/bsp.c.o
 .bss.m_bsp_button_tmr_data
                0x20002c50       0x20 _build/nrf52832_xxaa/bsp.c.o
 .bss.m_bsp_leds_tmr_data
                0x20002c70       0x20 _build/nrf52832_xxaa/bsp.c.o
 .bss.m_events_list
                0x20002c90        0xc _build/nrf52832_xxaa/bsp.c.o
 .bss.m_indication_type
                0x20002c9c        0x4 _build/nrf52832_xxaa/bsp.c.o
 .bss.m_leds_clear
                0x20002ca0        0x1 _build/nrf52832_xxaa/bsp.c.o
 *fill*         0x20002ca1        0x3 
 .bss.m_registered_callback
                0x20002ca4        0x4 _build/nrf52832_xxaa/bsp.c.o
 .bss.m_stable_state
                0x20002ca8        0x1 _build/nrf52832_xxaa/bsp.c.o
 *fill*         0x20002ca9        0x3 
 .bss.release_event_at_push.8869
                0x20002cac        0x4 _build/nrf52832_xxaa/bsp.c.o
 .bss.m_error_handler
                0x20002cb0        0x4 _build/nrf52832_xxaa/bsp_btn_ble.c.o
 .bss.m_num_connections
                0x20002cb4        0x4 _build/nrf52832_xxaa/bsp_btn_ble.c.o
 .bss.m_advertising
                0x20002cb8       0xb8 _build/nrf52832_xxaa/main.c.o
 .bss.m_cus     0x20002d70       0x14 _build/nrf52832_xxaa/main.c.o
 .bss.m_custom_value
                0x20002d84        0x1 _build/nrf52832_xxaa/main.c.o
 *fill*         0x20002d85        0x3 
 .bss.m_gatt    0x20002d88       0x14 _build/nrf52832_xxaa/main.c.o