Archive member included to satisfy reference by file (symbol)

c:/program files (x86)/gnu tools arm embedded/9 2019-q4-major/bin/../lib/gcc/arm-none-eabi/9.2.1/../../../../arm-none-eabi/lib/thumb/v7e-m+fp/hard\libc_nano.a(lib_a-ctype_.o)
                              _build/nrf52832_xxaa/nrf_log_str_formatter.c.o (_ctype_)
c:/program files (x86)/gnu tools arm embedded/9 2019-q4-major/bin/../lib/gcc/arm-none-eabi/9.2.1/../../../../arm-none-eabi/lib/thumb/v7e-m+fp/hard\libc_nano.a(lib_a-exit.o)
                              c:/program files (x86)/gnu tools arm embedded/9 2019-q4-major/bin/../lib/gcc/arm-none-eabi/9.2.1/../../../../arm-none-eabi/lib/thumb/v7e-m+fp/hard/crt0.o (exit)
c:/program files (x86)/gnu tools arm embedded/9 2019-q4-major/bin/../lib/gcc/arm-none-eabi/9.2.1/../../../../arm-none-eabi/lib/thumb/v7e-m+fp/hard\libc_nano.a(lib_a-impure.o)
                              c:/program files (x86)/gnu tools arm embedded/9 2019-q4-major/bin/../lib/gcc/arm-none-eabi/9.2.1/../../../../arm-none-eabi/lib/thumb/v7e-m+fp/hard\libc_nano.a(lib_a-exit.o) (_global_impure_ptr)
c:/program files (x86)/gnu tools arm embedded/9 2019-q4-major/bin/../lib/gcc/arm-none-eabi/9.2.1/../../../../arm-none-eabi/lib/thumb/v7e-m+fp/hard\libc_nano.a(lib_a-init.o)
                              c:/program files (x86)/gnu tools arm embedded/9 2019-q4-major/bin/../lib/gcc/arm-none-eabi/9.2.1/../../../../arm-none-eabi/lib/thumb/v7e-m+fp/hard/crt0.o (__libc_init_array)
c:/program files (x86)/gnu tools arm embedded/9 2019-q4-major/bin/../lib/gcc/arm-none-eabi/9.2.1/../../../../arm-none-eabi/lib/thumb/v7e-m+fp/hard\libc_nano.a(lib_a-memcmp.o)
                              _build/nrf52832_xxaa/ble_advdata.c.o (memcmp)
c:/program files (x86)/gnu tools arm embedded/9 2019-q4-major/bin/../lib/gcc/arm-none-eabi/9.2.1/../../../../arm-none-eabi/lib/thumb/v7e-m+fp/hard\libc_nano.a(lib_a-memcpy-stub.o)
                              _build/nrf52832_xxaa/nrf_log_frontend.c.o (memcpy)
c:/program files (x86)/gnu tools arm embedded/9 2019-q4-major/bin/../lib/gcc/arm-none-eabi/9.2.1/../../../../arm-none-eabi/lib/thumb/v7e-m+fp/hard\libc_nano.a(lib_a-memset.o)
                              c:/program files (x86)/gnu tools arm embedded/9 2019-q4-major/bin/../lib/gcc/arm-none-eabi/9.2.1/../../../../arm-none-eabi/lib/thumb/v7e-m+fp/hard/crt0.o (memset)
c:/program files (x86)/gnu tools arm embedded/9 2019-q4-major/bin/../lib/gcc/arm-none-eabi/9.2.1/../../../../arm-none-eabi/lib/thumb/v7e-m+fp/hard\libc_nano.a(lib_a-printf.o)
                              _build/nrf52832_xxaa/main.c.o (printf)
c:/program files (x86)/gnu tools arm embedded/9 2019-q4-major/bin/../lib/gcc/arm-none-eabi/9.2.1/../../../../arm-none-eabi/lib/thumb/v7e-m+fp/hard\libc_nano.a(lib_a-sprintf.o)
                              _build/nrf52832_xxaa/main.c.o (sprintf)
c:/program files (x86)/gnu tools arm embedded/9 2019-q4-major/bin/../lib/gcc/arm-none-eabi/9.2.1/../../../../arm-none-eabi/lib/thumb/v7e-m+fp/hard\libc_nano.a(lib_a-strcpy.o)
                              _build/nrf52832_xxaa/SEGGER_RTT.c.o (strcpy)
c:/program files (x86)/gnu tools arm embedded/9 2019-q4-major/bin/../lib/gcc/arm-none-eabi/9.2.1/../../../../arm-none-eabi/lib/thumb/v7e-m+fp/hard\libc_nano.a(lib_a-strlen.o)
                              _build/nrf52832_xxaa/nrf_log_frontend.c.o (strlen)
c:/program files (x86)/gnu tools arm embedded/9 2019-q4-major/bin/../lib/gcc/arm-none-eabi/9.2.1/../../../../arm-none-eabi/lib/thumb/v7e-m+fp/hard\libc_nano.a(lib_a-findfp.o)
                              c:/program files (x86)/gnu tools arm embedded/9 2019-q4-major/bin/../lib/gcc/arm-none-eabi/9.2.1/../../../../arm-none-eabi/lib/thumb/v7e-m+fp/hard\libc_nano.a(lib_a-printf.o) (__sinit)
c:/program files (x86)/gnu tools arm embedded/9 2019-q4-major/bin/../lib/gcc/arm-none-eabi/9.2.1/../../../../arm-none-eabi/lib/thumb/v7e-m+fp/hard\libc_nano.a(lib_a-fwalk.o)
                              c:/program files (x86)/gnu tools arm embedded/9 2019-q4-major/bin/../lib/gcc/arm-none-eabi/9.2.1/../../../../arm-none-eabi/lib/thumb/v7e-m+fp/hard\libc_nano.a(lib_a-findfp.o) (_fwalk)
c:/program files (x86)/gnu tools arm embedded/9 2019-q4-major/bin/../lib/gcc/arm-none-eabi/9.2.1/../../../../arm-none-eabi/lib/thumb/v7e-m+fp/hard\libc_nano.a(lib_a-lock.o)
                              c:/program files (x86)/gnu tools arm embedded/9 2019-q4-major/bin/../lib/gcc/arm-none-eabi/9.2.1/../../../../arm-none-eabi/lib/thumb/v7e-m+fp/hard\libc_nano.a(lib_a-findfp.o) (__retarget_lock_init_recursive)
c:/program files (x86)/gnu tools arm embedded/9 2019-q4-major/bin/../lib/gcc/arm-none-eabi/9.2.1/../../../../arm-none-eabi/lib/thumb/v7e-m+fp/hard\libc_nano.a(lib_a-nano-mallocr.o)
                              c:/program files (x86)/gnu tools arm embedded/9 2019-q4-major/bin/../lib/gcc/arm-none-eabi/9.2.1/../../../../arm-none-eabi/lib/thumb/v7e-m+fp/hard\libc_nano.a(lib_a-findfp.o) (_malloc_r)
[...]
Memory Configuration

Name             Origin             Length             Attributes
FLASH            0x00026000         0x0005a000         xr
RAM              0x20002ad8         0x0000d528         xrw
*default*        0x00000000         0xffffffff

Linker script and memory map


.text           0x00026000     0x9bc0
 *(.isr_vector)
 .isr_vector    0x00026000      0x200 _build/nrf52832_xxaa/gcc_startup_nrf52.S.o
                0x00026000                __isr_vector
 *(.text*)
 .text          0x00026200       0x40 c:/program files (x86)/gnu tools arm embedded/9 2019-q4-major/bin/../lib/gcc/arm-none-eabi/9.2.1/thumb/v7e-m+fp/hard/crtbegin.o
 .text          0x00026240       0x74 c:/program files (x86)/gnu tools arm embedded/9 2019-q4-major/bin/../lib/gcc/arm-none-eabi/9.2.1/../../../../arm-none-eabi/lib/thumb/v7e-m+fp/hard/crt0.o
                0x00026240                _start
                0x00026240                _mainCRTStartup
 .text          0x000262b4       0x3c _build/nrf52832_xxaa/gcc_startup_nrf52.S.o
                0x000262b4                Reset_Handler
                0x000262dc                NMI_Handler
                0x000262de                HardFault_Handler
                0x000262e0                MemoryManagement_Handler
                0x000262e2                BusFault_Handler
                0x000262e4                UsageFault_Handler
                0x000262e6                SVC_Handler
                0x000262e8                DebugMon_Handler
                0x000262ea                PendSV_Handler
                0x000262ec                SysTick_Handler
                0x000262ee                PDM_IRQHandler
                0x000262ee                TEMP_IRQHandler
                0x000262ee                QDEC_IRQHandler
                0x000262ee                TIMER3_IRQHandler
                0x000262ee                RTC0_IRQHandler
                0x000262ee                SPIM0_SPIS0_TWIM0_TWIS0_SPI0_TWI0_IRQHandler
                0x000262ee                PWM1_IRQHandler
                0x000262ee                RADIO_IRQHandler
                0x000262ee                I2S_IRQHandler
                0x000262ee                SWI4_EGU4_IRQHandler
                0x000262ee                TIMER0_IRQHandler
                0x000262ee                FPU_IRQHandler
                0x000262ee                TIMER1_IRQHandler
                0x000262ee                PWM2_IRQHandler
                0x000262ee                ECB_IRQHandler
                0x000262ee                SPIM1_SPIS1_TWIM1_TWIS1_SPI1_TWI1_IRQHandler
                0x000262ee                Default_Handler
                0x000262ee                SAADC_IRQHandler
                0x000262ee                CCM_AAR_IRQHandler
                0x000262ee                WDT_IRQHandler
                0x000262ee                TIMER4_IRQHandler
                0x000262ee                SWI5_EGU5_IRQHandler
                0x000262ee                RNG_IRQHandler
                0x000262ee                RTC2_IRQHandler
                0x000262ee                PWM0_IRQHandler
                0x000262ee                SWI3_EGU3_IRQHandler
                0x000262ee                SWI1_EGU1_IRQHandler
                0x000262ee                SPIM2_SPIS2_SPI2_IRQHandler
                0x000262ee                NFCT_IRQHandler
                0x000262ee                SWI0_EGU0_IRQHandler
                0x000262ee                MWU_IRQHandler
                0x000262ee                TIMER2_IRQHandler
                0x000262ee                COMP_LPCOMP_IRQHandler
 .text.nrf_log_backend_rtt_flush
                0x000262f0        0x4 _build/nrf52832_xxaa/nrf_log_backend_rtt.c.o
 .text.nrf_log_backend_rtt_put
                0x000262f4       0x20 _build/nrf52832_xxaa/nrf_log_backend_rtt.c.o
 .text.serial_tx
                0x00026314       0x54 _build/nrf52832_xxaa/nrf_log_backend_rtt.c.o
 .text.nrf_log_backend_rtt_panic_set
                0x00026368        0x4 _build/nrf52832_xxaa/nrf_log_backend_rtt.c.o
 .text.nrf_log_backend_rtt_init
                0x0002636c        0x4 _build/nrf52832_xxaa/nrf_log_backend_rtt.c.o
                0x0002636c                nrf_log_backend_rtt_init
 .text.nrf_log_backend_serial_put
                0x00026370       0xd8 _build/nrf52832_xxaa/nrf_log_backend_serial.c.o
                0x00026370                nrf_log_backend_serial_put
 .text.nrf_log_default_backends_init
                0x00026448       0x20 _build/nrf52832_xxaa/nrf_log_default_backends.c.o
                0x00026448                nrf_log_default_backends_init
 .text.nrf_log_init
                0x00026468       0x28 _build/nrf52832_xxaa/nrf_log_frontend.c.o
                0x00026468                nrf_log_init
 .text.nrf_log_module_name_get
                0x00026490       0x48 _build/nrf52832_xxaa/nrf_log_frontend.c.o
                0x00026490                nrf_log_module_name_get
 .text.nrf_log_color_id_get
                0x000264d8       0x2c _build/nrf52832_xxaa/nrf_log_frontend.c.o
                0x000264d8                nrf_log_color_id_get
 .text.log_pending_hook
                0x00026504        0x4 _build/nrf52832_xxaa/nrf_log_frontend.c.o
                0x00026504                log_pending_hook
 .text.nrf_log_frontend_dequeue
                0x00026508      0x250 _build/nrf52832_xxaa/nrf_log_frontend.c.o
                0x00026508                nrf_log_frontend_dequeue
 .text.nrf_log_frontend_hexdump
                0x00026758      0x200 _build/nrf52832_xxaa/nrf_log_frontend.c.o
                0x00026758                nrf_log_frontend_hexdump
 .text.nrf_log_frontend_std_0
                0x00026958      0x18c _build/nrf52832_xxaa/nrf_log_frontend.c.o
                0x00026958                nrf_log_frontend_std_0
 .text.nrf_log_frontend_std_1
                0x00026ae4      0x1a0 _build/nrf52832_xxaa/nrf_log_frontend.c.o
                0x00026ae4                nrf_log_frontend_std_1
 .text.nrf_log_frontend_std_2
                0x00026c84      0x1b4 _build/nrf52832_xxaa/nrf_log_frontend.c.o
                0x00026c84                nrf_log_frontend_std_2
 .text.nrf_log_backend_add
                0x00026e38       0x5c _build/nrf52832_xxaa/nrf_log_frontend.c.o
                0x00026e38                nrf_log_backend_add
 .text.nrf_log_panic
                0x00026e94       0x28 _build/nrf52832_xxaa/nrf_log_frontend.c.o
                0x00026e94                nrf_log_panic
 .text.prefix_process
                0x00026ebc       0x80 _build/nrf52832_xxaa/nrf_log_str_formatter.c.o
 .text.nrf_log_std_entry_process
                0x00026f3c       0xf0 _build/nrf52832_xxaa/nrf_log_str_formatter.c.o
                0x00026f3c                nrf_log_std_entry_process
 .text.nrf_log_hexdump_entry_process
                0x0002702c       0xfc _build/nrf52832_xxaa/nrf_log_str_formatter.c.o
                0x0002702c                nrf_log_hexdump_entry_process
 .text.gpiote_event_handler
                0x00027128       0x74 _build/nrf52832_xxaa/app_button.c.o
 .text.detection_delay_timeout_handler
                0x0002719c      0x264 _build/nrf52832_xxaa/app_button.c.o
 .text.app_button_init
                0x00027400       0xc0 _build/nrf52832_xxaa/app_button.c.o
                0x00027400                app_button_init
 .text.app_button_enable
                0x000274c0       0x2c _build/nrf52832_xxaa/app_button.c.o
                0x000274c0                app_button_enable
 .text.app_error_handler_bare
                0x000274ec       0x20 _build/nrf52832_xxaa/app_error.c.o
                0x000274ec                app_error_handler_bare
 .text.app_error_fault_handler
                0x0002750c       0x70 _build/nrf52832_xxaa/app_error_weak.c.o
                0x0002750c                app_error_fault_handler
 .text.app_fifo_init
                0x0002757c       0x20 _build/nrf52832_xxaa/app_fifo.c.o
                0x0002757c                app_fifo_init
 .text.app_fifo_put
                0x0002759c       0x30 _build/nrf52832_xxaa/app_fifo.c.o
                0x0002759c                app_fifo_put
 .text.app_fifo_get
                0x000275cc       0x2c _build/nrf52832_xxaa/app_fifo.c.o
                0x000275cc                app_fifo_get
 .text.compare_func
                0x000275f8       0x18 _build/nrf52832_xxaa/app_timer2.c.o
 .text.timer_expire.part.0
                0x00027610       0x84 _build/nrf52832_xxaa/app_timer2.c.o
 .text.rtc_irq  0x00027694      0x2d8 _build/nrf52832_xxaa/app_timer2.c.o
 .text.app_timer_init
                0x0002796c       0x6c _build/nrf52832_xxaa/app_timer2.c.o
                0x0002796c                app_timer_init
 .text.app_timer_create
                0x000279d8       0x2c _build/nrf52832_xxaa/app_timer2.c.o
                0x000279d8                app_timer_create
 .text.app_timer_start
                0x00027a04       0xbc _build/nrf52832_xxaa/app_timer2.c.o
                0x00027a04                app_timer_start
 .text.app_timer_stop
                0x00027ac0       0x7c _build/nrf52832_xxaa/app_timer2.c.o
                0x00027ac0                app_timer_stop
 .text.uart_event_handler
                0x00027b3c      0x120 _build/nrf52832_xxaa/app_uart_fifo.c.o
 .text.app_uart_init
                0x00027c5c       0xf8 _build/nrf52832_xxaa/app_uart_fifo.c.o
                0x00027c5c                app_uart_init
 .text.app_uart_get
                0x00027d54       0x5c _build/nrf52832_xxaa/app_uart_fifo.c.o
                0x00027d54                app_uart_get
 .text.app_uart_put
                0x00027db0       0x74 _build/nrf52832_xxaa/app_uart_fifo.c.o
                0x00027db0                app_uart_put
 .text.app_util_critical_region_enter
                0x00027e24       0x4c _build/nrf52832_xxaa/app_util_platform.c.o
                0x00027e24                app_util_critical_region_enter
 .text.app_util_critical_region_exit
                0x00027e70       0x30 _build/nrf52832_xxaa/app_util_platform.c.o
                0x00027e70                app_util_critical_region_exit
 .text.drv_rtc_init
                0x00027ea0       0xc0 _build/nrf52832_xxaa/drv_rtc.c.o
                0x00027ea0                drv_rtc_init
 .text.drv_rtc_start
                0x00027f60        0x8 _build/nrf52832_xxaa/drv_rtc.c.o
                0x00027f60                drv_rtc_start
 .text.drv_rtc_stop
                0x00027f68        0x8 _build/nrf52832_xxaa/drv_rtc.c.o
                0x00027f68                drv_rtc_stop
 .text.drv_rtc_compare_set
                0x00027f70       0x4c _build/nrf52832_xxaa/drv_rtc.c.o
                0x00027f70                drv_rtc_compare_set
 .text.drv_rtc_windowed_compare_set
                0x00027fbc       0xf8 _build/nrf52832_xxaa/drv_rtc.c.o
                0x00027fbc                drv_rtc_windowed_compare_set
 .text.drv_rtc_overflow_enable
                0x000280b4       0x14 _build/nrf52832_xxaa/drv_rtc.c.o
                0x000280b4                drv_rtc_overflow_enable
 .text.drv_rtc_overflow_pending
                0x000280c8       0x20 _build/nrf52832_xxaa/drv_rtc.c.o
                0x000280c8                drv_rtc_overflow_pending
 .text.drv_rtc_compare_disable
                0x000280e8       0x18 _build/nrf52832_xxaa/drv_rtc.c.o
                0x000280e8                drv_rtc_compare_disable
 .text.drv_rtc_compare_pending
                0x00028100       0x20 _build/nrf52832_xxaa/drv_rtc.c.o
                0x00028100                drv_rtc_compare_pending
 .text.drv_rtc_counter_get
                0x00028120        0x8 _build/nrf52832_xxaa/drv_rtc.c.o
                0x00028120                drv_rtc_counter_get
 .text.drv_rtc_irq_trigger
                0x00028128       0x24 _build/nrf52832_xxaa/drv_rtc.c.o
                0x00028128                drv_rtc_irq_trigger
 .text.RTC1_IRQHandler
                0x0002814c       0x14 _build/nrf52832_xxaa/drv_rtc.c.o
                0x0002814c                RTC1_IRQHandler
 .text.nrf_atfifo_init
                0x00028160       0x30 _build/nrf52832_xxaa/nrf_atfifo.c.o
                0x00028160                nrf_atfifo_init
 .text.nrf_atfifo_item_alloc
                0x00028190       0x5c _build/nrf52832_xxaa/nrf_atfifo.c.o
                0x00028190                nrf_atfifo_item_alloc
 .text.nrf_atfifo_item_put
                0x000281ec       0x20 _build/nrf52832_xxaa/nrf_atfifo.c.o
                0x000281ec                nrf_atfifo_item_put
 .text.nrf_atfifo_item_get
                0x0002820c       0x60 _build/nrf52832_xxaa/nrf_atfifo.c.o
                0x0002820c                nrf_atfifo_item_get
 .text.nrf_atfifo_item_free
                0x0002826c       0x20 _build/nrf52832_xxaa/nrf_atfifo.c.o
                0x0002826c                nrf_atfifo_item_free
 .text.nrf_atflags_set
                0x0002828c       0x14 _build/nrf52832_xxaa/nrf_atflags.c.o
                0x0002828c                nrf_atflags_set
 .text.nrf_atflags_clear
                0x000282a0       0x14 _build/nrf52832_xxaa/nrf_atflags.c.o
                0x000282a0                nrf_atflags_clear
 .text.nrf_atflags_get
                0x000282b4       0x14 _build/nrf52832_xxaa/nrf_atflags.c.o
                0x000282b4                nrf_atflags_get
 .text.nrf_atomic_u32_fetch_store
                0x000282c8       0x1c _build/nrf52832_xxaa/nrf_atomic.c.o
                0x000282c8                nrf_atomic_u32_fetch_store
 .text.nrf_atomic_u32_or
                0x000282e4       0x1c _build/nrf52832_xxaa/nrf_atomic.c.o
                0x000282e4                nrf_atomic_u32_or
 .text.nrf_atomic_u32_and
                0x00028300       0x1c _build/nrf52832_xxaa/nrf_atomic.c.o
                0x00028300                nrf_atomic_u32_and
 .text.nrf_atomic_u32_add
                0x0002831c       0x1c _build/nrf52832_xxaa/nrf_atomic.c.o
                0x0002831c                nrf_atomic_u32_add
 .text.nrf_atomic_u32_sub
                0x00028338       0x1c _build/nrf52832_xxaa/nrf_atomic.c.o
                0x00028338                nrf_atomic_u32_sub
 .text.nrf_atomic_flag_set
                0x00028354       0x20 _build/nrf52832_xxaa/nrf_atomic.c.o
                0x00028354                nrf_atomic_flag_set
 .text.nrf_atomic_flag_clear_fetch
                0x00028374       0x20 _build/nrf52832_xxaa/nrf_atomic.c.o
                0x00028374                nrf_atomic_flag_clear_fetch
 .text.nrf_balloc_init
                0x00028394       0x38 _build/nrf52832_xxaa/nrf_balloc.c.o
                0x00028394                nrf_balloc_init
 .text.nrf_balloc_alloc
                0x000283cc       0x50 _build/nrf52832_xxaa/nrf_balloc.c.o
                0x000283cc                nrf_balloc_alloc
 .text.nrf_balloc_free
                0x0002841c       0x38 _build/nrf52832_xxaa/nrf_balloc.c.o
                0x0002841c                nrf_balloc_free
 .text.nrf_fprintf_buffer_flush
                0x00028454       0x18 _build/nrf52832_xxaa/nrf_fprintf.c.o
                0x00028454                nrf_fprintf_buffer_flush
 .text.nrf_fprintf
                0x0002846c       0x20 _build/nrf52832_xxaa/nrf_fprintf.c.o
                0x0002846c                nrf_fprintf
 .text.unsigned_print
                0x0002848c      0x14c _build/nrf52832_xxaa/nrf_fprintf_format.c.o
 .text.nrf_fprintf_fmt
                0x000285d8      0x5cc _build/nrf52832_xxaa/nrf_fprintf_format.c.o
                0x000285d8                nrf_fprintf_fmt
 .text.nrf_memobj_pool_init
                0x00028ba4        0x4 _build/nrf52832_xxaa/nrf_memobj.c.o
                0x00028ba4                nrf_memobj_pool_init
 .text.nrf_memobj_alloc
                0x00028ba8       0x94 _build/nrf52832_xxaa/nrf_memobj.c.o
                0x00028ba8                nrf_memobj_alloc
 .text.nrf_memobj_get
                0x00028c3c        0x8 _build/nrf52832_xxaa/nrf_memobj.c.o
                0x00028c3c                nrf_memobj_get
 .text.nrf_memobj_put
                0x00028c44       0x58 _build/nrf52832_xxaa/nrf_memobj.c.o
                0x00028c44                nrf_memobj_put
 .text.nrf_memobj_write
                0x00028c9c       0x68 _build/nrf52832_xxaa/nrf_memobj.c.o
                0x00028c9c                nrf_memobj_write
 .text.nrf_memobj_read
                0x00028d04       0x68 _build/nrf52832_xxaa/nrf_memobj.c.o
                0x00028d04                nrf_memobj_read
 .text.sd_app_evt_wait
                0x00028d6c        0x4 _build/nrf52832_xxaa/nrf_pwr_mgmt.c.o
 .text.nrf_pwr_mgmt_init
                0x00028d70       0x2c _build/nrf52832_xxaa/nrf_pwr_mgmt.c.o
                0x00028d70                nrf_pwr_mgmt_init
 .text.nrf_pwr_mgmt_run
                0x00028d9c       0x54 _build/nrf52832_xxaa/nrf_pwr_mgmt.c.o
                0x00028d9c                nrf_pwr_mgmt_run
 .text.nrf_ringbuf_init
                0x00028df0       0x1c _build/nrf52832_xxaa/nrf_ringbuf.c.o
                0x00028df0                nrf_ringbuf_init
 .text.nrf_section_iter_init
                0x00028e0c       0x14 _build/nrf52832_xxaa/nrf_section_iter.c.o
                0x00028e0c                nrf_section_iter_init
 .text.nrf_section_iter_next
                0x00028e20       0x18 _build/nrf52832_xxaa/nrf_section_iter.c.o
                0x00028e20                nrf_section_iter_next
 .text.nrf_sortlist_add
                0x00028e38       0x28 _build/nrf52832_xxaa/nrf_sortlist.c.o
                0x00028e38                nrf_sortlist_add
 .text.nrf_sortlist_pop
                0x00028e60        0xc _build/nrf52832_xxaa/nrf_sortlist.c.o
                0x00028e60                nrf_sortlist_pop
 .text.nrf_sortlist_peek
                0x00028e6c        0x8 _build/nrf52832_xxaa/nrf_sortlist.c.o
                0x00028e6c                nrf_sortlist_peek
 .text.nrf_sortlist_remove
                0x00028e74       0x1c _build/nrf52832_xxaa/nrf_sortlist.c.o
                0x00028e74                nrf_sortlist_remove
 .text.nrf_strerror_get
                0x00028e90       0x50 _build/nrf52832_xxaa/nrf_strerror.c.o
                0x00028e90                nrf_strerror_get
 .text._write   0x00028ee0       0x1c _build/nrf52832_xxaa/retarget.c.o
                0x00028ee0                _write
 .text._read    0x00028efc       0x14 _build/nrf52832_xxaa/retarget.c.o
                0x00028efc                _read
 .text.SystemInit
                0x00028f10      0x3b4 _build/nrf52832_xxaa/system_nrf52.c.o
                0x00028f10                SystemInit
 .text.bsp_board_led_state_get
                0x000292c4       0x1c _build/nrf52832_xxaa/boards.c.o
                0x000292c4                bsp_board_led_state_get
 .text.bsp_board_led_on
                0x000292e0       0x18 _build/nrf52832_xxaa/boards.c.o
                0x000292e0                bsp_board_led_on
 .text.bsp_board_led_off
                0x000292f8       0x18 _build/nrf52832_xxaa/boards.c.o
                0x000292f8                bsp_board_led_off
 .text.bsp_board_leds_off
                0x00029310       0x2c _build/nrf52832_xxaa/boards.c.o
                0x00029310                bsp_board_leds_off
 .text.bsp_board_leds_on
                0x0002933c       0x2c _build/nrf52832_xxaa/boards.c.o
                0x0002933c                bsp_board_leds_on
 .text.bsp_board_led_invert
                0x00029368       0x24 _build/nrf52832_xxaa/boards.c.o
                0x00029368                bsp_board_led_invert
 .text.bsp_board_button_state_get
                0x0002938c       0x1c _build/nrf52832_xxaa/boards.c.o
                0x0002938c                bsp_board_button_state_get
 .text.bsp_board_pin_to_button_idx
                0x000293a8       0x24 _build/nrf52832_xxaa/boards.c.o
                0x000293a8                bsp_board_pin_to_button_idx
 .text.bsp_board_button_idx_to_pin
                0x000293cc        0xc _build/nrf52832_xxaa/boards.c.o
                0x000293cc                bsp_board_button_idx_to_pin
 .text.bsp_board_init
                0x000293d8       0x5c _build/nrf52832_xxaa/boards.c.o
                0x000293d8                bsp_board_init
 .text.clock_irq_handler
                0x00029434       0x44 _build/nrf52832_xxaa/nrf_drv_clock.c.o
 .text.soc_evt_handler
                0x00029478       0x28 _build/nrf52832_xxaa/nrf_drv_clock.c.o
 .text.sd_state_evt_handler
                0x000294a0       0xc8 _build/nrf52832_xxaa/nrf_drv_clock.c.o
 .text.uarte_evt_handler
                0x00029568       0x34 _build/nrf52832_xxaa/nrf_drv_uart.c.o
 .text.uart_evt_handler
                0x0002959c       0x34 _build/nrf52832_xxaa/nrf_drv_uart.c.o
 .text.nrf_drv_uart_init
                0x000295d0       0x80 _build/nrf52832_xxaa/nrf_drv_uart.c.o
                0x000295d0                nrf_drv_uart_init
 .text.nrfx_clock_init
                0x00029650       0x18 _build/nrf52832_xxaa/nrfx_clock.c.o
                0x00029650                nrfx_clock_init
 .text.nrfx_clock_enable
                0x00029668       0x24 _build/nrf52832_xxaa/nrfx_clock.c.o
                0x00029668                nrfx_clock_enable
 .text.nrfx_clock_lfclk_stop
                0x0002968c       0x38 _build/nrf52832_xxaa/nrfx_clock.c.o
                0x0002968c                nrfx_clock_lfclk_stop
 .text.POWER_CLOCK_IRQHandler
                0x000296c4       0x6c _build/nrf52832_xxaa/nrfx_clock.c.o
                0x000296c4                POWER_CLOCK_IRQHandler
 .text.nrfx_gpiote_init
                0x00029730       0xa0 _build/nrf52832_xxaa/nrfx_gpiote.c.o
                0x00029730                nrfx_gpiote_init
 .text.nrfx_gpiote_is_init
                0x000297d0       0x14 _build/nrf52832_xxaa/nrfx_gpiote.c.o
                0x000297d0                nrfx_gpiote_is_init
 .text.nrfx_gpiote_in_init
                0x000297e4      0x1c8 _build/nrf52832_xxaa/nrfx_gpiote.c.o
                0x000297e4                nrfx_gpiote_in_init
 .text.nrfx_gpiote_in_event_enable
                0x000299ac       0xbc _build/nrf52832_xxaa/nrfx_gpiote.c.o
                0x000299ac                nrfx_gpiote_in_event_enable
 .text.nrfx_gpiote_in_is_set
                0x00029a68       0x14 _build/nrf52832_xxaa/nrfx_gpiote.c.o
                0x00029a68                nrfx_gpiote_in_is_set
 .text.GPIOTE_IRQHandler
                0x00029a7c      0x444 _build/nrf52832_xxaa/nrfx_gpiote.c.o
                0x00029a7c                GPIOTE_IRQHandler
 .text.UARTE0_UART0_IRQHandler
                0x00029ec0        0xc _build/nrf52832_xxaa/nrfx_prs.c.o
                0x00029ec0                UARTE0_UART0_IRQHandler
 .text.nrfx_prs_acquire
                0x00029ecc       0x50 _build/nrf52832_xxaa/nrfx_prs.c.o
                0x00029ecc                nrfx_prs_acquire
 .text.nrfx_uart_0_irq_handler
                0x00029f1c      0x1c4 _build/nrf52832_xxaa/nrfx_uart.c.o
                0x00029f1c                nrfx_uart_0_irq_handler
 .text.nrfx_uart_init
                0x0002a0e0      0x1a4 _build/nrf52832_xxaa/nrfx_uart.c.o
                0x0002a0e0                nrfx_uart_init
 .text.nrfx_uart_tx
                0x0002a284       0xd0 _build/nrf52832_xxaa/nrfx_uart.c.o
                0x0002a284                nrfx_uart_tx
 .text.nrfx_uart_tx_in_progress
                0x0002a354       0x18 _build/nrf52832_xxaa/nrfx_uart.c.o
                0x0002a354                nrfx_uart_tx_in_progress
 .text.nrfx_uart_rx
                0x0002a36c      0x148 _build/nrf52832_xxaa/nrfx_uart.c.o
                0x0002a36c                nrfx_uart_rx
 .text.nrfx_uarte_0_irq_handler
                0x0002a4b4      0x168 _build/nrf52832_xxaa/nrfx_uarte.c.o
                0x0002a4b4                nrfx_uarte_0_irq_handler
 .text.nrfx_uarte_init
                0x0002a61c      0x1dc _build/nrf52832_xxaa/nrfx_uarte.c.o
                0x0002a61c                nrfx_uarte_init
 .text.nrfx_uarte_tx
                0x0002a7f8       0xb4 _build/nrf52832_xxaa/nrfx_uarte.c.o
                0x0002a7f8                nrfx_uarte_tx
 .text.nrfx_uarte_tx_in_progress
                0x0002a8ac       0x1c _build/nrf52832_xxaa/nrfx_uarte.c.o
                0x0002a8ac                nrfx_uarte_tx_in_progress
 .text.nrfx_uarte_rx
                0x0002a8c8      0x130 _build/nrf52832_xxaa/nrfx_uarte.c.o
                0x0002a8c8                nrfx_uarte_rx
 .text.alert_timer_handler
                0x0002a9f8        0x8 _build/nrf52832_xxaa/bsp.c.o
 .text.bsp_button_event_handler
                0x0002aa00       0xa4 _build/nrf52832_xxaa/bsp.c.o
 .text.button_timer_handler
                0x0002aaa4       0x30 _build/nrf52832_xxaa/bsp.c.o
 .text.bsp_led_indication
                0x0002aad4      0x318 _build/nrf52832_xxaa/bsp.c.o
 .text.leds_timer_handler
                0x0002adec       0x1c _build/nrf52832_xxaa/bsp.c.o
 .text.bsp_button_is_pressed
                0x0002ae08        0xc _build/nrf52832_xxaa/bsp.c.o
                0x0002ae08                bsp_button_is_pressed
 .text.bsp_indication_set
                0x0002ae14       0x18 _build/nrf52832_xxaa/bsp.c.o
                0x0002ae14                bsp_indication_set
 .text.bsp_init
                0x0002ae2c       0xbc _build/nrf52832_xxaa/bsp.c.o
                0x0002ae2c                bsp_init
 .text.bsp_event_to_button_action_assign
                0x0002aee8       0x54 _build/nrf52832_xxaa/bsp.c.o
                0x0002aee8                bsp_event_to_button_action_assign
 .text.bsp_wakeup_button_enable
                0x0002af3c       0x30 _build/nrf52832_xxaa/bsp.c.o
                0x0002af3c                bsp_wakeup_button_enable
 .text.ble_evt_handler
                0x0002af6c       0xac _build/nrf52832_xxaa/bsp_btn_ble.c.o
 .text.bsp_btn_ble_sleep_mode_prepare
                0x0002b018       0x24 _build/nrf52832_xxaa/bsp_btn_ble.c.o
                0x0002b018                bsp_btn_ble_sleep_mode_prepare
 .text.bsp_btn_ble_init
                0x0002b03c       0x6c _build/nrf52832_xxaa/bsp_btn_ble.c.o
                0x0002b03c                bsp_btn_ble_init
 .text.sd_ble_gap_disconnect
                0x0002b0a8        0x4 _build/nrf52832_xxaa/main.c.o
 .text.sd_ble_gap_ppcp_set
                0x0002b0ac        0x4 _build/nrf52832_xxaa/main.c.o
 .text.sd_ble_gap_device_name_set
                0x0002b0b0        0x4 _build/nrf52832_xxaa/main.c.o
 .text.sd_ble_gap_sec_params_reply
                0x0002b0b4        0x4 _build/nrf52832_xxaa/main.c.o
 .text.sd_ble_gap_rssi_start
                0x0002b0b8        0x4 _build/nrf52832_xxaa/main.c.o
 .text.sd_ble_gap_phy_update
                0x0002b0bc        0x4 _build/nrf52832_xxaa/main.c.o
 .text.sd_ble_gatts_sys_attr_set
                0x0002b0c0        0x4 _build/nrf52832_xxaa/main.c.o
 .text.sd_power_system_off
                0x0002b0c4        0x4 _build/nrf52832_xxaa/main.c.o
 .text.nrf_qwr_error_handler
                0x0002b0c8        0x4 _build/nrf52832_xxaa/main.c.o
 .text.ble_evt_handler
                0x0002b0cc      0x144 _build/nrf52832_xxaa/main.c.o
 .text.gatt_evt_handler
                0x0002b210       0x50 _build/nrf52832_xxaa/main.c.o
                0x0002b210                gatt_evt_handler
 .text.on_conn_params_evt
                0x0002b260       0x24 _build/nrf52832_xxaa/main.c.o
 .text.bsp_event_handler
                0x0002b284       0x70 _build/nrf52832_xxaa/main.c.o
                0x0002b284                bsp_event_handler
 .text.uart_event_handle
                0x0002b2f4       0x98 _build/nrf52832_xxaa/main.c.o
                0x0002b2f4                uart_event_handle
 .text.nus_data_handler
                0x0002b38c      0x114 _build/nrf52832_xxaa/main.c.o
 .text.conn_params_error_handler
                0x0002b4a0        0x4 _build/nrf52832_xxaa/main.c.o
 .text.on_adv_evt
                0x0002b4a4       0x40 _build/nrf52832_xxaa/main.c.o
 .text.gatt_init
                0x0002b4e4       0x38 _build/nrf52832_xxaa/main.c.o
                0x0002b4e4                gatt_init
 .text.startup.main
                0x0002b51c      0x270 _build/nrf52832_xxaa/main.c.o
                0x0002b51c                main
 .text.SEGGER_RTT_WriteNoLock
                0x0002b78c      0x1bc _build/nrf52832_xxaa/SEGGER_RTT.c.o
                0x0002b78c                SEGGER_RTT_WriteNoLock
 .text.SEGGER_RTT_Init
                0x0002b948       0x60 _build/nrf52832_xxaa/SEGGER_RTT.c.o
                0x0002b948                SEGGER_RTT_Init
 .text.sd_ble_gap_addr_get
                0x0002b9a8        0x4 _build/nrf52832_xxaa/ble_advdata.c.o
 .text.sd_ble_gap_appearance_get
                0x0002b9ac        0x4 _build/nrf52832_xxaa/ble_advdata.c.o
 .text.sd_ble_gap_device_name_get
                0x0002b9b0        0x4 _build/nrf52832_xxaa/ble_advdata.c.o
 .text.sd_ble_uuid_encode
                0x0002b9b4        0x4 _build/nrf52832_xxaa/ble_advdata.c.o
 .text.uuid_list_sized_encode.isra.0
                0x0002b9b8       0xf0 _build/nrf52832_xxaa/ble_advdata.c.o
 .text.ble_advdata_encode
                0x0002baa8      0x40c _build/nrf52832_xxaa/ble_advdata.c.o
                0x0002baa8                ble_advdata_encode
 .text.ble_advdata_parse
                0x0002beb4       0x4c _build/nrf52832_xxaa/ble_advdata.c.o
                0x0002beb4                ble_advdata_parse
 .text.sd_ble_gap_adv_set_configure
                0x0002bf00        0x4 _build/nrf52832_xxaa/ble_advertising.c.o
 .text.sd_ble_gap_adv_start
                0x0002bf04        0x4 _build/nrf52832_xxaa/ble_advertising.c.o
 .text.sd_ble_gap_adv_stop
                0x0002bf08        0x4 _build/nrf52832_xxaa/ble_advertising.c.o
 .text.ble_advertising_start.part.0
                0x0002bf0c      0x2e4 _build/nrf52832_xxaa/ble_advertising.c.o
 .text.ble_advertising_conn_cfg_tag_set
                0x0002c1f0        0x8 _build/nrf52832_xxaa/ble_advertising.c.o
                0x0002c1f0                ble_advertising_conn_cfg_tag_set
 .text.ble_advertising_init
                0x0002c1f8      0x10c _build/nrf52832_xxaa/ble_advertising.c.o
                0x0002c1f8                ble_advertising_init
 .text.ble_advertising_start
                0x0002c304        0xc _build/nrf52832_xxaa/ble_advertising.c.o
                0x0002c304                ble_advertising_start
 .text.ble_advertising_on_ble_evt
                0x0002c310       0x8c _build/nrf52832_xxaa/ble_advertising.c.o
                0x0002c310                ble_advertising_on_ble_evt
 .text.ble_advertising_restart_without_whitelist
                0x0002c39c       0x60 _build/nrf52832_xxaa/ble_advertising.c.o
                0x0002c39c                ble_advertising_restart_without_whitelist
 .text.sd_ble_gap_conn_param_update
                0x0002c3fc        0x4 _build/nrf52832_xxaa/ble_conn_params.c.o
 .text.sd_ble_gap_disconnect
                0x0002c400        0x4 _build/nrf52832_xxaa/ble_conn_params.c.o
 .text.sd_ble_gap_ppcp_set
                0x0002c404        0x4 _build/nrf52832_xxaa/ble_conn_params.c.o
 .text.sd_ble_gap_ppcp_get
                0x0002c408        0x4 _build/nrf52832_xxaa/ble_conn_params.c.o
 .text.update_timeout_handler
                0x0002c40c       0x78 _build/nrf52832_xxaa/ble_conn_params.c.o
 .text.ble_evt_handler
                0x0002c484      0x1d4 _build/nrf52832_xxaa/ble_conn_params.c.o
 .text.ble_conn_params_init
                0x0002c658       0x78 _build/nrf52832_xxaa/ble_conn_params.c.o
                0x0002c658                ble_conn_params_init
 .text.ble_evt_handler
                0x0002c6d0      0x160 _build/nrf52832_xxaa/ble_conn_state.c.o
 .text.ble_conn_state_conn_idx
                0x0002c830       0x24 _build/nrf52832_xxaa/ble_conn_state.c.o
                0x0002c830                ble_conn_state_conn_idx
 .text.blcm_link_ctx_get
                0x0002c854       0x50 _build/nrf52832_xxaa/ble_link_ctx_manager.c.o
                0x0002c854                blcm_link_ctx_get
 .text.sd_ble_gatts_characteristic_add
                0x0002c8a4        0x4 _build/nrf52832_xxaa/ble_srv_common.c.o
 .text.ble_srv_is_notification_enabled
                0x0002c8a8        0x8 _build/nrf52832_xxaa/ble_srv_common.c.o
                0x0002c8a8                ble_srv_is_notification_enabled
 .text.characteristic_add
                0x0002c8b0      0x278 _build/nrf52832_xxaa/ble_srv_common.c.o
                0x0002c8b0                characteristic_add
 .text.sd_ble_gap_data_length_update
                0x0002cb28        0x4 _build/nrf52832_xxaa/nrf_ble_gatt.c.o
 .text.sd_ble_gattc_exchange_mtu_request
                0x0002cb2c        0x4 _build/nrf52832_xxaa/nrf_ble_gatt.c.o
 .text.sd_ble_gatts_exchange_mtu_reply
                0x0002cb30        0x4 _build/nrf52832_xxaa/nrf_ble_gatt.c.o
 .text.data_length_update.constprop.0
                0x0002cb34       0x8c _build/nrf52832_xxaa/nrf_ble_gatt.c.o
 .text.nrf_ble_gatt_init
                0x0002cbc0       0x30 _build/nrf52832_xxaa/nrf_ble_gatt.c.o
                0x0002cbc0                nrf_ble_gatt_init
 .text.nrf_ble_gatt_att_mtu_periph_set
                0x0002cbf0       0x18 _build/nrf52832_xxaa/nrf_ble_gatt.c.o
                0x0002cbf0                nrf_ble_gatt_att_mtu_periph_set
 .text.nrf_ble_gatt_on_ble_evt
                0x0002cc08      0x1c8 _build/nrf52832_xxaa/nrf_ble_gatt.c.o
                0x0002cc08                nrf_ble_gatt_on_ble_evt
 .text.sd_ble_gatts_rw_authorize_reply
                0x0002cdd0        0x4 _build/nrf52832_xxaa/nrf_ble_qwr.c.o
 .text.sd_ble_user_mem_reply
                0x0002cdd4        0x4 _build/nrf52832_xxaa/nrf_ble_qwr.c.o
 .text.nrf_ble_qwr_init
                0x0002cdd8       0x24 _build/nrf52832_xxaa/nrf_ble_qwr.c.o
                0x0002cdd8                nrf_ble_qwr_init
 .text.nrf_ble_qwr_conn_handle_assign
                0x0002cdfc       0x18 _build/nrf52832_xxaa/nrf_ble_qwr.c.o
                0x0002cdfc                nrf_ble_qwr_conn_handle_assign
 .text.nrf_ble_qwr_on_ble_evt
                0x0002ce14       0xf4 _build/nrf52832_xxaa/nrf_ble_qwr.c.o
                0x0002ce14                nrf_ble_qwr_on_ble_evt
 .text.sd_ble_gatts_service_add
                0x0002cf08        0x4 _build/nrf52832_xxaa/ble_nus.c.o
 .text.sd_ble_gatts_value_get
                0x0002cf0c        0x4 _build/nrf52832_xxaa/ble_nus.c.o
 .text.sd_ble_gatts_hvx
                0x0002cf10        0x4 _build/nrf52832_xxaa/ble_nus.c.o
 .text.sd_ble_uuid_vs_add
                0x0002cf14        0x4 _build/nrf52832_xxaa/ble_nus.c.o
 .text.ble_nus_on_ble_evt
                0x0002cf18      0x144 _build/nrf52832_xxaa/ble_nus.c.o
                0x0002cf18                ble_nus_on_ble_evt
 .text.ble_nus_init
                0x0002d05c       0xe8 _build/nrf52832_xxaa/ble_nus.c.o
                0x0002d05c                ble_nus_init
 .text.ble_nus_data_send
                0x0002d144       0x6c _build/nrf52832_xxaa/ble_nus.c.o
                0x0002d144                ble_nus_data_send
 .text.sd_softdevice_enable
                0x0002d1b0        0x4 _build/nrf52832_xxaa/nrf_sdh.c.o
 .text.nrf_sdh_enable_request
                0x0002d1b4      0x118 _build/nrf52832_xxaa/nrf_sdh.c.o
                0x0002d1b4                nrf_sdh_enable_request
 .text.nrf_sdh_is_enabled
                0x0002d2cc        0xc _build/nrf52832_xxaa/nrf_sdh.c.o
                0x0002d2cc                nrf_sdh_is_enabled
 .text.SWI2_EGU2_IRQHandler
                0x0002d2d8       0x2c _build/nrf52832_xxaa/nrf_sdh.c.o
                0x0002d2d8                SWI2_EGU2_IRQHandler
 .text.sd_ble_enable
                0x0002d304        0x4 _build/nrf52832_xxaa/nrf_sdh_ble.c.o
 .text.sd_ble_cfg_set
                0x0002d308        0x4 _build/nrf52832_xxaa/nrf_sdh_ble.c.o
 .text.sd_ble_evt_get
                0x0002d30c        0x4 _build/nrf52832_xxaa/nrf_sdh_ble.c.o
 .text.nrf_sdh_ble_evts_poll.part.0
                0x0002d310       0x54 _build/nrf52832_xxaa/nrf_sdh_ble.c.o
 .text.nrf_sdh_ble_evts_poll
                0x0002d364       0x10 _build/nrf52832_xxaa/nrf_sdh_ble.c.o
 .text.nrf_sdh_ble_default_cfg_set
                0x0002d374      0x1bc _build/nrf52832_xxaa/nrf_sdh_ble.c.o
                0x0002d374                nrf_sdh_ble_default_cfg_set
 .text.nrf_sdh_ble_enable
                0x0002d530       0xa0 _build/nrf52832_xxaa/nrf_sdh_ble.c.o
                0x0002d530                nrf_sdh_ble_enable
 .text.sd_evt_get
                0x0002d5d0        0x4 _build/nrf52832_xxaa/nrf_sdh_soc.c.o
 .text.nrf_sdh_soc_evts_poll
                0x0002d5d4       0x4c _build/nrf52832_xxaa/nrf_sdh_soc.c.o
 .text.exit     0x0002d620       0x28 c:/program files (x86)/gnu tools arm embedded/9 2019-q4-major/bin/../lib/gcc/arm-none-eabi/9.2.1/../../../../arm-none-eabi/lib/thumb/v7e-m+fp/hard\libc_nano.a(lib_a-exit.o)
                0x0002d620                exit
 .text.__libc_init_array
                0x0002d648       0x48 c:/program files (x86)/gnu tools arm embedded/9 2019-q4-major/bin/../lib/gcc/arm-none-eabi/9.2.1/../../../../arm-none-eabi/lib/thumb/v7e-m+fp/hard\libc_nano.a(lib_a-init.o)
                0x0002d648                __libc_init_array
 .text.memcpy   0x0002d690       0x1c c:/program files (x86)/gnu tools arm embedded/9 2019-q4-major/bin/../lib/gcc/arm-none-eabi/9.2.1/../../../../arm-none-eabi/lib/thumb/v7e-m+fp/hard\libc_nano.a(lib_a-memcpy-stub.o)
                0x0002d690                memcpy
 .text.memset   0x0002d6ac       0x10 c:/program files (x86)/gnu tools arm embedded/9 2019-q4-major/bin/../lib/gcc/arm-none-eabi/9.2.1/../../../../arm-none-eabi/lib/thumb/v7e-m+fp/hard\libc_nano.a(lib_a-memset.o)
                0x0002d6ac                memset
 .text.printf   0x0002d6bc       0x30 c:/program files (x86)/gnu tools arm embedded/9 2019-q4-major/bin/../lib/gcc/arm-none-eabi/9.2.1/../../../../arm-none-eabi/lib/thumb/v7e-m+fp/hard\libc_nano.a(lib_a-printf.o)
                0x0002d6bc                iprintf
                0x0002d6bc                printf
 .text.sprintf  0x0002d6ec       0x40 c:/program files (x86)/gnu tools arm embedded/9 2019-q4-major/bin/../lib/gcc/arm-none-eabi/9.2.1/../../../../arm-none-eabi/lib/thumb/v7e-m+fp/hard\libc_nano.a(lib_a-sprintf.o)
                0x0002d6ec                siprintf
                0x0002d6ec                sprintf
 .text.strcpy   0x0002d72c       0x10 c:/program files (x86)/gnu tools arm embedded/9 2019-q4-major/bin/../lib/gcc/arm-none-eabi/9.2.1/../../../../arm-none-eabi/lib/thumb/v7e-m+fp/hard\libc_nano.a(lib_a-strcpy.o)
                0x0002d72c                strcpy
 .text          0x0002d73c       0x10 c:/program files (x86)/gnu tools arm embedded/9 2019-q4-major/bin/../lib/gcc/arm-none-eabi/9.2.1/../../../../arm-none-eabi/lib/thumb/v7e-m+fp/hard\libc_nano.a(lib_a-strlen.o)
                0x0002d73c                strlen
 .text.std      0x0002d74c       0x48 c:/program files (x86)/gnu tools arm embedded/9 2019-q4-major/bin/../lib/gcc/arm-none-eabi/9.2.1/../../../../arm-none-eabi/lib/thumb/v7e-m+fp/hard\libc_nano.a(lib_a-findfp.o)
 .text._cleanup_r
                0x0002d794        0xc c:/program files (x86)/gnu tools arm embedded/9 2019-q4-major/bin/../lib/gcc/arm-none-eabi/9.2.1/../../../../arm-none-eabi/lib/thumb/v7e-m+fp/hard\libc_nano.a(lib_a-findfp.o)
                0x0002d794                _cleanup_r
 .text.__sfmoreglue
                0x0002d7a0       0x2c c:/program files (x86)/gnu tools arm embedded/9 2019-q4-major/bin/../lib/gcc/arm-none-eabi/9.2.1/../../../../arm-none-eabi/lib/thumb/v7e-m+fp/hard\libc_nano.a(lib_a-findfp.o)
                0x0002d7a0                __sfmoreglue
 .text.__sfp_lock_acquire
                0x0002d7cc        0xc c:/program files (x86)/gnu tools arm embedded/9 2019-q4-major/bin/../lib/gcc/arm-none-eabi/9.2.1/../../../../arm-none-eabi/lib/thumb/v7e-m+fp/hard\libc_nano.a(lib_a-findfp.o)
                0x0002d7cc                __sfp_lock_acquire
 .text.__sfp_lock_release
                0x0002d7d8        0xc c:/program files (x86)/gnu tools arm embedded/9 2019-q4-major/bin/../lib/gcc/arm-none-eabi/9.2.1/../../../../arm-none-eabi/lib/thumb/v7e-m+fp/hard\libc_nano.a(lib_a-findfp.o)
                0x0002d7d8                __sfp_lock_release
 .text.__sinit_lock_acquire
                0x0002d7e4        0xc c:/program files (x86)/gnu tools arm embedded/9 2019-q4-major/bin/../lib/gcc/arm-none-eabi/9.2.1/../../../../arm-none-eabi/lib/thumb/v7e-m+fp/hard\libc_nano.a(lib_a-findfp.o)
                0x0002d7e4                __sinit_lock_acquire
 .text.__sinit_lock_release
                0x0002d7f0        0xc c:/program files (x86)/gnu tools arm embedded/9 2019-q4-major/bin/../lib/gcc/arm-none-eabi/9.2.1/../../../../arm-none-eabi/lib/thumb/v7e-m+fp/hard\libc_nano.a(lib_a-findfp.o)
                0x0002d7f0                __sinit_lock_release
 .text.__sinit  0x0002d7fc       0x70 c:/program files (x86)/gnu tools arm embedded/9 2019-q4-major/bin/../lib/gcc/arm-none-eabi/9.2.1/../../../../arm-none-eabi/lib/thumb/v7e-m+fp/hard\libc_nano.a(lib_a-findfp.o)
                0x0002d7fc                __sinit
 .text.__sfp    0x0002d86c       0x8c c:/program files (x86)/gnu tools arm embedded/9 2019-q4-major/bin/../lib/gcc/arm-none-eabi/9.2.1/../../../../arm-none-eabi/lib/thumb/v7e-m+fp/hard\libc_nano.a(lib_a-findfp.o)
                0x0002d86c                __sfp
 .text._fwalk_reent
                0x0002d8f8       0x3e c:/program files (x86)/gnu tools arm embedded/9 2019-q4-major/bin/../lib/gcc/arm-none-eabi/9.2.1/../../../../arm-none-eabi/lib/thumb/v7e-m+fp/hard\libc_nano.a(lib_a-fwalk.o)
                0x0002d8f8                _fwalk_reent
 .text.__retarget_lock_init_recursive
                0x0002d936        0x2 c:/program files (x86)/gnu tools arm embedded/9 2019-q4-major/bin/../lib/gcc/arm-none-eabi/9.2.1/../../../../arm-none-eabi/lib/thumb/v7e-m+fp/hard\libc_nano.a(lib_a-lock.o)
                0x0002d936                __retarget_lock_init_recursive
 .text.__retarget_lock_acquire_recursive
                0x0002d938        0x2 c:/program files (x86)/gnu tools arm embedded/9 2019-q4-major/bin/../lib/gcc/arm-none-eabi/9.2.1/../../../../arm-none-eabi/lib/thumb/v7e-m+fp/hard\libc_nano.a(lib_a-lock.o)
                0x0002d938                __retarget_lock_acquire_recursive
 .text.__retarget_lock_release_recursive
                0x0002d93a        0x2 c:/program files (x86)/gnu tools arm embedded/9 2019-q4-major/bin/../lib/gcc/arm-none-eabi/9.2.1/../../../../arm-none-eabi/lib/thumb/v7e-m+fp/hard\libc_nano.a(lib_a-lock.o)
                0x0002d93a                __retarget_lock_release_recursive
 .text._malloc_r
                0x0002d93c       0xb4 c:/program files (x86)/gnu tools arm embedded/9 2019-q4-major/bin/../lib/gcc/arm-none-eabi/9.2.1/../../../../arm-none-eabi/lib/thumb/v7e-m+fp/hard\libc_nano.a(lib_a-nano-mallocr.o)
                0x0002d93c                _malloc_r
 .text.__ssputs_r
                0x0002d9f0       0xb6 c:/program files (x86)/gnu tools arm embedded/9 2019-q4-major/bin/../lib/gcc/arm-none-eabi/9.2.1/../../../../arm-none-eabi/lib/thumb/v7e-m+fp/hard\libc_nano.a(lib_a-nano-svfprintf.o)
                0x0002d9f0                __ssputs_r
 *fill*         0x0002daa6        0x2 
 .text._svfprintf_r
                0x0002daa8      0x200 c:/program files (x86)/gnu tools arm embedded/9 2019-q4-major/bin/../lib/gcc/arm-none-eabi/9.2.1/../../../../arm-none-eabi/lib/thumb/v7e-m+fp/hard\libc_nano.a(lib_a-nano-svfprintf.o)
                0x0002daa8                _svfiprintf_r
                0x0002daa8                _svfprintf_r
 .text.__sfputc_r
                0x0002dca8       0x2e c:/program files (x86)/gnu tools arm embedded/9 2019-q4-major/bin/../lib/gcc/arm-none-eabi/9.2.1/../../../../arm-none-eabi/lib/thumb/v7e-m+fp/hard\libc_nano.a(lib_a-nano-vfprintf.o)
 .text.__sfputs_r
                0x0002dcd6       0x24 c:/program files (x86)/gnu tools arm embedded/9 2019-q4-major/bin/../lib/gcc/arm-none-eabi/9.2.1/../../../../arm-none-eabi/lib/thumb/v7e-m+fp/hard\libc_nano.a(lib_a-nano-vfprintf.o)
                0x0002dcd6                __sfputs_r
 *fill*         0x0002dcfa        0x2 
 .text._vfprintf_r
                0x0002dcfc      0x260 c:/program files (x86)/gnu tools arm embedded/9 2019-q4-major/bin/../lib/gcc/arm-none-eabi/9.2.1/../../../../arm-none-eabi/lib/thumb/v7e-m+fp/hard\libc_nano.a(lib_a-nano-vfprintf.o)
                0x0002dcfc                _vfprintf_r
                0x0002dcfc                _vfiprintf_r
 .text._printf_common
                0x0002df5c       0xda c:/program files (x86)/gnu tools arm embedded/9 2019-q4-major/bin/../lib/gcc/arm-none-eabi/9.2.1/../../../../arm-none-eabi/lib/thumb/v7e-m+fp/hard\libc_nano.a(lib_a-nano-vfprintf_i.o)
                0x0002df5c                _printf_common
 *fill*         0x0002e036        0x2 
 .text._printf_i
                0x0002e038      0x24c c:/program files (x86)/gnu tools arm embedded/9 2019-q4-major/bin/../lib/gcc/arm-none-eabi/9.2.1/../../../../arm-none-eabi/lib/thumb/v7e-m+fp/hard\libc_nano.a(lib_a-nano-vfprintf_i.o)
                0x0002e038                _printf_i
 .text._sbrk_r  0x0002e284       0x20 c:/program files (x86)/gnu tools arm embedded/9 2019-q4-major/bin/../lib/gcc/arm-none-eabi/9.2.1/../../../../arm-none-eabi/lib/thumb/v7e-m+fp/hard\libc_nano.a(lib_a-sbrkr.o)
                0x0002e284                _sbrk_r
 .text.__sread  0x0002e2a4       0x22 c:/program files (x86)/gnu tools arm embedded/9 2019-q4-major/bin/../lib/gcc/arm-none-eabi/9.2.1/../../../../arm-none-eabi/lib/thumb/v7e-m+fp/hard\libc_nano.a(lib_a-stdio.o)
                0x0002e2a4                __sread
 .text.__swrite
                0x0002e2c6       0x38 c:/program files (x86)/gnu tools arm embedded/9 2019-q4-major/bin/../lib/gcc/arm-none-eabi/9.2.1/../../../../arm-none-eabi/lib/thumb/v7e-m+fp/hard\libc_nano.a(lib_a-stdio.o)
                0x0002e2c6                __swrite
 .text.__sseek  0x0002e2fe       0x24 c:/program files (x86)/gnu tools arm embedded/9 2019-q4-major/bin/../lib/gcc/arm-none-eabi/9.2.1/../../../../arm-none-eabi/lib/thumb/v7e-m+fp/hard\libc_nano.a(lib_a-stdio.o)
                0x0002e2fe                __sseek
 .text.__sclose
                0x0002e322        0x8 c:/program files (x86)/gnu tools arm embedded/9 2019-q4-major/bin/../lib/gcc/arm-none-eabi/9.2.1/../../../../arm-none-eabi/lib/thumb/v7e-m+fp/hard\libc_nano.a(lib_a-stdio.o)
                0x0002e322                __sclose
 *fill*         0x0002e32a        0x2 
 .text.__swbuf_r
                0x0002e32c       0xa4 c:/program files (x86)/gnu tools arm embedded/9 2019-q4-major/bin/../lib/gcc/arm-none-eabi/9.2.1/../../../../arm-none-eabi/lib/thumb/v7e-m+fp/hard\libc_nano.a(lib_a-wbuf.o)
                0x0002e32c                __swbuf_r
 .text._write_r
                0x0002e3d0       0x24 c:/program files (x86)/gnu tools arm embedded/9 2019-q4-major/bin/../lib/gcc/arm-none-eabi/9.2.1/../../../../arm-none-eabi/lib/thumb/v7e-m+fp/hard\libc_nano.a(lib_a-writer.o)
                0x0002e3d0                _write_r
 .text.__swsetup_r
                0x0002e3f4       0xdc c:/program files (x86)/gnu tools arm embedded/9 2019-q4-major/bin/../lib/gcc/arm-none-eabi/9.2.1/../../../../arm-none-eabi/lib/thumb/v7e-m+fp/hard\libc_nano.a(lib_a-wsetup.o)
                0x0002e3f4                __swsetup_r
 .text._close_r
                0x0002e4d0       0x20 c:/program files (x86)/gnu tools arm embedded/9 2019-q4-major/bin/../lib/gcc/arm-none-eabi/9.2.1/../../../../arm-none-eabi/lib/thumb/v7e-m+fp/hard\libc_nano.a(lib_a-closer.o)
                0x0002e4d0                _close_r
 .text.__sflush_r
                0x0002e4f0      0x10c c:/program files (x86)/gnu tools arm embedded/9 2019-q4-major/bin/../lib/gcc/arm-none-eabi/9.2.1/../../../../arm-none-eabi/lib/thumb/v7e-m+fp/hard\libc_nano.a(lib_a-fflush.o)
                0x0002e4f0                __sflush_r
 .text._fflush_r
                0x0002e5fc       0x78 c:/program files (x86)/gnu tools arm embedded/9 2019-q4-major/bin/../lib/gcc/arm-none-eabi/9.2.1/../../../../arm-none-eabi/lib/thumb/v7e-m+fp/hard\libc_nano.a(lib_a-fflush.o)
                0x0002e5fc                _fflush_r
 .text._lseek_r
                0x0002e674       0x24 c:/program files (x86)/gnu tools arm embedded/9 2019-q4-major/bin/../lib/gcc/arm-none-eabi/9.2.1/../../../../arm-none-eabi/lib/thumb/v7e-m+fp/hard\libc_nano.a(lib_a-lseekr.o)
                0x0002e674                _lseek_r
 .text.__swhatbuf_r
                0x0002e698       0x48 c:/program files (x86)/gnu tools arm embedded/9 2019-q4-major/bin/../lib/gcc/arm-none-eabi/9.2.1/../../../../arm-none-eabi/lib/thumb/v7e-m+fp/hard\libc_nano.a(lib_a-makebuf.o)
                0x0002e698                __swhatbuf_r
 .text.__smakebuf_r
                0x0002e6e0       0x80 c:/program files (x86)/gnu tools arm embedded/9 2019-q4-major/bin/../lib/gcc/arm-none-eabi/9.2.1/../../../../arm-none-eabi/lib/thumb/v7e-m+fp/hard\libc_nano.a(lib_a-makebuf.o)
                0x0002e6e0                __smakebuf_r
 .text          0x0002e760       0xa0 c:/program files (x86)/gnu tools arm embedded/9 2019-q4-major/bin/../lib/gcc/arm-none-eabi/9.2.1/../../../../arm-none-eabi/lib/thumb/v7e-m+fp/hard\libc_nano.a(lib_a-memchr.o)
                0x0002e760                memchr
 .text.memmove  0x0002e800       0x34 c:/program files (x86)/gnu tools arm embedded/9 2019-q4-major/bin/../lib/gcc/arm-none-eabi/9.2.1/../../../../arm-none-eabi/lib/thumb/v7e-m+fp/hard\libc_nano.a(lib_a-memmove.o)
                0x0002e800                memmove
 .text.__malloc_lock
                0x0002e834        0xc c:/program files (x86)/gnu tools arm embedded/9 2019-q4-major/bin/../lib/gcc/arm-none-eabi/9.2.1/../../../../arm-none-eabi/lib/thumb/v7e-m+fp/hard\libc_nano.a(lib_a-mlock.o)
                0x0002e834                __malloc_lock
 .text.__malloc_unlock
                0x0002e840        0xc c:/program files (x86)/gnu tools arm embedded/9 2019-q4-major/bin/../lib/gcc/arm-none-eabi/9.2.1/../../../../arm-none-eabi/lib/thumb/v7e-m+fp/hard\libc_nano.a(lib_a-mlock.o)
                0x0002e840                __malloc_unlock
 .text._free_r  0x0002e84c       0xa0 c:/program files (x86)/gnu tools arm embedded/9 2019-q4-major/bin/../lib/gcc/arm-none-eabi/9.2.1/../../../../arm-none-eabi/lib/thumb/v7e-m+fp/hard\libc_nano.a(lib_a-nano-freer.o)
                0x0002e84c                _free_r
 .text._realloc_r
                0x0002e8ec       0x4c c:/program files (x86)/gnu tools arm embedded/9 2019-q4-major/bin/../lib/gcc/arm-none-eabi/9.2.1/../../../../arm-none-eabi/lib/thumb/v7e-m+fp/hard\libc_nano.a(lib_a-nano-reallocr.o)
                0x0002e8ec                _realloc_r
 .text._read_r  0x0002e938       0x24 c:/program files (x86)/gnu tools arm embedded/9 2019-q4-major/bin/../lib/gcc/arm-none-eabi/9.2.1/../../../../arm-none-eabi/lib/thumb/v7e-m+fp/hard\libc_nano.a(lib_a-readr.o)
                0x0002e938                _read_r
 .text._fstat_r
                0x0002e95c       0x24 c:/program files (x86)/gnu tools arm embedded/9 2019-q4-major/bin/../lib/gcc/arm-none-eabi/9.2.1/../../../../arm-none-eabi/lib/thumb/v7e-m+fp/hard\libc_nano.a(lib_a-fstatr.o)
                0x0002e95c                _fstat_r
 .text._isatty_r
                0x0002e980       0x20 c:/program files (x86)/gnu tools arm embedded/9 2019-q4-major/bin/../lib/gcc/arm-none-eabi/9.2.1/../../../../arm-none-eabi/lib/thumb/v7e-m+fp/hard\libc_nano.a(lib_a-isattyr.o)
                0x0002e980                _isatty_r
 .text._malloc_usable_size_r
                0x0002e9a0       0x10 c:/program files (x86)/gnu tools arm embedded/9 2019-q4-major/bin/../lib/gcc/arm-none-eabi/9.2.1/../../../../arm-none-eabi/lib/thumb/v7e-m+fp/hard\libc_nano.a(lib_a-nano-msizer.o)
                0x0002e9a0                _malloc_usable_size_r
 .text._close   0x0002e9b0       0x10 c:/program files (x86)/gnu tools arm embedded/9 2019-q4-major/bin/../lib/gcc/arm-none-eabi/9.2.1/../../../../arm-none-eabi/lib/thumb/v7e-m+fp/hard\libnosys.a(close.o)
                0x0002e9b0                _close
 .text._fstat   0x0002e9c0       0x10 c:/program files (x86)/gnu tools arm embedded/9 2019-q4-major/bin/../lib/gcc/arm-none-eabi/9.2.1/../../../../arm-none-eabi/lib/thumb/v7e-m+fp/hard\libnosys.a(fstat.o)
                0x0002e9c0                _fstat
 .text._isatty  0x0002e9d0       0x10 c:/program files (x86)/gnu tools arm embedded/9 2019-q4-major/bin/../lib/gcc/arm-none-eabi/9.2.1/../../../../arm-none-eabi/lib/thumb/v7e-m+fp/hard\libnosys.a(isatty.o)
                0x0002e9d0                _isatty
 .text._lseek   0x0002e9e0       0x10 c:/program files (x86)/gnu tools arm embedded/9 2019-q4-major/bin/../lib/gcc/arm-none-eabi/9.2.1/../../../../arm-none-eabi/lib/thumb/v7e-m+fp/hard\libnosys.a(lseek.o)
                0x0002e9e0                _lseek
 .text._sbrk    0x0002e9f0       0x1c c:/program files (x86)/gnu tools arm embedded/9 2019-q4-major/bin/../lib/gcc/arm-none-eabi/9.2.1/../../../../arm-none-eabi/lib/thumb/v7e-m+fp/hard\libnosys.a(sbrk.o)
                0x0002e9f0                _sbrk
 .text._exit    0x0002ea0c        0x4 c:/program files (x86)/gnu tools arm embedded/9 2019-q4-major/bin/../lib/gcc/arm-none-eabi/9.2.1/../../../../arm-none-eabi/lib/thumb/v7e-m+fp/hard\libnosys.a(_exit.o)
                0x0002ea0c                _exit
 .text          0x0002ea10       0x30 c:/program files (x86)/gnu tools arm embedded/9 2019-q4-major/bin/../lib/gcc/arm-none-eabi/9.2.1/thumb/v7e-m+fp/hard\libgcc.a(_aeabi_uldivmod.o)
                0x0002ea10                __aeabi_uldivmod
 .text          0x0002ea40      0x2c4 c:/program files (x86)/gnu tools arm embedded/9 2019-q4-major/bin/../lib/gcc/arm-none-eabi/9.2.1/thumb/v7e-m+fp/hard\libgcc.a(_udivmoddi4.o)
                0x0002ea40                __udivmoddi4
 .text          0x0002ed04        0x4 c:/program files (x86)/gnu tools arm embedded/9 2019-q4-major/bin/../lib/gcc/arm-none-eabi/9.2.1/thumb/v7e-m+fp/hard\libgcc.a(_dvmd_tls.o)
                0x0002ed04                __aeabi_idiv0
                0x0002ed04                __aeabi_ldiv0
 *(.init)
 .init          0x0002ed08        0x4 c:/program files (x86)/gnu tools arm embedded/9 2019-q4-major/bin/../lib/gcc/arm-none-eabi/9.2.1/thumb/v7e-m+fp/hard/crti.o
                0x0002ed08                _init
 .init          0x0002ed0c        0x8 c:/program files (x86)/gnu tools arm embedded/9 2019-q4-major/bin/../lib/gcc/arm-none-eabi/9.2.1/thumb/v7e-m+fp/hard/crtn.o
 *(.fini)
 .fini          0x0002ed14        0x4 c:/program files (x86)/gnu tools arm embedded/9 2019-q4-major/bin/../lib/gcc/arm-none-eabi/9.2.1/thumb/v7e-m+fp/hard/crti.o
                0x0002ed14                _fini
 .fini          0x0002ed18        0x8 c:/program files (x86)/gnu tools arm embedded/9 2019-q4-major/bin/../lib/gcc/arm-none-eabi/9.2.1/thumb/v7e-m+fp/hard/crtn.o
 *crtbegin.o(.ctors)
 *crtbegin?.o(.ctors)
 *(EXCLUDE_FILE(*crtend.o *crtend?.o) .ctors)
 *(SORT_BY_NAME(.ctors.*))
 *(.ctors)
 *crtbegin.o(.dtors)
 *crtbegin?.o(.dtors)
 *(EXCLUDE_FILE(*crtend.o *crtend?.o) .dtors)
 *(SORT_BY_NAME(.dtors.*))
 *(.dtors)
 *(.rodata*)
 .rodata.delay_machine_code.9232
                0x0002ed20        0x6 _build/nrf52832_xxaa/nrf_log_backend_rtt.c.o
 *fill*         0x0002ed26        0x2 
 .rodata.nrf_log_backend_rtt_api
                0x0002ed28        0xc _build/nrf52832_xxaa/nrf_log_backend_rtt.c.o
                0x0002ed28                nrf_log_backend_rtt_api
 .rodata.str1.4
                0x0002ed34       0x10 _build/nrf52832_xxaa/nrf_log_default_backends.c.o
 .rodata.nrf_log_frontend_dequeue.str1.4
                0x0002ed44       0x11 _build/nrf52832_xxaa/nrf_log_frontend.c.o
 *fill*         0x0002ed55        0x3 
 .rodata.str1.4
                0x0002ed58        0x4 _build/nrf52832_xxaa/nrf_log_frontend.c.o
 .rodata.m_log_push_ringbuf
                0x0002ed5c        0xc _build/nrf52832_xxaa/nrf_log_frontend.c.o
 .rodata.prefix_process.str1.4
                0x0002ed68       0x36 _build/nrf52832_xxaa/nrf_log_str_formatter.c.o
 *fill*         0x0002ed9e        0x2 
 .rodata.nrf_log_std_entry_process.str1.4
                0x0002eda0        0x3 _build/nrf52832_xxaa/nrf_log_str_formatter.c.o
 *fill*         0x0002eda3        0x1 
 .rodata.nrf_log_hexdump_entry_process.str1.4
                0x0002eda4       0x13 _build/nrf52832_xxaa/nrf_log_str_formatter.c.o
                                 0x16 (size before relaxing)
 *fill*         0x0002edb7        0x1 
 .rodata.str1.4
                0x0002edb8       0x56 _build/nrf52832_xxaa/nrf_log_str_formatter.c.o
 *fill*         0x0002ee0e        0x2 
 .rodata.m_colors
                0x0002ee10       0x24 _build/nrf52832_xxaa/nrf_log_str_formatter.c.o
 .rodata.severity_names
                0x0002ee34       0x14 _build/nrf52832_xxaa/nrf_log_str_formatter.c.o
 .rodata.str1.4
                0x0002ee48        0xb _build/nrf52832_xxaa/app_button.c.o
 *fill*         0x0002ee53        0x1 
 .rodata.m_detection_delay_timer_id
                0x0002ee54        0x4 _build/nrf52832_xxaa/app_button.c.o
 .rodata.app_error_fault_handler.str1.4
                0x0002ee58       0x19 _build/nrf52832_xxaa/app_error_weak.c.o
 *fill*         0x0002ee71        0x3 
 .rodata.str1.4
                0x0002ee74        0xa _build/nrf52832_xxaa/app_timer2.c.o
 *fill*         0x0002ee7e        0x2 
 .rodata        0x0002ee80        0x4 _build/nrf52832_xxaa/app_timer2.c.o
 .rodata.m_app_timer_sortlist
                0x0002ee84        0xc _build/nrf52832_xxaa/app_timer2.c.o
 .rodata        0x0002ee90       0x20 _build/nrf52832_xxaa/app_uart_fifo.c.o
 .rodata.drv_rtc_init.str1.4
                0x0002eeb0       0x36 _build/nrf52832_xxaa/drv_rtc.c.o
 *fill*         0x0002eee6        0xa 
 .rodata.delay_machine_code.8556
                0x0002eef0        0x6 _build/nrf52832_xxaa/drv_rtc.c.o
 *fill*         0x0002eef6        0x2 
 .rodata._aV2C.7653
                0x0002eef8       0x10 _build/nrf52832_xxaa/nrf_fprintf_format.c.o
 .rodata.str1.4
                0x0002ef08        0x9 _build/nrf52832_xxaa/nrf_pwr_mgmt.c.o
 *fill*         0x0002ef11        0x3 
 .rodata.pwr_mgmt_data
                0x0002ef14        0xc _build/nrf52832_xxaa/nrf_pwr_mgmt.c.o
 .rodata.str1.4
                0x0002ef20        0x9 _build/nrf52832_xxaa/nrf_sortlist.c.o
 *fill*         0x0002ef29        0x3 
 .rodata.str1.4
                0x0002ef2c      0x3e9 _build/nrf52832_xxaa/nrf_strerror.c.o
 *fill*         0x0002f315        0x3 
 .rodata.m_unknown_str
                0x0002f318       0x13 _build/nrf52832_xxaa/nrf_strerror.c.o
 *fill*         0x0002f32b        0x1 
 .rodata.nrf_strerror_array
                0x0002f32c      0x128 _build/nrf52832_xxaa/nrf_strerror.c.o
 .rodata.CSWTCH.15
                0x0002f454        0x5 _build/nrf52832_xxaa/system_nrf52.c.o
 *fill*         0x0002f459        0x3 
 .rodata.CSWTCH.19
                0x0002f45c        0x5 _build/nrf52832_xxaa/system_nrf52.c.o
 *fill*         0x0002f461        0x3 
 .rodata.CSWTCH.21
                0x0002f464        0x5 _build/nrf52832_xxaa/system_nrf52.c.o
 *fill*         0x0002f469        0x3 
 .rodata.CSWTCH.5
                0x0002f46c        0x5 _build/nrf52832_xxaa/system_nrf52.c.o
 *fill*         0x0002f471        0x3 
 .rodata.m_board_btn_list
                0x0002f474        0x4 _build/nrf52832_xxaa/boards.c.o
 .rodata.m_board_led_list
                0x0002f478        0x4 _build/nrf52832_xxaa/boards.c.o
 .rodata.str1.4
                0x0002f47c        0x6 _build/nrf52832_xxaa/nrf_drv_clock.c.o
 *fill*         0x0002f482        0x2 
 .rodata.str1.4
                0x0002f484        0x6 _build/nrf52832_xxaa/nrfx_clock.c.o
 *fill*         0x0002f48a        0x2 
 .rodata.str1.4
                0x0002f48c        0x7 _build/nrf52832_xxaa/nrfx_gpiote.c.o
 *fill*         0x0002f493        0x1 
 .rodata.str1.4
                0x0002f494        0x4 _build/nrf52832_xxaa/nrfx_prs.c.o
 .rodata.str1.4
                0x0002f498        0x5 _build/nrf52832_xxaa/nrfx_uart.c.o
 *fill*         0x0002f49d        0x3 
 .rodata.str1.4
                0x0002f4a0        0x6 _build/nrf52832_xxaa/nrfx_uarte.c.o
 *fill*         0x0002f4a6        0x2 
 .rodata.app_buttons
                0x0002f4a8       0x20 _build/nrf52832_xxaa/bsp.c.o
 .rodata.m_bsp_alert_tmr
                0x0002f4c8        0x4 _build/nrf52832_xxaa/bsp.c.o
 .rodata.m_bsp_button_tmr
                0x0002f4cc        0x4 _build/nrf52832_xxaa/bsp.c.o
 .rodata.m_bsp_leds_tmr
                0x0002f4d0        0x4 _build/nrf52832_xxaa/bsp.c.o
 .rodata.ble_evt_handler.str1.4
                0x0002f4d4       0x29 _build/nrf52832_xxaa/main.c.o
 *fill*         0x0002f4fd        0x3 
 .rodata.gatt_evt_handler.str1.4
                0x0002f500       0x1c _build/nrf52832_xxaa/main.c.o
 .rodata.nus_data_handler.str1.4
                0x0002f51c       0x32 _build/nrf52832_xxaa/main.c.o
 *fill*         0x0002f54e        0x2 
 .rodata.main.str1.4
                0x0002f550       0x4d _build/nrf52832_xxaa/main.c.o
 *fill*         0x0002f59d        0x3 
 .rodata        0x0002f5a0       0x18 _build/nrf52832_xxaa/main.c.o
 .rodata.SEGGER_RTT_ReadNoLock.str1.4
                0x0002f5b8       0x17 _build/nrf52832_xxaa/SEGGER_RTT.c.o
 *fill*         0x0002f5cf        0x1 
 .rodata.data_length_update.constprop.0.str1.4
                0x0002f5d0       0xe2 _build/nrf52832_xxaa/nrf_ble_gatt.c.o
 *fill*         0x0002f6b2        0x2 
 .rodata.nrf_ble_gatt_on_ble_evt.str1.4
                0x0002f6b4       0x63 _build/nrf52832_xxaa/nrf_ble_gatt.c.o
 *fill*         0x0002f717        0x1 
 .rodata.str1.4
                0x0002f718        0xd _build/nrf52832_xxaa/nrf_ble_gatt.c.o
 *fill*         0x0002f725        0x3 
 .rodata.str1.4
                0x0002f728        0x8 _build/nrf52832_xxaa/ble_nus.c.o
 .rodata        0x0002f730       0x10 _build/nrf52832_xxaa/ble_nus.c.o
 .rodata.str1.4
                0x0002f740        0x8 _build/nrf52832_xxaa/nrf_sdh.c.o
 .rodata        0x0002f748        0x4 _build/nrf52832_xxaa/nrf_sdh.c.o
 .rodata.sdh_req_observers
                0x0002f74c        0xc _build/nrf52832_xxaa/nrf_sdh.c.o
 .rodata.sdh_stack_observers
                0x0002f758        0xc _build/nrf52832_xxaa/nrf_sdh.c.o
 .rodata.sdh_state_observers
                0x0002f764        0xc _build/nrf52832_xxaa/nrf_sdh.c.o
 .rodata.nrf_sdh_ble_default_cfg_set.str1.4
                0x0002f770      0x1cf _build/nrf52832_xxaa/nrf_sdh_ble.c.o
 *fill*         0x0002f93f        0x1 
 .rodata.nrf_sdh_ble_enable.str1.4
                0x0002f940       0xad _build/nrf52832_xxaa/nrf_sdh_ble.c.o
 *fill*         0x0002f9ed        0x3 
 .rodata.str1.4
                0x0002f9f0        0xc _build/nrf52832_xxaa/nrf_sdh_ble.c.o
 .rodata.sdh_ble_observers
                0x0002f9fc        0xc _build/nrf52832_xxaa/nrf_sdh_ble.c.o
 .rodata.str1.4
                0x0002fa08        0xc _build/nrf52832_xxaa/nrf_sdh_soc.c.o
 .rodata.sdh_soc_observers
                0x0002fa14        0xc _build/nrf52832_xxaa/nrf_sdh_soc.c.o
 .rodata._ctype_
                0x0002fa20      0x101 c:/program files (x86)/gnu tools arm embedded/9 2019-q4-major/bin/../lib/gcc/arm-none-eabi/9.2.1/../../../../arm-none-eabi/lib/thumb/v7e-m+fp/hard\libc_nano.a(lib_a-ctype_.o)
                0x0002fa20                _ctype_
 *fill*         0x0002fb21        0x3 
 .rodata._global_impure_ptr
                0x0002fb24        0x4 c:/program files (x86)/gnu tools arm embedded/9 2019-q4-major/bin/../lib/gcc/arm-none-eabi/9.2.1/../../../../arm-none-eabi/lib/thumb/v7e-m+fp/hard\libc_nano.a(lib_a-impure.o)
                0x0002fb24                _global_impure_ptr
 .rodata.__sf_fake_stderr
                0x0002fb28       0x20 c:/program files (x86)/gnu tools arm embedded/9 2019-q4-major/bin/../lib/gcc/arm-none-eabi/9.2.1/../../../../arm-none-eabi/lib/thumb/v7e-m+fp/hard\libc_nano.a(lib_a-findfp.o)
                0x0002fb28                __sf_fake_stderr
 .rodata.__sf_fake_stdin
                0x0002fb48       0x20 c:/program files (x86)/gnu tools arm embedded/9 2019-q4-major/bin/../lib/gcc/arm-none-eabi/9.2.1/../../../../arm-none-eabi/lib/thumb/v7e-m+fp/hard\libc_nano.a(lib_a-findfp.o)
                0x0002fb48                __sf_fake_stdin
 .rodata.__sf_fake_stdout
                0x0002fb68       0x20 c:/program files (x86)/gnu tools arm embedded/9 2019-q4-major/bin/../lib/gcc/arm-none-eabi/9.2.1/../../../../arm-none-eabi/lib/thumb/v7e-m+fp/hard\libc_nano.a(lib_a-findfp.o)
                0x0002fb68                __sf_fake_stdout
 .rodata._svfprintf_r.str1.1
                0x0002fb88       0x11 c:/program files (x86)/gnu tools arm embedded/9 2019-q4-major/bin/../lib/gcc/arm-none-eabi/9.2.1/../../../../arm-none-eabi/lib/thumb/v7e-m+fp/hard\libc_nano.a(lib_a-nano-svfprintf.o)
 .rodata._vfprintf_r.str1.1
                0x0002fb99       0x11 c:/program files (x86)/gnu tools arm embedded/9 2019-q4-major/bin/../lib/gcc/arm-none-eabi/9.2.1/../../../../arm-none-eabi/lib/thumb/v7e-m+fp/hard\libc_nano.a(lib_a-nano-vfprintf.o)
 .rodata._printf_i.str1.1
                0x0002fb99       0x22 c:/program files (x86)/gnu tools arm embedded/9 2019-q4-major/bin/../lib/gcc/arm-none-eabi/9.2.1/../../../../arm-none-eabi/lib/thumb/v7e-m+fp/hard\libc_nano.a(lib_a-nano-vfprintf_i.o)
 *(.eh_frame*)
 *fill*         0x0002fbbb        0x1 
 .eh_frame      0x0002fbbc        0x0 c:/program files (x86)/gnu tools arm embedded/9 2019-q4-major/bin/../lib/gcc/arm-none-eabi/9.2.1/thumb/v7e-m+fp/hard/crtbegin.o
 .eh_frame      0x0002fbbc        0x4 c:/program files (x86)/gnu tools arm embedded/9 2019-q4-major/bin/../lib/gcc/arm-none-eabi/9.2.1/thumb/v7e-m+fp/hard/crtend.o

.glue_7         0x0002fbc0        0x0
 .glue_7        0x0002fbc0        0x0 linker stubs

.glue_7t        0x0002fbc0        0x0
 .glue_7t       0x0002fbc0        0x0 linker stubs

.vfp11_veneer   0x0002fbc0        0x0
 .vfp11_veneer  0x0002fbc0        0x0 linker stubs

.v4_bx          0x0002fbc0        0x0
 .v4_bx         0x0002fbc0        0x0 linker stubs

.iplt           0x0002fbc0        0x0
 .iplt          0x0002fbc0        0x0 c:/program files (x86)/gnu tools arm embedded/9 2019-q4-major/bin/../lib/gcc/arm-none-eabi/9.2.1/thumb/v7e-m+fp/hard/crtbegin.o

.mem_section_dummy_rom

.sdh_soc_observers
                0x0002fbc0        0x8
                0x0002fbc0                PROVIDE (__start_sdh_soc_observers = .)
 *(SORT_BY_NAME(.sdh_soc_observers*))
 .sdh_soc_observers0
                0x0002fbc0        0x8 _build/nrf52832_xxaa/nrf_drv_clock.c.o
                0x0002fbc8                PROVIDE (__stop_sdh_soc_observers = .)

.sdh_ble_observers
                0x0002fbc8       0x40
                0x0002fbc8                PROVIDE (__start_sdh_ble_observers = .)
 *(SORT_BY_NAME(.sdh_ble_observers*))
 .sdh_ble_observers0
                0x0002fbc8        0x8 _build/nrf52832_xxaa/ble_conn_state.c.o
 .sdh_ble_observers1
                0x0002fbd0        0x8 _build/nrf52832_xxaa/bsp_btn_ble.c.o
 .sdh_ble_observers1
                0x0002fbd8       0x10 _build/nrf52832_xxaa/main.c.o
 .sdh_ble_observers1
                0x0002fbe8        0x8 _build/nrf52832_xxaa/ble_conn_params.c.o
 .sdh_ble_observers2
                0x0002fbf0       0x10 _build/nrf52832_xxaa/main.c.o
 .sdh_ble_observers3
                0x0002fc00        0x8 _build/nrf52832_xxaa/main.c.o
                0x0002fc08                PROVIDE (__stop_sdh_ble_observers = .)

.pwr_mgmt_data  0x0002fc08        0x0
                0x0002fc08                PROVIDE (__start_pwr_mgmt_data = .)
 *(SORT_BY_NAME(.pwr_mgmt_data*))
                0x0002fc08                PROVIDE (__stop_pwr_mgmt_data = .)

.sdh_req_observers
                0x0002fc08        0x0
                0x0002fc08                PROVIDE (__start_sdh_req_observers = .)
 *(SORT_BY_NAME(.sdh_req_observers*))
                0x0002fc08                PROVIDE (__stop_sdh_req_observers = .)

.sdh_state_observers
                0x0002fc08        0x8
                0x0002fc08                PROVIDE (__start_sdh_state_observers = .)
 *(SORT_BY_NAME(.sdh_state_observers*))
 .sdh_state_observers0
                0x0002fc08        0x8 _build/nrf52832_xxaa/nrf_drv_clock.c.o
                0x0002fc10                PROVIDE (__stop_sdh_state_observers = .)

.sdh_stack_observers
                0x0002fc10       0x10
                0x0002fc10                PROVIDE (__start_sdh_stack_observers = .)
 *(SORT_BY_NAME(.sdh_stack_observers*))
 .sdh_stack_observers0
                0x0002fc10        0x8 _build/nrf52832_xxaa/nrf_sdh_ble.c.o
 .sdh_stack_observers0
                0x0002fc18        0x8 _build/nrf52832_xxaa/nrf_sdh_soc.c.o
                0x0002fc20                PROVIDE (__stop_sdh_stack_observers = .)

.nrf_queue      0x0002fc20        0x0
                [!provide]                PROVIDE (__start_nrf_queue = .)
 *(.nrf_queue)
                [!provide]                PROVIDE (__stop_nrf_queue = .)

.nrf_balloc     0x0002fc20       0x14
                [!provide]                PROVIDE (__start_nrf_balloc = .)
 *(.nrf_balloc)
 .nrf_balloc    0x0002fc20       0x14 _build/nrf52832_xxaa/nrf_log_frontend.c.o
                0x0002fc20                log_mempool
                [!provide]                PROVIDE (__stop_nrf_balloc = .)

.cli_command    0x0002fc34        0x0
                [!provide]                PROVIDE (__start_cli_command = .)
 *(.cli_command)
                [!provide]                PROVIDE (__stop_cli_command = .)

.crypto_data    0x0002fc34        0x0
                [!provide]                PROVIDE (__start_crypto_data = .)
 *(SORT_BY_NAME(.crypto_data*))
                [!provide]                PROVIDE (__stop_crypto_data = .)

.log_const_data
                0x0002fc34       0x80
                0x0002fc34                PROVIDE (__start_log_const_data = .)
 *(SORT_BY_NAME(.log_const_data*))
 .log_const_data_CLOCK
                0x0002fc34        0x8 _build/nrf52832_xxaa/nrfx_clock.c.o
                0x0002fc34                m_nrf_log_CLOCK_logs_data_const
 .log_const_data_GPIOTE
                0x0002fc3c        0x8 _build/nrf52832_xxaa/nrfx_gpiote.c.o
                0x0002fc3c                m_nrf_log_GPIOTE_logs_data_const
 .log_const_data_PRS
                0x0002fc44        0x8 _build/nrf52832_xxaa/nrfx_prs.c.o
                0x0002fc44                m_nrf_log_PRS_logs_data_const
 .log_const_data_UART
                0x0002fc4c        0x8 _build/nrf52832_xxaa/nrfx_uart.c.o
                0x0002fc4c                m_nrf_log_UART_logs_data_const
 .log_const_data_UARTE
                0x0002fc54        0x8 _build/nrf52832_xxaa/nrfx_uarte.c.o
                0x0002fc54                m_nrf_log_UARTE_logs_data_const
 .log_const_data_app
                0x0002fc5c        0x8 _build/nrf52832_xxaa/nrf_log_frontend.c.o
                0x0002fc5c                m_nrf_log_app_logs_data_const
 .log_const_data_app_button
                0x0002fc64        0x8 _build/nrf52832_xxaa/app_button.c.o
                0x0002fc64                m_nrf_log_app_button_logs_data_const
 .log_const_data_app_timer
                0x0002fc6c        0x8 _build/nrf52832_xxaa/app_timer2.c.o
                0x0002fc6c                m_nrf_log_app_timer_logs_data_const
 .log_const_data_ble_nus
                0x0002fc74        0x8 _build/nrf52832_xxaa/ble_nus.c.o
                0x0002fc74                m_nrf_log_ble_nus_logs_data_const
 .log_const_data_clock
                0x0002fc7c        0x8 _build/nrf52832_xxaa/nrf_drv_clock.c.o
                0x0002fc7c                m_nrf_log_clock_logs_data_const
 .log_const_data_nrf_ble_gatt
                0x0002fc84        0x8 _build/nrf52832_xxaa/nrf_ble_gatt.c.o
                0x0002fc84                m_nrf_log_nrf_ble_gatt_logs_data_const
 .log_const_data_nrf_sdh
                0x0002fc8c        0x8 _build/nrf52832_xxaa/nrf_sdh.c.o
                0x0002fc8c                m_nrf_log_nrf_sdh_logs_data_const
 .log_const_data_nrf_sdh_ble
                0x0002fc94        0x8 _build/nrf52832_xxaa/nrf_sdh_ble.c.o
                0x0002fc94                m_nrf_log_nrf_sdh_ble_logs_data_const
 .log_const_data_nrf_sdh_soc
                0x0002fc9c        0x8 _build/nrf52832_xxaa/nrf_sdh_soc.c.o
                0x0002fc9c                m_nrf_log_nrf_sdh_soc_logs_data_const
 .log_const_data_pwr_mgmt
                0x0002fca4        0x8 _build/nrf52832_xxaa/nrf_pwr_mgmt.c.o
                0x0002fca4                m_nrf_log_pwr_mgmt_logs_data_const
 .log_const_data_sortlist
                0x0002fcac        0x8 _build/nrf52832_xxaa/nrf_sortlist.c.o
                0x0002fcac                m_nrf_log_sortlist_logs_data_const
                0x0002fcb4                PROVIDE (__stop_log_const_data = .)

.log_backends   0x0002fcb4       0x10
                [!provide]                PROVIDE (__start_log_backends = .)
 *(SORT_BY_NAME(.log_backends*))
 .log_backends  0x0002fcb4       0x10 _build/nrf52832_xxaa/nrf_log_default_backends.c.o
                [!provide]                PROVIDE (__stop_log_backends = .)

.ARM.extab
 *(.ARM.extab* .gnu.linkonce.armextab.*)
                0x0002fcc4                __exidx_start = .

.ARM.exidx      0x0002fcc4        0x8
 *(.ARM.exidx* .gnu.linkonce.armexidx.*)
 .ARM.exidx     0x0002fcc4        0x8 c:/program files (x86)/gnu tools arm embedded/9 2019-q4-major/bin/../lib/gcc/arm-none-eabi/9.2.1/../../../../arm-none-eabi/lib/thumb/v7e-m+fp/hard/crt0.o
 .ARM.exidx     0x0002fccc        0x0 c:/program files (x86)/gnu tools arm embedded/9 2019-q4-major/bin/../lib/gcc/arm-none-eabi/9.2.1/thumb/v7e-m+fp/hard\libgcc.a(_udivmoddi4.o)
                                  0x8 (size before relaxing)
                0x0002fccc                __exidx_end = .

.rel.dyn        0x0002fccc        0x0
 .rel.iplt      0x0002fccc        0x0 c:/program files (x86)/gnu tools arm embedded/9 2019-q4-major/bin/../lib/gcc/arm-none-eabi/9.2.1/thumb/v7e-m+fp/hard/crtbegin.o
                0x0002fccc                . = ALIGN (0x4)
                0x0002fccc                __etext = .

.data           0x20002ad8      0x140 load address 0x0002fccc
                0x20002ad8                __data_start__ = .
 *(vtable)
 *(.data*)
 .data.log_backend_cb_rtt_log_backend
                0x20002ad8        0x8 _build/nrf52832_xxaa/nrf_log_default_backends.c.o
 .data.m_detection_delay_timer_id_data
                0x20002ae0       0x20 _build/nrf52832_xxaa/app_button.c.o
 .data.m_rtc_inst
                0x20002b00        0x8 _build/nrf52832_xxaa/app_timer2.c.o
 .data.app_uart_inst
                0x20002b08       0x14 _build/nrf52832_xxaa/app_uart_fifo.c.o
 .data.SystemCoreClock
                0x20002b1c        0x4 _build/nrf52832_xxaa/system_nrf52.c.o
                0x20002b1c                SystemCoreClock
 .data.m_bsp_alert_tmr_data
                0x20002b20       0x20 _build/nrf52832_xxaa/bsp.c.o
 .data.m_bsp_button_tmr_data
                0x20002b40       0x20 _build/nrf52832_xxaa/bsp.c.o
 .data.m_bsp_leds_tmr_data
                0x20002b60       0x20 _build/nrf52832_xxaa/bsp.c.o
 .data.m_adv_uuids
                0x20002b80        0x4 _build/nrf52832_xxaa/main.c.o
 .data.m_ble_nus_max_data_len
                0x20002b84        0x2 _build/nrf52832_xxaa/main.c.o
 .data.m_conn_handle
                0x20002b86        0x2 _build/nrf52832_xxaa/main.c.o
 .data.m_nus    0x20002b88       0x1c _build/nrf52832_xxaa/main.c.o
 .data.m_nus_link_ctx_storage
                0x20002ba4        0x8 _build/nrf52832_xxaa/main.c.o
 .data._impure_ptr
                0x20002bac        0x4 c:/program files (x86)/gnu tools arm embedded/9 2019-q4-major/bin/../lib/gcc/arm-none-eabi/9.2.1/../../../../arm-none-eabi/lib/thumb/v7e-m+fp/hard\libc_nano.a(lib_a-impure.o)
                0x20002bac                _impure_ptr
 .data.impure_data
                0x20002bb0       0x60 c:/program files (x86)/gnu tools arm embedded/9 2019-q4-major/bin/../lib/gcc/arm-none-eabi/9.2.1/../../../../arm-none-eabi/lib/thumb/v7e-m+fp/hard\libc_nano.a(lib_a-impure.o)
                0x20002c10                . = ALIGN (0x4)
                0x20002c10                PROVIDE (__preinit_array_start = .)
 *(.preinit_array)
                0x20002c10                PROVIDE (__preinit_array_end = .)
                0x20002c10                . = ALIGN (0x4)
                0x20002c10                PROVIDE (__init_array_start = .)
 *(SORT_BY_NAME(.init_array.*))
 *(.init_array)
 .init_array    0x20002c10        0x4 c:/program files (x86)/gnu tools arm embedded/9 2019-q4-major/bin/../lib/gcc/arm-none-eabi/9.2.1/thumb/v7e-m+fp/hard/crtbegin.o
                0x20002c14                PROVIDE (__init_array_end = .)
                0x20002c14                . = ALIGN (0x4)
                [!provide]                PROVIDE (__fini_array_start = .)
 *(SORT_BY_NAME(.fini_array.*))
 *(.fini_array)
 .fini_array    0x20002c14        0x4 c:/program files (x86)/gnu tools arm embedded/9 2019-q4-major/bin/../lib/gcc/arm-none-eabi/9.2.1/thumb/v7e-m+fp/hard/crtbegin.o
                [!provide]                PROVIDE (__fini_array_end = .)
 *(.jcr*)
                0x20002c18                . = ALIGN (0x4)
                0x20002c18                __data_end__ = .
LOAD c:/program files (x86)/gnu tools arm embedded/9 2019-q4-major/bin/../lib/gcc/arm-none-eabi/9.2.1/thumb/v7e-m+fp/hard/crti.o
LOAD c:/program files (x86)/gnu tools arm embedded/9 2019-q4-major/bin/../lib/gcc/arm-none-eabi/9.2.1/thumb/v7e-m+fp/hard/crtbegin.o
LOAD c:/program files (x86)/gnu tools arm embedded/9 2019-q4-major/bin/../lib/gcc/arm-none-eabi/9.2.1/../../../../arm-none-eabi/lib/thumb/v7e-m+fp/hard/crt0.o
LOAD _build/nrf52832_xxaa/gcc_startup_nrf52.S.o
LOAD _build/nrf52832_xxaa/nrf_log_backend_rtt.c.o
LOAD _build/nrf52832_xxaa/nrf_log_backend_serial.c.o
LOAD _build/nrf52832_xxaa/nrf_log_default_backends.c.o
LOAD _build/nrf52832_xxaa/nrf_log_frontend.c.o
LOAD _build/nrf52832_xxaa/nrf_log_str_formatter.c.o
LOAD _build/nrf52832_xxaa/app_button.c.o
LOAD _build/nrf52832_xxaa/app_error.c.o
LOAD _build/nrf52832_xxaa/app_error_handler_gcc.c.o
LOAD _build/nrf52832_xxaa/app_error_weak.c.o
LOAD _build/nrf52832_xxaa/app_fifo.c.o
LOAD _build/nrf52832_xxaa/app_scheduler.c.o
LOAD _build/nrf52832_xxaa/app_timer2.c.o
LOAD _build/nrf52832_xxaa/app_uart_fifo.c.o
LOAD _build/nrf52832_xxaa/app_util_platform.c.o
LOAD _build/nrf52832_xxaa/drv_rtc.c.o
LOAD _build/nrf52832_xxaa/hardfault_implementation.c.o
LOAD _build/nrf52832_xxaa/nrf_assert.c.o
LOAD _build/nrf52832_xxaa/nrf_atfifo.c.o
LOAD _build/nrf52832_xxaa/nrf_atflags.c.o
LOAD _build/nrf52832_xxaa/nrf_atomic.c.o
LOAD _build/nrf52832_xxaa/nrf_balloc.c.o
LOAD _build/nrf52832_xxaa/nrf_fprintf.c.o
LOAD _build/nrf52832_xxaa/nrf_fprintf_format.c.o
LOAD _build/nrf52832_xxaa/nrf_memobj.c.o
LOAD _build/nrf52832_xxaa/nrf_pwr_mgmt.c.o
LOAD _build/nrf52832_xxaa/nrf_ringbuf.c.o
LOAD _build/nrf52832_xxaa/nrf_section_iter.c.o
LOAD _build/nrf52832_xxaa/nrf_sortlist.c.o
LOAD _build/nrf52832_xxaa/nrf_strerror.c.o
LOAD _build/nrf52832_xxaa/retarget.c.o
LOAD _build/nrf52832_xxaa/system_nrf52.c.o
LOAD _build/nrf52832_xxaa/boards.c.o
LOAD _build/nrf52832_xxaa/nrf_drv_clock.c.o
LOAD _build/nrf52832_xxaa/nrf_drv_uart.c.o
LOAD _build/nrf52832_xxaa/nrfx_atomic.c.o
LOAD _build/nrf52832_xxaa/nrfx_clock.c.o
LOAD _build/nrf52832_xxaa/nrfx_gpiote.c.o
LOAD _build/nrf52832_xxaa/nrfx_prs.c.o
LOAD _build/nrf52832_xxaa/nrfx_uart.c.o
LOAD _build/nrf52832_xxaa/nrfx_uarte.c.o
LOAD _build/nrf52832_xxaa/bsp.c.o
LOAD _build/nrf52832_xxaa/bsp_btn_ble.c.o
LOAD _build/nrf52832_xxaa/main.c.o
LOAD _build/nrf52832_xxaa/SEGGER_RTT.c.o
LOAD _build/nrf52832_xxaa/SEGGER_RTT_Syscalls_GCC.c.o
LOAD _build/nrf52832_xxaa/SEGGER_RTT_printf.c.o
LOAD _build/nrf52832_xxaa/ble_advdata.c.o
LOAD _build/nrf52832_xxaa/ble_advertising.c.o
LOAD _build/nrf52832_xxaa/ble_conn_params.c.o
LOAD _build/nrf52832_xxaa/ble_conn_state.c.o
LOAD _build/nrf52832_xxaa/ble_link_ctx_manager.c.o
LOAD _build/nrf52832_xxaa/ble_srv_common.c.o
LOAD _build/nrf52832_xxaa/nrf_ble_gatt.c.o
LOAD _build/nrf52832_xxaa/nrf_ble_qwr.c.o
LOAD _build/nrf52832_xxaa/utf.c.o
LOAD _build/nrf52832_xxaa/ble_nus.c.o
LOAD _build/nrf52832_xxaa/nrf_sdh.c.o
LOAD _build/nrf52832_xxaa/nrf_sdh_ble.c.o
LOAD _build/nrf52832_xxaa/nrf_sdh_soc.c.o
LOAD c:/program files (x86)/gnu tools arm embedded/9 2019-q4-major/bin/../lib/gcc/arm-none-eabi/9.2.1/../../../../arm-none-eabi/lib/thumb/v7e-m+fp/hard\libc_nano.a
LOAD c:/program files (x86)/gnu tools arm embedded/9 2019-q4-major/bin/../lib/gcc/arm-none-eabi/9.2.1/../../../../arm-none-eabi/lib/thumb/v7e-m+fp/hard\libnosys.a
LOAD c:/program files (x86)/gnu tools arm embedded/9 2019-q4-major/bin/../lib/gcc/arm-none-eabi/9.2.1/../../../../arm-none-eabi/lib/thumb/v7e-m+fp/hard\libm.a
START GROUP
LOAD c:/program files (x86)/gnu tools arm embedded/9 2019-q4-major/bin/../lib/gcc/arm-none-eabi/9.2.1/thumb/v7e-m+fp/hard\libgcc.a
LOAD c:/program files (x86)/gnu tools arm embedded/9 2019-q4-major/bin/../lib/gcc/arm-none-eabi/9.2.1/../../../../arm-none-eabi/lib/thumb/v7e-m+fp/hard\libg_nano.a
LOAD c:/program files (x86)/gnu tools arm embedded/9 2019-q4-major/bin/../lib/gcc/arm-none-eabi/9.2.1/../../../../arm-none-eabi/lib/thumb/v7e-m+fp/hard\libc_nano.a
END GROUP
START GROUP
LOAD c:/program files (x86)/gnu tools arm embedded/9 2019-q4-major/bin/../lib/gcc/arm-none-eabi/9.2.1/thumb/v7e-m+fp/hard\libgcc.a
LOAD c:/program files (x86)/gnu tools arm embedded/9 2019-q4-major/bin/../lib/gcc/arm-none-eabi/9.2.1/../../../../arm-none-eabi/lib/thumb/v7e-m+fp/hard\libc_nano.a
END GROUP
LOAD c:/program files (x86)/gnu tools arm embedded/9 2019-q4-major/bin/../lib/gcc/arm-none-eabi/9.2.1/thumb/v7e-m+fp/hard/crtend.o
LOAD c:/program files (x86)/gnu tools arm embedded/9 2019-q4-major/bin/../lib/gcc/arm-none-eabi/9.2.1/thumb/v7e-m+fp/hard/crtn.o
START GROUP
LOAD c:/program files (x86)/gnu tools arm embedded/9 2019-q4-major/bin/../lib/gcc/arm-none-eabi/9.2.1/thumb/v7e-m+fp/hard\libgcc.a
LOAD c:/program files (x86)/gnu tools arm embedded/9 2019-q4-major/bin/../lib/gcc/arm-none-eabi/9.2.1/../../../../arm-none-eabi/lib/thumb/v7e-m+fp/hard\libc.a
LOAD c:/program files (x86)/gnu tools arm embedded/9 2019-q4-major/bin/../lib/gcc/arm-none-eabi/9.2.1/../../../../arm-none-eabi/lib/thumb/v7e-m+fp/hard\libnosys.a
END GROUP

.igot.plt       0x20002c18        0x0 load address 0x0002fe0c
 .igot.plt      0x20002c18        0x0 c:/program files (x86)/gnu tools arm embedded/9 2019-q4-major/bin/../lib/gcc/arm-none-eabi/9.2.1/thumb/v7e-m+fp/hard/crtbegin.o
                0x20002c18                . = ALIGN (0x4)

.mem_section_dummy_ram

.cli_sorted_cmd_ptrs
                0x20002c18        0x0
                [!provide]                PROVIDE (__start_cli_sorted_cmd_ptrs = .)
 *(.cli_sorted_cmd_ptrs)
                [!provide]                PROVIDE (__stop_cli_sorted_cmd_ptrs = .)

.fs_data        0x20002c18        0x0
                [!provide]                PROVIDE (__start_fs_data = .)
 *(.fs_data)
                [!provide]                PROVIDE (__stop_fs_data = .)

.log_dynamic_data
                0x20002c18        0x0
                0x20002c18                PROVIDE (__start_log_dynamic_data = .)
 *(SORT_BY_NAME(.log_dynamic_data*))
                [!provide]                PROVIDE (__stop_log_dynamic_data = .)

.log_filter_data
                0x20002c18        0x0
                [!provide]                PROVIDE (__start_log_filter_data = .)
 *(SORT_BY_NAME(.log_filter_data*))
                [!provide]                PROVIDE (__stop_log_filter_data = .)

.bss            0x20002c18     0x12cc load address 0x0002fe10
                0x20002c18                . = ALIGN (0x4)
                0x20002c18                __bss_start__ = .
 *(.bss*)
 .bss           0x20002c18       0x1c c:/program files (x86)/gnu tools arm embedded/9 2019-q4-major/bin/../lib/gcc/arm-none-eabi/9.2.1/thumb/v7e-m+fp/hard/crtbegin.o
 .bss.m_host_present
                0x20002c34        0x1 _build/nrf52832_xxaa/nrf_log_backend_rtt.c.o
 *fill*         0x20002c35        0x3 
 .bss.m_string_buff
                0x20002c38       0x40 _build/nrf52832_xxaa/nrf_log_backend_rtt.c.o
 .bss.log_mempool_nrf_balloc_cb
                0x20002c78        0x8 _build/nrf52832_xxaa/nrf_log_frontend.c.o
 .bss.log_mempool_nrf_balloc_pool_mem
                0x20002c80       0xc0 _build/nrf52832_xxaa/nrf_log_frontend.c.o
 .bss.log_mempool_nrf_balloc_pool_stack
                0x20002d40        0x8 _build/nrf52832_xxaa/nrf_log_frontend.c.o
 .bss.m_log_data
                0x20002d48      0x420 _build/nrf52832_xxaa/nrf_log_frontend.c.o
 .bss.m_log_push_ringbuf_buf
                0x20003168       0x80 _build/nrf52832_xxaa/nrf_log_frontend.c.o
 .bss.m_log_push_ringbuf_cb
                0x200031e8       0x18 _build/nrf52832_xxaa/nrf_log_frontend.c.o
 .bss.m_button_count
                0x20003200        0x1 _build/nrf52832_xxaa/app_button.c.o
 *fill*         0x20003201        0x3 
 .bss.m_detection_delay
                0x20003204        0x4 _build/nrf52832_xxaa/app_button.c.o
 .bss.m_pin_active
                0x20003208        0x8 _build/nrf52832_xxaa/app_button.c.o
 .bss.m_pin_states
                0x20003210       0x10 _build/nrf52832_xxaa/app_button.c.o
 .bss.mp_buttons
                0x20003220        0x4 _build/nrf52832_xxaa/app_button.c.o
 .bss.m_app_timer_sortlist_sortlist_cb
                0x20003224        0x4 _build/nrf52832_xxaa/app_timer2.c.o
 .bss.m_base_counter
                0x20003228        0x8 _build/nrf52832_xxaa/app_timer2.c.o
 .bss.m_global_active
                0x20003230        0x1 _build/nrf52832_xxaa/app_timer2.c.o
 *fill*         0x20003231        0x3 
 .bss.m_req_fifo_data
                0x20003234       0x58 _build/nrf52832_xxaa/app_timer2.c.o
 .bss.m_req_fifo_inst
                0x2000328c       0x10 _build/nrf52832_xxaa/app_timer2.c.o
 *fill*         0x2000329c        0x4 
 .bss.m_stamp64
                0x200032a0        0x8 _build/nrf52832_xxaa/app_timer2.c.o
 .bss.mp_active_timer
                0x200032a8        0x4 _build/nrf52832_xxaa/app_timer2.c.o
 .bss.m_event_handler
                0x200032ac        0x4 _build/nrf52832_xxaa/app_uart_fifo.c.o
 .bss.m_rx_fifo
                0x200032b0       0x10 _build/nrf52832_xxaa/app_uart_fifo.c.o
 .bss.m_rx_ovf  0x200032c0        0x1 _build/nrf52832_xxaa/app_uart_fifo.c.o
 *fill*         0x200032c1        0x3 
 .bss.m_tx_fifo
                0x200032c4       0x10 _build/nrf52832_xxaa/app_uart_fifo.c.o
 .bss.rx_buffer
                0x200032d4        0x1 _build/nrf52832_xxaa/app_uart_fifo.c.o
 *fill*         0x200032d5        0x3 
 .bss.tx_buffer
                0x200032d8        0x1 _build/nrf52832_xxaa/app_uart_fifo.c.o
 *fill*         0x200032d9        0x3 
 .bss.m_cb      0x200032dc        0x8 _build/nrf52832_xxaa/drv_rtc.c.o
 .bss.m_handlers
                0x200032e4        0x4 _build/nrf52832_xxaa/drv_rtc.c.o
 .bss.m_handlers_iter
                0x200032e8        0x8 _build/nrf52832_xxaa/nrf_pwr_mgmt.c.o
 .bss.m_shutdown_started
                0x200032f0        0x1 _build/nrf52832_xxaa/nrf_pwr_mgmt.c.o
 *fill*         0x200032f1        0x3 
 .bss.m_sysoff_mtx
                0x200032f4        0x4 _build/nrf52832_xxaa/nrf_pwr_mgmt.c.o
 .bss.m_clock_cb
                0x200032f8       0x14 _build/nrf52832_xxaa/nrf_drv_clock.c.o
 .bss.m_contexts
                0x2000330c        0x4 _build/nrf52832_xxaa/nrf_drv_uart.c.o
 .bss.m_handlers
                0x20003310        0x4 _build/nrf52832_xxaa/nrf_drv_uart.c.o
 .bss.m_clock_cb
                0x20003314        0x8 _build/nrf52832_xxaa/nrfx_clock.c.o
 *fill*         0x2000331c        0x4 
 .bss.m_cb      0x20003320       0x5c _build/nrf52832_xxaa/nrfx_gpiote.c.o
 .bss.m_prs_box_4
                0x2000337c        0x8 _build/nrf52832_xxaa/nrfx_prs.c.o
 *fill*         0x20003384        0x4 
 .bss.m_cb      0x20003388       0x2c _build/nrf52832_xxaa/nrfx_uart.c.o
 *fill*         0x200033b4        0x4 
 .bss.m_cb      0x200033b8       0x24 _build/nrf52832_xxaa/nrfx_uarte.c.o
 .bss.current_long_push_pin_no.9171
                0x200033dc        0x1 _build/nrf52832_xxaa/bsp.c.o
 .bss.m_alert_on
                0x200033dd        0x1 _build/nrf52832_xxaa/bsp.c.o
 *fill*         0x200033de        0x2 
 .bss.m_events_list
                0x200033e0        0xc _build/nrf52832_xxaa/bsp.c.o
 .bss.m_indication_type
                0x200033ec        0x4 _build/nrf52832_xxaa/bsp.c.o
 .bss.m_leds_clear
                0x200033f0        0x1 _build/nrf52832_xxaa/bsp.c.o
 *fill*         0x200033f1        0x3 
 .bss.m_registered_callback
                0x200033f4        0x4 _build/nrf52832_xxaa/bsp.c.o
 .bss.m_stable_state
                0x200033f8        0x1 _build/nrf52832_xxaa/bsp.c.o
 *fill*         0x200033f9        0x3 
 .bss.release_event_at_push.9172
                0x200033fc        0x4 _build/nrf52832_xxaa/bsp.c.o
 .bss.m_error_handler
                0x20003400        0x4 _build/nrf52832_xxaa/bsp_btn_ble.c.o
 .bss.m_num_connections
                0x20003404        0x4 _build/nrf52832_xxaa/bsp_btn_ble.c.o
 .bss.data_array.12477
                0x20003408       0xf4 _build/nrf52832_xxaa/main.c.o
 .bss.index.12478
                0x200034fc        0x1 _build/nrf52832_xxaa/main.c.o
 *fill*         0x200034fd        0x3 
 .bss.m_advertising
                0x20003500      0x434 _build/nrf52832_xxaa/main.c.o
 .bss.m_gatt    0x20003934       0x14 _build/nrf52832_xxaa/main.c.o
 .bss.m_nus_link_ctx_storage_ctx_data_pool
                0x20003948        0x4 _build/nrf52832_xxaa/main.c.o
 .bss.m_qwr     0x2000394c        0xc _build/nrf52832_xxaa/main.c.o
 .bss.rx_buf.12495
                0x20003958      0x100 _build/nrf52832_xxaa/main.c.o
 .bss.tx_buf.12496
                0x20003a58      0x100 _build/nrf52832_xxaa/main.c.o
 .bss._acDownBuffer
                0x20003b58       0x10 _build/nrf52832_xxaa/SEGGER_RTT.c.o
 .bss._acUpBuffer
                0x20003b68      0x200 _build/nrf52832_xxaa/SEGGER_RTT.c.o
 .bss.m_conn_params_config
                0x20003d68       0x1c _build/nrf52832_xxaa/ble_conn_params.c.o
 .bss.m_conn_params_instances
                0x20003d84       0x14 _build/nrf52832_xxaa/ble_conn_params.c.o
 .bss.m_preferred_conn_params
                0x20003d98        0x8 _build/nrf52832_xxaa/ble_conn_params.c.o
 .bss.m_timer_data
                0x20003da0       0x20 _build/nrf52832_xxaa/ble_conn_params.c.o
 .bss.m_bcs     0x20003dc0       0x7c _build/nrf52832_xxaa/ble_conn_state.c.o
 .bss.m_nrf_sdh_continue
                0x20003e3c        0x1 _build/nrf52832_xxaa/nrf_sdh.c.o
 .bss.m_nrf_sdh_enabled
                0x20003e3d        0x1 _build/nrf52832_xxaa/nrf_sdh.c.o
 .bss.m_nrf_sdh_suspended
                0x20003e3e        0x1 _build/nrf52832_xxaa/nrf_sdh.c.o
 .bss.m_stack_is_enabled
                0x20003e3f        0x1 _build/nrf52832_xxaa/nrf_sdh_ble.c.o
 .bss.__malloc_free_list
                0x20003e40        0x4 c:/program files (x86)/gnu tools arm embedded/9 2019-q4-major/bin/../lib/gcc/arm-none-eabi/9.2.1/../../../../arm-none-eabi/lib/thumb/v7e-m+fp/hard\libc_nano.a(lib_a-nano-mallocr.o)
                0x20003e40                __malloc_free_list
 .bss.__malloc_sbrk_start
                0x20003e44        0x4 c:/program files (x86)/gnu tools arm embedded/9 2019-q4-major/bin/../lib/gcc/arm-none-eabi/9.2.1/../../../../arm-none-eabi/lib/thumb/v7e-m+fp/hard\libc_nano.a(lib_a-nano-mallocr.o)
                0x20003e44                __malloc_sbrk_start
 .bss.heap_end.5507
                0x20003e48        0x4 c:/program files (x86)/gnu tools arm embedded/9 2019-q4-major/bin/../lib/gcc/arm-none-eabi/9.2.1/../../../../arm-none-eabi/lib/thumb/v7e-m+fp/hard\libnosys.a(sbrk.o)
 *(COMMON)
 COMMON         0x20003e4c        0xc _build/nrf52832_xxaa/app_util_platform.c.o
                0x20003e4c                nrf_nvic_state
 COMMON         0x20003e58        0x1 _build/nrf52832_xxaa/nrf_drv_uart.c.o
                0x20003e58                nrf_drv_uart_use_easy_dma
 *fill*         0x20003e59        0x3 
 COMMON         0x20003e5c       0x78 _build/nrf52832_xxaa/SEGGER_RTT.c.o
                0x20003e5c                _SEGGER_RTT
 COMMON         0x20003ed4        0x9 c:/program files (x86)/gnu tools arm embedded/9 2019-q4-major/bin/../lib/gcc/arm-none-eabi/9.2.1/../../../../arm-none-eabi/lib/thumb/v7e-m+fp/hard\libc_nano.a(lib_a-lock.o)
                0x20003ed4                __lock___atexit_recursive_mutex
                0x20003ed5                __lock___arc4random_mutex
                0x20003ed6                __lock___env_recursive_mutex
                0x20003ed7                __lock___sinit_recursive_mutex
                0x20003ed8                __lock___malloc_recursive_mutex
                0x20003ed9                __lock___at_quick_exit_mutex
                0x20003eda                __lock___dd_hash_mutex
                0x20003edb                __lock___tz_mutex
                0x20003edc                __lock___sfp_recursive_mutex
 *fill*         0x20003edd        0x3 
 COMMON         0x20003ee0        0x4 c:/program files (x86)/gnu tools arm embedded/9 2019-q4-major/bin/../lib/gcc/arm-none-eabi/9.2.1/../../../../arm-none-eabi/lib/thumb/v7e-m+fp/hard\libc_nano.a(lib_a-reent.o)
                0x20003ee0                errno
                0x20003ee4                . = ALIGN (0x4)
                0x20003ee4                __bss_end__ = .

.heap           0x20003ee8     0x2000
                0x20003ee8                __HeapBase = .
                0x20003ee8                __end__ = .
                0x20003ee8                PROVIDE (end = .)
 *(.heap*)
 .heap          0x20003ee8     0x2000 _build/nrf52832_xxaa/gcc_startup_nrf52.S.o
                0x20005ee8                __HeapLimit = .

.stack_dummy    0x20003ee8     0x2000
 *(.stack*)
 .stack         0x20003ee8     0x2000 _build/nrf52832_xxaa/gcc_startup_nrf52.S.o
                0x20010000                __StackTop = (ORIGIN (RAM) + LENGTH (RAM))
                0x2000e000                __StackLimit = (__StackTop - SIZEOF (.stack_dummy))
                0x20010000                PROVIDE (__stack = __StackTop)
                0x00000001                ASSERT ((__StackLimit >= __HeapLimit), region RAM overflowed with stack)
                0x00000140                DataInitFlashUsed = (__bss_start__ - __data_start__)
                0x00009ccc                CodeFlashUsed = (__etext - ORIGIN (FLASH))
                0x00009e0c                TotalFlashUsed = (CodeFlashUsed + DataInitFlashUsed)
                0x00000001                ASSERT ((TotalFlashUsed <= LENGTH (FLASH)), region FLASH overflowed with .data and user data)