Archive member included to satisfy reference by file (symbol)

c:/program files (x86)/gnu tools arm embedded/9 2019-q4-major/bin/../lib/gcc/arm-none-eabi/9.2.1/../../../../arm-none-eabi/lib/thumb/v7e-m+fp/hard\libc_nano.a(lib_a-ctype_.o)
                              _build/nrf52840_xxaa/nrf_log_str_formatter.c.o (_ctype_)
c:/program files (x86)/gnu tools arm embedded/9 2019-q4-major/bin/../lib/gcc/arm-none-eabi/9.2.1/../../../../arm-none-eabi/lib/thumb/v7e-m+fp/hard\libc_nano.a(lib_a-exit.o)
                              c:/program files (x86)/gnu tools arm embedded/9 2019-q4-major/bin/../lib/gcc/arm-none-eabi/9.2.1/../../../../arm-none-eabi/lib/thumb/v7e-m+fp/hard/crt0.o (exit)
c:/program files (x86)/gnu tools arm embedded/9 2019-q4-major/bin/../lib/gcc/arm-none-eabi/9.2.1/../../../../arm-none-eabi/lib/thumb/v7e-m+fp/hard\libc_nano.a(lib_a-impure.o)
                              c:/program files (x86)/gnu tools arm embedded/9 2019-q4-major/bin/../lib/gcc/arm-none-eabi/9.2.1/../../../../arm-none-eabi/lib/thumb/v7e-m+fp/hard\libc_nano.a(lib_a-exit.o) (_global_impure_ptr)
c:/program files (x86)/gnu tools arm embedded/9 2019-q4-major/bin/../lib/gcc/arm-none-eabi/9.2.1/../../../../arm-none-eabi/lib/thumb/v7e-m+fp/hard\libc_nano.a(lib_a-init.o)
                              c:/program files (x86)/gnu tools arm embedded/9 2019-q4-major/bin/../lib/gcc/arm-none-eabi/9.2.1/../../../../arm-none-eabi/lib/thumb/v7e-m+fp/hard/crt0.o (__libc_init_array)
c:/program files (x86)/gnu tools arm embedded/9 2019-q4-major/bin/../lib/gcc/arm-none-eabi/9.2.1/../../../../arm-none-eabi/lib/thumb/v7e-m+fp/hard\libc_nano.a(lib_a-memcmp.o)
                              _build/nrf52840_xxaa/ble_advdata.c.o (memcmp)
c:/program files (x86)/gnu tools arm embedded/9 2019-q4-major/bin/../lib/gcc/arm-none-eabi/9.2.1/../../../../arm-none-eabi/lib/thumb/v7e-m+fp/hard\libc_nano.a(lib_a-memcpy-stub.o)
                              _build/nrf52840_xxaa/nrf_log_frontend.c.o (memcpy)
c:/program files (x86)/gnu tools arm embedded/9 2019-q4-major/bin/../lib/gcc/arm-none-eabi/9.2.1/../../../../arm-none-eabi/lib/thumb/v7e-m+fp/hard\libc_nano.a(lib_a-memset.o)
                              c:/program files (x86)/gnu tools arm embedded/9 2019-q4-major/bin/../lib/gcc/arm-none-eabi/9.2.1/../../../../arm-none-eabi/lib/thumb/v7e-m+fp/hard/crt0.o (memset)
c:/program files (x86)/gnu tools arm embedded/9 2019-q4-major/bin/../lib/gcc/arm-none-eabi/9.2.1/../../../../arm-none-eabi/lib/thumb/v7e-m+fp/hard\libc_nano.a(lib_a-strcpy.o)
                              _build/nrf52840_xxaa/SEGGER_RTT.c.o (strcpy)
c:/program files (x86)/gnu tools arm embedded/9 2019-q4-major/bin/../lib/gcc/arm-none-eabi/9.2.1/../../../../arm-none-eabi/lib/thumb/v7e-m+fp/hard\libc_nano.a(lib_a-strlen.o)
                              _build/nrf52840_xxaa/nrf_log_frontend.c.o (strlen)
c:/program files (x86)/gnu tools arm embedded/9 2019-q4-major/bin/../lib/gcc/arm-none-eabi/9.2.1/../../../../arm-none-eabi/lib/thumb/v7e-m+fp/hard\libnosys.a(_exit.o)
                              c:/program files (x86)/gnu tools arm embedded/9 2019-q4-major/bin/../lib/gcc/arm-none-eabi/9.2.1/../../../../arm-none-eabi/lib/thumb/v7e-m+fp/hard\libc_nano.a(lib_a-exit.o) (_exit)
c:/program files (x86)/gnu tools arm embedded/9 2019-q4-major/bin/../lib/gcc/arm-none-eabi/9.2.1/thumb/v7e-m+fp/hard\libgcc.a(_aeabi_ldivmod.o)
                              _build/nrf52840_xxaa/bsp.c.o (__aeabi_ldivmod)
c:/program files (x86)/gnu tools arm embedded/9 2019-q4-major/bin/../lib/gcc/arm-none-eabi/9.2.1/thumb/v7e-m+fp/hard\libgcc.a(_aeabi_uldivmod.o)
                              _build/nrf52840_xxaa/bsp.c.o (__aeabi_uldivmod)
c:/program files (x86)/gnu tools arm embedded/9 2019-q4-major/bin/../lib/gcc/arm-none-eabi/9.2.1/thumb/v7e-m+fp/hard\libgcc.a(_udivmoddi4.o)
                              c:/program files (x86)/gnu tools arm embedded/9 2019-q4-major/bin/../lib/gcc/arm-none-eabi/9.2.1/thumb/v7e-m+fp/hard\libgcc.a(_aeabi_ldivmod.o) (__udivmoddi4)
c:/program files (x86)/gnu tools arm embedded/9 2019-q4-major/bin/../lib/gcc/arm-none-eabi/9.2.1/thumb/v7e-m+fp/hard\libgcc.a(_dvmd_tls.o)
                              c:/program files (x86)/gnu tools arm embedded/9 2019-q4-major/bin/../lib/gcc/arm-none-eabi/9.2.1/thumb/v7e-m+fp/hard\libgcc.a(_aeabi_ldivmod.o) (__aeabi_ldiv0)

Allocating common symbols
Common symbol       size              file

nrf_nvic_state      0xc               _build/nrf52840_xxaa/app_util_platform.c.o
nrf_drv_uart_use_easy_dma
                    0x2               _build/nrf52840_xxaa/nrf_drv_uart.c.o
_SEGGER_RTT         0x78              _build/nrf52840_xxaa/SEGGER_RTT.c.o

Discarded input sections

 .text          0x00000000        0x0 c:/program files (x86)/gnu tools arm embedded/9 2019-q4-major/bin/../lib/gcc/arm-none-eabi/9.2.1/thumb/v7e-m+fp/hard/crti.o
[...]
Memory Configuration

Name             Origin             Length             Attributes
FLASH            0x00027000         0x000d9000         xr
RAM              0x20002270         0x0003dd90         xrw
*default*        0x00000000         0xffffffff

Linker script and memory map


.text           0x00027000     0xdf8c
 *(.isr_vector)
 .isr_vector    0x00027000      0x200 _build/nrf52840_xxaa/gcc_startup_nrf52840.S.o
                0x00027000                __isr_vector
 *(.text*)
 .text          0x00027200       0x40 c:/program files (x86)/gnu tools arm embedded/9 2019-q4-major/bin/../lib/gcc/arm-none-eabi/9.2.1/thumb/v7e-m+fp/hard/crtbegin.o
 .text          0x00027240       0x74 c:/program files (x86)/gnu tools arm embedded/9 2019-q4-major/bin/../lib/gcc/arm-none-eabi/9.2.1/../../../../arm-none-eabi/lib/thumb/v7e-m+fp/hard/crt0.o
                0x00027240                _start
                0x00027240                _mainCRTStartup
 .text          0x000272b4       0x3c _build/nrf52840_xxaa/gcc_startup_nrf52840.S.o
                0x000272b4                Reset_Handler
                0x000272dc                NMI_Handler
                0x000272de                HardFault_Handler
                0x000272e0                MemoryManagement_Handler
                0x000272e2                BusFault_Handler
                0x000272e4                UsageFault_Handler
                0x000272e6                SVC_Handler
                0x000272e8                DebugMon_Handler
                0x000272ea                PendSV_Handler
                0x000272ec                SysTick_Handler
                0x000272ee                PDM_IRQHandler
                0x000272ee                TEMP_IRQHandler
                0x000272ee                QDEC_IRQHandler
                0x000272ee                TIMER3_IRQHandler
                0x000272ee                PWM3_IRQHandler
                0x000272ee                RTC0_IRQHandler
                0x000272ee                USBD_IRQHandler
                0x000272ee                SPIM0_SPIS0_TWIM0_TWIS0_SPI0_TWI0_IRQHandler
                0x000272ee                PWM1_IRQHandler
                0x000272ee                TIMER4_IRQHandler
                0x000272ee                RADIO_IRQHandler
                0x000272ee                I2S_IRQHandler
                0x000272ee                SWI4_EGU4_IRQHandler
                0x000272ee                FPU_IRQHandler
                0x000272ee                TIMER2_IRQHandler
                0x000272ee                UARTE1_IRQHandler
                0x000272ee                TIMER1_IRQHandler
                0x000272ee                SPIM3_IRQHandler
                0x000272ee                PWM2_IRQHandler
                0x000272ee                ECB_IRQHandler
                0x000272ee                SPIM1_SPIS1_TWIM1_TWIS1_SPI1_TWI1_IRQHandler
                0x000272ee                Default_Handler
                0x000272ee                SAADC_IRQHandler
                0x000272ee                CCM_AAR_IRQHandler
                0x000272ee                WDT_IRQHandler
                0x000272ee                CRYPTOCELL_IRQHandler
                0x000272ee                SWI5_EGU5_IRQHandler
                0x000272ee                RNG_IRQHandler
                0x000272ee                RTC2_IRQHandler
                0x000272ee                PWM0_IRQHandler
                0x000272ee                SWI3_EGU3_IRQHandler
                0x000272ee                SWI1_EGU1_IRQHandler
                0x000272ee                SPIM2_SPIS2_SPI2_IRQHandler
                0x000272ee                NFCT_IRQHandler
                0x000272ee                SWI0_EGU0_IRQHandler
                0x000272ee                MWU_IRQHandler
                0x000272ee                TIMER0_IRQHandler
                0x000272ee                QSPI_IRQHandler
                0x000272ee                COMP_LPCOMP_IRQHandler
 .text.nrf_log_backend_rtt_flush
                0x000272f0        0x4 _build/nrf52840_xxaa/nrf_log_backend_rtt.c.o
 .text.nrf_log_backend_rtt_put
                0x000272f4       0x20 _build/nrf52840_xxaa/nrf_log_backend_rtt.c.o
 .text.serial_tx
                0x00027314       0x54 _build/nrf52840_xxaa/nrf_log_backend_rtt.c.o
 .text.nrf_log_backend_rtt_panic_set
                0x00027368        0x4 _build/nrf52840_xxaa/nrf_log_backend_rtt.c.o
 .text.nrf_log_backend_rtt_init
                0x0002736c        0x4 _build/nrf52840_xxaa/nrf_log_backend_rtt.c.o
                0x0002736c                nrf_log_backend_rtt_init
 .text.nrf_log_backend_serial_put
                0x00027370       0xd8 _build/nrf52840_xxaa/nrf_log_backend_serial.c.o
                0x00027370                nrf_log_backend_serial_put
 .text.uart_evt_handler
                0x00027448        0xc _build/nrf52840_xxaa/nrf_log_backend_uart.c.o
 .text.nrf_log_backend_uart_flush
                0x00027454        0x4 _build/nrf52840_xxaa/nrf_log_backend_uart.c.o
 .text.nrf_log_backend_uart_put
                0x00027458       0x20 _build/nrf52840_xxaa/nrf_log_backend_uart.c.o
 .text.serial_tx
                0x00027478       0x54 _build/nrf52840_xxaa/nrf_log_backend_uart.c.o
 .text.nrf_log_backend_uart_panic_set
                0x000274cc       0x84 _build/nrf52840_xxaa/nrf_log_backend_uart.c.o
 .text.nrf_log_backend_uart_init
                0x00027550       0x70 _build/nrf52840_xxaa/nrf_log_backend_uart.c.o
                0x00027550                nrf_log_backend_uart_init
 .text.nrf_log_default_backends_init
                0x000275c0       0x38 _build/nrf52840_xxaa/nrf_log_default_backends.c.o
                0x000275c0                nrf_log_default_backends_init
 .text.nrf_log_init
                0x000275f8       0x28 _build/nrf52840_xxaa/nrf_log_frontend.c.o
                0x000275f8                nrf_log_init
 .text.nrf_log_module_name_get
                0x00027620       0x48 _build/nrf52840_xxaa/nrf_log_frontend.c.o
                0x00027620                nrf_log_module_name_get
 .text.nrf_log_color_id_get
                0x00027668       0x2c _build/nrf52840_xxaa/nrf_log_frontend.c.o
                0x00027668                nrf_log_color_id_get
 .text.log_pending_hook
                0x00027694        0x4 _build/nrf52840_xxaa/nrf_log_frontend.c.o
                0x00027694                log_pending_hook
 .text.nrf_log_frontend_dequeue
                0x00027698      0x250 _build/nrf52840_xxaa/nrf_log_frontend.c.o
                0x00027698                nrf_log_frontend_dequeue
 .text.nrf_log_frontend_std_0
                0x000278e8      0x18c _build/nrf52840_xxaa/nrf_log_frontend.c.o
                0x000278e8                nrf_log_frontend_std_0
 .text.nrf_log_frontend_std_1
                0x00027a74      0x1a0 _build/nrf52840_xxaa/nrf_log_frontend.c.o
                0x00027a74                nrf_log_frontend_std_1
 .text.nrf_log_frontend_std_2
                0x00027c14      0x1b4 _build/nrf52840_xxaa/nrf_log_frontend.c.o
                0x00027c14                nrf_log_frontend_std_2
 .text.nrf_log_frontend_std_3
                0x00027dc8      0x1c0 _build/nrf52840_xxaa/nrf_log_frontend.c.o
                0x00027dc8                nrf_log_frontend_std_3
 .text.nrf_log_frontend_std_5
                0x00027f88      0x1f4 _build/nrf52840_xxaa/nrf_log_frontend.c.o
                0x00027f88                nrf_log_frontend_std_5
 .text.nrf_log_backend_add
                0x0002817c       0x5c _build/nrf52840_xxaa/nrf_log_frontend.c.o
                0x0002817c                nrf_log_backend_add
 .text.nrf_log_panic
                0x000281d8       0x28 _build/nrf52840_xxaa/nrf_log_frontend.c.o
                0x000281d8                nrf_log_panic
 .text.prefix_process
                0x00028200       0x80 _build/nrf52840_xxaa/nrf_log_str_formatter.c.o
 .text.nrf_log_std_entry_process
                0x00028280       0xf0 _build/nrf52840_xxaa/nrf_log_str_formatter.c.o
                0x00028280                nrf_log_std_entry_process
 .text.nrf_log_hexdump_entry_process
                0x00028370       0xfc _build/nrf52840_xxaa/nrf_log_str_formatter.c.o
                0x00028370                nrf_log_hexdump_entry_process
 .text.gpiote_event_handler
                0x0002846c       0x74 _build/nrf52840_xxaa/app_button.c.o
 .text.detection_delay_timeout_handler
                0x000284e0      0x264 _build/nrf52840_xxaa/app_button.c.o
 .text.app_button_init
                0x00028744       0xc0 _build/nrf52840_xxaa/app_button.c.o
                0x00028744                app_button_init
 .text.app_button_enable
                0x00028804       0x2c _build/nrf52840_xxaa/app_button.c.o
                0x00028804                app_button_enable
 .text.app_error_save_and_stop
                0x00028830       0x60 _build/nrf52840_xxaa/app_error.c.o
                0x00028830                app_error_save_and_stop
 .text.app_error_handler
                0x00028890       0x1c _build/nrf52840_xxaa/app_error_handler_gcc.c.o
                0x00028890                app_error_handler
 .text.app_error_fault_handler
                0x000288ac       0xfc _build/nrf52840_xxaa/app_error_weak.c.o
                0x000288ac                app_error_fault_handler
 .text.compare_func
                0x000289a8       0x18 _build/nrf52840_xxaa/app_timer2.c.o
 .text.timer_expire.part.0
                0x000289c0       0x84 _build/nrf52840_xxaa/app_timer2.c.o
 .text.rtc_irq  0x00028a44      0x2d8 _build/nrf52840_xxaa/app_timer2.c.o
 .text.app_timer_init
                0x00028d1c       0x6c _build/nrf52840_xxaa/app_timer2.c.o
                0x00028d1c                app_timer_init
 .text.app_timer_create
                0x00028d88       0x2c _build/nrf52840_xxaa/app_timer2.c.o
                0x00028d88                app_timer_create
 .text.app_timer_start
                0x00028db4       0xbc _build/nrf52840_xxaa/app_timer2.c.o
                0x00028db4                app_timer_start
 .text.app_timer_stop
                0x00028e70       0x7c _build/nrf52840_xxaa/app_timer2.c.o
                0x00028e70                app_timer_stop
 .text.app_util_critical_region_enter
                0x00028eec       0x4c _build/nrf52840_xxaa/app_util_platform.c.o
                0x00028eec                app_util_critical_region_enter
 .text.app_util_critical_region_exit
                0x00028f38       0x30 _build/nrf52840_xxaa/app_util_platform.c.o
                0x00028f38                app_util_critical_region_exit
 .text.drv_rtc_init
                0x00028f68       0xc0 _build/nrf52840_xxaa/drv_rtc.c.o
                0x00028f68                drv_rtc_init
 .text.drv_rtc_start
                0x00029028        0x8 _build/nrf52840_xxaa/drv_rtc.c.o
                0x00029028                drv_rtc_start
 .text.drv_rtc_stop
                0x00029030        0x8 _build/nrf52840_xxaa/drv_rtc.c.o
                0x00029030                drv_rtc_stop
 .text.drv_rtc_compare_set
                0x00029038       0x4c _build/nrf52840_xxaa/drv_rtc.c.o
                0x00029038                drv_rtc_compare_set
 .text.drv_rtc_windowed_compare_set
                0x00029084       0xf8 _build/nrf52840_xxaa/drv_rtc.c.o
                0x00029084                drv_rtc_windowed_compare_set
 .text.drv_rtc_overflow_enable
                0x0002917c       0x14 _build/nrf52840_xxaa/drv_rtc.c.o
                0x0002917c                drv_rtc_overflow_enable
 .text.drv_rtc_overflow_pending
                0x00029190       0x20 _build/nrf52840_xxaa/drv_rtc.c.o
                0x00029190                drv_rtc_overflow_pending
 .text.drv_rtc_compare_disable
                0x000291b0       0x18 _build/nrf52840_xxaa/drv_rtc.c.o
                0x000291b0                drv_rtc_compare_disable
 .text.drv_rtc_compare_pending
                0x000291c8       0x20 _build/nrf52840_xxaa/drv_rtc.c.o
                0x000291c8                drv_rtc_compare_pending
 .text.drv_rtc_counter_get
                0x000291e8        0x8 _build/nrf52840_xxaa/drv_rtc.c.o
                0x000291e8                drv_rtc_counter_get
 .text.drv_rtc_irq_trigger
                0x000291f0       0x24 _build/nrf52840_xxaa/drv_rtc.c.o
                0x000291f0                drv_rtc_irq_trigger
 .text.RTC1_IRQHandler
                0x00029214       0x14 _build/nrf52840_xxaa/drv_rtc.c.o
                0x00029214                RTC1_IRQHandler
 .text.record_find_by_desc
                0x00029228       0xe0 _build/nrf52840_xxaa/fds.c.o
 .text.queue_process
                0x00029308      0x9a0 _build/nrf52840_xxaa/fds.c.o
 .text.fs_event_handler
                0x00029ca8        0x8 _build/nrf52840_xxaa/fds.c.o
 .text.fds_record_open
                0x00029cb0       0x5c _build/nrf52840_xxaa/fds.c.o
                0x00029cb0                fds_record_open
 .text.fds_record_close
                0x00029d0c       0x54 _build/nrf52840_xxaa/fds.c.o
                0x00029d0c                fds_record_close
 .text.fds_record_write
                0x00029d60      0x164 _build/nrf52840_xxaa/fds.c.o
                0x00029d60                fds_record_write
 .text.fds_record_update
                0x00029ec4      0x16c _build/nrf52840_xxaa/fds.c.o
                0x00029ec4                fds_record_update
 .text.fds_file_delete
                0x0002a030       0x84 _build/nrf52840_xxaa/fds.c.o
                0x0002a030                fds_file_delete
 .text.fds_record_find
                0x0002a0b4       0xdc _build/nrf52840_xxaa/fds.c.o
                0x0002a0b4                fds_record_find
 .text.fds_record_find_by_key
                0x0002a190       0xd0 _build/nrf52840_xxaa/fds.c.o
                0x0002a190                fds_record_find_by_key
 .text.fds_record_find_in_file
                0x0002a260       0xd0 _build/nrf52840_xxaa/fds.c.o
                0x0002a260                fds_record_find_in_file
 .text.fds_record_id_from_desc
                0x0002a330       0x14 _build/nrf52840_xxaa/fds.c.o
                0x0002a330                fds_record_id_from_desc
 .text.nrf_atfifo_init
                0x0002a344       0x30 _build/nrf52840_xxaa/nrf_atfifo.c.o
                0x0002a344                nrf_atfifo_init
 .text.nrf_atfifo_item_alloc
                0x0002a374       0x5c _build/nrf52840_xxaa/nrf_atfifo.c.o
                0x0002a374                nrf_atfifo_item_alloc
 .text.nrf_atfifo_item_put
                0x0002a3d0       0x20 _build/nrf52840_xxaa/nrf_atfifo.c.o
                0x0002a3d0                nrf_atfifo_item_put
 .text.nrf_atfifo_item_get
                0x0002a3f0       0x60 _build/nrf52840_xxaa/nrf_atfifo.c.o
                0x0002a3f0                nrf_atfifo_item_get
 .text.nrf_atfifo_item_free
                0x0002a450       0x20 _build/nrf52840_xxaa/nrf_atfifo.c.o
                0x0002a450                nrf_atfifo_item_free
 .text.nrf_atflags_set
                0x0002a470       0x14 _build/nrf52840_xxaa/nrf_atflags.c.o
                0x0002a470                nrf_atflags_set
 .text.nrf_atflags_fetch_set
                0x0002a484       0x1c _build/nrf52840_xxaa/nrf_atflags.c.o
                0x0002a484                nrf_atflags_fetch_set
 .text.nrf_atflags_clear
                0x0002a4a0       0x14 _build/nrf52840_xxaa/nrf_atflags.c.o
                0x0002a4a0                nrf_atflags_clear
 .text.nrf_atflags_get
                0x0002a4b4       0x14 _build/nrf52840_xxaa/nrf_atflags.c.o
                0x0002a4b4                nrf_atflags_get
 .text.nrf_atflags_find_and_set_flag
                0x0002a4c8       0x84 _build/nrf52840_xxaa/nrf_atflags.c.o
                0x0002a4c8                nrf_atflags_find_and_set_flag
 .text.nrf_atomic_u32_fetch_store
                0x0002a54c       0x1c _build/nrf52840_xxaa/nrf_atomic.c.o
                0x0002a54c                nrf_atomic_u32_fetch_store
 .text.nrf_atomic_u32_fetch_or
                0x0002a568       0x1c _build/nrf52840_xxaa/nrf_atomic.c.o
                0x0002a568                nrf_atomic_u32_fetch_or
 .text.nrf_atomic_u32_or
                0x0002a584       0x1c _build/nrf52840_xxaa/nrf_atomic.c.o
                0x0002a584                nrf_atomic_u32_or
 .text.nrf_atomic_u32_and
                0x0002a5a0       0x1c _build/nrf52840_xxaa/nrf_atomic.c.o
                0x0002a5a0                nrf_atomic_u32_and
 .text.nrf_atomic_u32_fetch_add
                0x0002a5bc       0x1c _build/nrf52840_xxaa/nrf_atomic.c.o
                0x0002a5bc                nrf_atomic_u32_fetch_add
 .text.nrf_atomic_u32_add
                0x0002a5d8       0x1c _build/nrf52840_xxaa/nrf_atomic.c.o
                0x0002a5d8                nrf_atomic_u32_add
 .text.nrf_atomic_u32_sub
                0x0002a5f4       0x1c _build/nrf52840_xxaa/nrf_atomic.c.o
                0x0002a5f4                nrf_atomic_u32_sub
 .text.nrf_atomic_flag_set
                0x0002a610       0x20 _build/nrf52840_xxaa/nrf_atomic.c.o
                0x0002a610                nrf_atomic_flag_set
 .text.nrf_atomic_flag_clear_fetch
                0x0002a630       0x20 _build/nrf52840_xxaa/nrf_atomic.c.o
                0x0002a630                nrf_atomic_flag_clear_fetch
 .text.nrf_balloc_init
                0x0002a650       0x38 _build/nrf52840_xxaa/nrf_balloc.c.o
                0x0002a650                nrf_balloc_init
 .text.nrf_balloc_alloc
                0x0002a688       0x50 _build/nrf52840_xxaa/nrf_balloc.c.o
                0x0002a688                nrf_balloc_alloc
 .text.nrf_balloc_free
                0x0002a6d8       0x38 _build/nrf52840_xxaa/nrf_balloc.c.o
                0x0002a6d8                nrf_balloc_free
 .text.nrf_fprintf_buffer_flush
                0x0002a710       0x18 _build/nrf52840_xxaa/nrf_fprintf.c.o
                0x0002a710                nrf_fprintf_buffer_flush
 .text.nrf_fprintf
                0x0002a728       0x20 _build/nrf52840_xxaa/nrf_fprintf.c.o
                0x0002a728                nrf_fprintf
 .text.unsigned_print
                0x0002a748      0x14c _build/nrf52840_xxaa/nrf_fprintf_format.c.o
 .text.nrf_fprintf_fmt
                0x0002a894      0x5cc _build/nrf52840_xxaa/nrf_fprintf_format.c.o
                0x0002a894                nrf_fprintf_fmt
 .text.nrf_fstorage_write
                0x0002ae60      0x13c _build/nrf52840_xxaa/nrf_fstorage.c.o
                0x0002ae60                nrf_fstorage_write
 .text.nrf_fstorage_erase
                0x0002af9c       0xf4 _build/nrf52840_xxaa/nrf_fstorage.c.o
                0x0002af9c                nrf_fstorage_erase
 .text.sd_flash_write
                0x0002b090        0x4 _build/nrf52840_xxaa/nrf_fstorage_sd.c.o
 .text.sd_flash_page_erase
                0x0002b094        0x4 _build/nrf52840_xxaa/nrf_fstorage_sd.c.o
 .text.nrf_fstorage_sdh_req_handler
                0x0002b098       0x14 _build/nrf52840_xxaa/nrf_fstorage_sd.c.o
                0x0002b098                nrf_fstorage_sdh_req_handler
 .text.queue_process
                0x0002b0ac       0xf8 _build/nrf52840_xxaa/nrf_fstorage_sd.c.o
 .text.nrf_fstorage_sys_evt_handler
                0x0002b1a4       0xe8 _build/nrf52840_xxaa/nrf_fstorage_sd.c.o
                0x0002b1a4                nrf_fstorage_sys_evt_handler
 .text.nrf_fstorage_sdh_state_handler
                0x0002b28c      0x10c _build/nrf52840_xxaa/nrf_fstorage_sd.c.o
                0x0002b28c                nrf_fstorage_sdh_state_handler
 .text.nrf_memobj_pool_init
                0x0002b398        0x4 _build/nrf52840_xxaa/nrf_memobj.c.o
                0x0002b398                nrf_memobj_pool_init
 .text.nrf_memobj_alloc
                0x0002b39c       0x94 _build/nrf52840_xxaa/nrf_memobj.c.o
                0x0002b39c                nrf_memobj_alloc
 .text.nrf_memobj_get
                0x0002b430        0x8 _build/nrf52840_xxaa/nrf_memobj.c.o
                0x0002b430                nrf_memobj_get
 .text.nrf_memobj_put
                0x0002b438       0x58 _build/nrf52840_xxaa/nrf_memobj.c.o
                0x0002b438                nrf_memobj_put
 .text.nrf_memobj_write
                0x0002b490       0x68 _build/nrf52840_xxaa/nrf_memobj.c.o
                0x0002b490                nrf_memobj_write
 .text.nrf_memobj_read
                0x0002b4f8       0x68 _build/nrf52840_xxaa/nrf_memobj.c.o
                0x0002b4f8                nrf_memobj_read
 .text.sd_app_evt_wait
                0x0002b560        0x4 _build/nrf52840_xxaa/nrf_pwr_mgmt.c.o
 .text.nrf_pwr_mgmt_init
                0x0002b564       0x2c _build/nrf52840_xxaa/nrf_pwr_mgmt.c.o
                0x0002b564                nrf_pwr_mgmt_init
 .text.nrf_pwr_mgmt_run
                0x0002b590       0x54 _build/nrf52840_xxaa/nrf_pwr_mgmt.c.o
                0x0002b590                nrf_pwr_mgmt_run
 .text.nrf_ringbuf_init
                0x0002b5e4       0x1c _build/nrf52840_xxaa/nrf_ringbuf.c.o
                0x0002b5e4                nrf_ringbuf_init
 .text.nrf_section_iter_init
                0x0002b600       0x14 _build/nrf52840_xxaa/nrf_section_iter.c.o
                0x0002b600                nrf_section_iter_init
 .text.nrf_section_iter_next
                0x0002b614       0x18 _build/nrf52840_xxaa/nrf_section_iter.c.o
                0x0002b614                nrf_section_iter_next
 .text.nrf_sortlist_add
                0x0002b62c       0x28 _build/nrf52840_xxaa/nrf_sortlist.c.o
                0x0002b62c                nrf_sortlist_add
 .text.nrf_sortlist_pop
                0x0002b654        0xc _build/nrf52840_xxaa/nrf_sortlist.c.o
                0x0002b654                nrf_sortlist_pop
 .text.nrf_sortlist_peek
                0x0002b660        0x8 _build/nrf52840_xxaa/nrf_sortlist.c.o
                0x0002b660                nrf_sortlist_peek
 .text.nrf_sortlist_remove
                0x0002b668       0x1c _build/nrf52840_xxaa/nrf_sortlist.c.o
                0x0002b668                nrf_sortlist_remove
 .text.nrf_strerror_get
                0x0002b684       0x50 _build/nrf52840_xxaa/nrf_strerror.c.o
                0x0002b684                nrf_strerror_get
 .text.SystemInit
                0x0002b6d4      0x254 _build/nrf52840_xxaa/system_nrf52840.c.o
                0x0002b6d4                SystemInit
 .text.bsp_board_led_state_get
                0x0002b928       0x28 _build/nrf52840_xxaa/boards.c.o
                0x0002b928                bsp_board_led_state_get
 .text.bsp_board_led_on
                0x0002b950       0x24 _build/nrf52840_xxaa/boards.c.o
                0x0002b950                bsp_board_led_on
 .text.bsp_board_led_off
                0x0002b974       0x24 _build/nrf52840_xxaa/boards.c.o
                0x0002b974                bsp_board_led_off
 .text.bsp_board_leds_off
                0x0002b998       0x2c _build/nrf52840_xxaa/boards.c.o
                0x0002b998                bsp_board_leds_off
 .text.bsp_board_leds_on
                0x0002b9c4       0x2c _build/nrf52840_xxaa/boards.c.o
                0x0002b9c4                bsp_board_leds_on
 .text.bsp_board_led_invert
                0x0002b9f0       0x34 _build/nrf52840_xxaa/boards.c.o
                0x0002b9f0                bsp_board_led_invert
 .text.bsp_board_button_state_get
                0x0002ba24       0x28 _build/nrf52840_xxaa/boards.c.o
                0x0002ba24                bsp_board_button_state_get
 .text.bsp_board_pin_to_button_idx
                0x0002ba4c       0x24 _build/nrf52840_xxaa/boards.c.o
                0x0002ba4c                bsp_board_pin_to_button_idx
 .text.bsp_board_button_idx_to_pin
                0x0002ba70        0xc _build/nrf52840_xxaa/boards.c.o
                0x0002ba70                bsp_board_button_idx_to_pin
 .text.bsp_board_init
                0x0002ba7c       0x5c _build/nrf52840_xxaa/boards.c.o
                0x0002ba7c                bsp_board_init
 .text.clock_irq_handler
                0x0002bad8       0x44 _build/nrf52840_xxaa/nrf_drv_clock.c.o
 .text.soc_evt_handler
                0x0002bb1c       0x28 _build/nrf52840_xxaa/nrf_drv_clock.c.o
 .text.sd_state_evt_handler
                0x0002bb44       0xc8 _build/nrf52840_xxaa/nrf_drv_clock.c.o
 .text.uarte_evt_handler
                0x0002bc0c       0x34 _build/nrf52840_xxaa/nrf_drv_uart.c.o
 .text.uart_evt_handler
                0x0002bc40       0x34 _build/nrf52840_xxaa/nrf_drv_uart.c.o
 .text.nrf_drv_uart_init
                0x0002bc74       0x88 _build/nrf52840_xxaa/nrf_drv_uart.c.o
                0x0002bc74                nrf_drv_uart_init
 .text.nrfx_clock_init
                0x0002bcfc       0x18 _build/nrf52840_xxaa/nrfx_clock.c.o
                0x0002bcfc                nrfx_clock_init
 .text.nrfx_clock_enable
                0x0002bd14       0x24 _build/nrf52840_xxaa/nrfx_clock.c.o
                0x0002bd14                nrfx_clock_enable
 .text.nrfx_clock_lfclk_stop
                0x0002bd38       0x38 _build/nrf52840_xxaa/nrfx_clock.c.o
                0x0002bd38                nrfx_clock_lfclk_stop
 .text.POWER_CLOCK_IRQHandler
                0x0002bd70       0x6c _build/nrf52840_xxaa/nrfx_clock.c.o
                0x0002bd70                POWER_CLOCK_IRQHandler
 .text.nrfx_gpiote_init
                0x0002bddc       0xb0 _build/nrf52840_xxaa/nrfx_gpiote.c.o
                0x0002bddc                nrfx_gpiote_init
 .text.nrfx_gpiote_is_init
                0x0002be8c       0x14 _build/nrf52840_xxaa/nrfx_gpiote.c.o
                0x0002be8c                nrfx_gpiote_is_init
 .text.nrfx_gpiote_in_init
                0x0002bea0      0x1e4 _build/nrf52840_xxaa/nrfx_gpiote.c.o
                0x0002bea0                nrfx_gpiote_in_init
 .text.nrfx_gpiote_in_event_enable
                0x0002c084       0xd8 _build/nrf52840_xxaa/nrfx_gpiote.c.o
                0x0002c084                nrfx_gpiote_in_event_enable
 .text.nrfx_gpiote_in_is_set
                0x0002c15c       0x20 _build/nrf52840_xxaa/nrfx_gpiote.c.o
                0x0002c15c                nrfx_gpiote_in_is_set
 .text.GPIOTE_IRQHandler
                0x0002c17c      0x500 _build/nrf52840_xxaa/nrfx_gpiote.c.o
                0x0002c17c                GPIOTE_IRQHandler
 .text.UARTE0_UART0_IRQHandler
                0x0002c67c        0xc _build/nrf52840_xxaa/nrfx_prs.c.o
                0x0002c67c                UARTE0_UART0_IRQHandler
 .text.nrfx_prs_acquire
                0x0002c688       0x50 _build/nrf52840_xxaa/nrfx_prs.c.o
                0x0002c688                nrfx_prs_acquire
 .text.nrfx_prs_release
                0x0002c6d8       0x18 _build/nrf52840_xxaa/nrfx_prs.c.o
                0x0002c6d8                nrfx_prs_release
 .text.nrfx_uart_0_irq_handler
                0x0002c6f0      0x1c4 _build/nrf52840_xxaa/nrfx_uart.c.o
                0x0002c6f0                nrfx_uart_0_irq_handler
 .text.nrfx_uart_init
                0x0002c8b4      0x1f0 _build/nrf52840_xxaa/nrfx_uart.c.o
                0x0002c8b4                nrfx_uart_init
 .text.nrfx_uart_uninit
                0x0002caa4      0x10c _build/nrf52840_xxaa/nrfx_uart.c.o
                0x0002caa4                nrfx_uart_uninit
 .text.nrfx_uart_tx
                0x0002cbb0       0xd0 _build/nrf52840_xxaa/nrfx_uart.c.o
                0x0002cbb0                nrfx_uart_tx
 .text.nrfx_uarte_0_irq_handler
                0x0002cc80      0x168 _build/nrf52840_xxaa/nrfx_uarte.c.o
                0x0002cc80                nrfx_uarte_0_irq_handler
 .text.nrfx_uarte_init
                0x0002cde8      0x228 _build/nrf52840_xxaa/nrfx_uarte.c.o
                0x0002cde8                nrfx_uarte_init
 .text.nrfx_uarte_uninit
                0x0002d010      0x170 _build/nrf52840_xxaa/nrfx_uarte.c.o
                0x0002d010                nrfx_uarte_uninit
 .text.nrfx_uarte_tx
                0x0002d180       0xb4 _build/nrf52840_xxaa/nrfx_uarte.c.o
                0x0002d180                nrfx_uarte_tx
 .text.alert_timer_handler
                0x0002d234        0x8 _build/nrf52840_xxaa/bsp.c.o
 .text.bsp_button_event_handler
                0x0002d23c       0xa4 _build/nrf52840_xxaa/bsp.c.o
 .text.button_timer_handler
                0x0002d2e0       0x30 _build/nrf52840_xxaa/bsp.c.o
 .text.bsp_led_indication
                0x0002d310      0x318 _build/nrf52840_xxaa/bsp.c.o
 .text.leds_timer_handler
                0x0002d628       0x1c _build/nrf52840_xxaa/bsp.c.o
 .text.bsp_button_is_pressed
                0x0002d644        0xc _build/nrf52840_xxaa/bsp.c.o
                0x0002d644                bsp_button_is_pressed
 .text.bsp_indication_set
                0x0002d650       0x18 _build/nrf52840_xxaa/bsp.c.o
                0x0002d650                bsp_indication_set
 .text.bsp_init
                0x0002d668       0xbc _build/nrf52840_xxaa/bsp.c.o
                0x0002d668                bsp_init
 .text.bsp_event_to_button_action_assign
                0x0002d724       0x54 _build/nrf52840_xxaa/bsp.c.o
                0x0002d724                bsp_event_to_button_action_assign
 .text.bsp_wakeup_button_enable
                0x0002d778       0x40 _build/nrf52840_xxaa/bsp.c.o
                0x0002d778                bsp_wakeup_button_enable
 .text.ble_evt_handler
                0x0002d7b8       0xac _build/nrf52840_xxaa/bsp_btn_ble.c.o
 .text.bsp_btn_ble_sleep_mode_prepare
                0x0002d864       0x24 _build/nrf52840_xxaa/bsp_btn_ble.c.o
                0x0002d864                bsp_btn_ble_sleep_mode_prepare
 .text.bsp_btn_ble_init
                0x0002d888       0x6c _build/nrf52840_xxaa/bsp_btn_ble.c.o
                0x0002d888                bsp_btn_ble_init
 .text.sd_ble_gap_disconnect
                0x0002d8f4        0x4 _build/nrf52840_xxaa/main.c.o
 .text.sd_ble_gap_ppcp_set
                0x0002d8f8        0x4 _build/nrf52840_xxaa/main.c.o
 .text.sd_ble_gap_device_name_set
                0x0002d8fc        0x4 _build/nrf52840_xxaa/main.c.o
 .text.sd_ble_gap_phy_update
                0x0002d900        0x4 _build/nrf52840_xxaa/main.c.o
 .text.sd_power_system_off
                0x0002d904        0x4 _build/nrf52840_xxaa/main.c.o
 .text.conn_params_error_handler
                0x0002d908        0xc _build/nrf52840_xxaa/main.c.o
 .text.ble_evt_handler
                0x0002d914       0xc8 _build/nrf52840_xxaa/main.c.o
 .text.on_conn_params_evt
                0x0002d9dc       0x28 _build/nrf52840_xxaa/main.c.o
 .text.bsp_event_handler
                0x0002da04       0x8c _build/nrf52840_xxaa/main.c.o
 .text.on_adv_evt
                0x0002da90       0x80 _build/nrf52840_xxaa/main.c.o
 .text.startup.main
                0x0002db10      0x294 _build/nrf52840_xxaa/main.c.o
                0x0002db10                main
 .text.sd_ble_gatts_service_add
                0x0002dda4        0x4 _build/nrf52840_xxaa/ble_cus.c.o
 .text.sd_ble_uuid_vs_add
                0x0002dda8        0x4 _build/nrf52840_xxaa/ble_cus.c.o
 .text.ble_cus_init
                0x0002ddac       0x50 _build/nrf52840_xxaa/ble_cus.c.o
                0x0002ddac                ble_cus_init
 .text.SEGGER_RTT_WriteNoLock
                0x0002ddfc      0x1bc _build/nrf52840_xxaa/SEGGER_RTT.c.o
                0x0002ddfc                SEGGER_RTT_WriteNoLock
 .text.SEGGER_RTT_Init
                0x0002dfb8       0x60 _build/nrf52840_xxaa/SEGGER_RTT.c.o
                0x0002dfb8                SEGGER_RTT_Init
 .text.sd_ble_gap_addr_get
                0x0002e018        0x4 _build/nrf52840_xxaa/ble_advdata.c.o
 .text.sd_ble_gap_appearance_get
                0x0002e01c        0x4 _build/nrf52840_xxaa/ble_advdata.c.o
 .text.sd_ble_gap_device_name_get
                0x0002e020        0x4 _build/nrf52840_xxaa/ble_advdata.c.o
 .text.sd_ble_uuid_encode
                0x0002e024        0x4 _build/nrf52840_xxaa/ble_advdata.c.o
 .text.uuid_list_sized_encode.isra.0
                0x0002e028       0xf0 _build/nrf52840_xxaa/ble_advdata.c.o
 .text.ble_advdata_encode
                0x0002e118      0x40c _build/nrf52840_xxaa/ble_advdata.c.o
                0x0002e118                ble_advdata_encode
 .text.ble_advdata_parse
                0x0002e524       0x4c _build/nrf52840_xxaa/ble_advdata.c.o
                0x0002e524                ble_advdata_parse
 .text.sd_ble_gap_adv_set_configure
                0x0002e570        0x4 _build/nrf52840_xxaa/ble_advertising.c.o
 .text.sd_ble_gap_adv_start
                0x0002e574        0x4 _build/nrf52840_xxaa/ble_advertising.c.o
 .text.sd_ble_gap_adv_stop
                0x0002e578        0x4 _build/nrf52840_xxaa/ble_advertising.c.o
 .text.ble_advertising_start.part.0
                0x0002e57c      0x2f0 _build/nrf52840_xxaa/ble_advertising.c.o
 .text.ble_advertising_conn_cfg_tag_set
                0x0002e86c        0x8 _build/nrf52840_xxaa/ble_advertising.c.o
                0x0002e86c                ble_advertising_conn_cfg_tag_set
 .text.ble_advertising_init
                0x0002e874       0xf8 _build/nrf52840_xxaa/ble_advertising.c.o
                0x0002e874                ble_advertising_init
 .text.ble_advertising_start
                0x0002e96c        0xc _build/nrf52840_xxaa/ble_advertising.c.o
                0x0002e96c                ble_advertising_start
 .text.ble_advertising_on_ble_evt
                0x0002e978       0x8c _build/nrf52840_xxaa/ble_advertising.c.o
                0x0002e978                ble_advertising_on_ble_evt
 .text.ble_advertising_restart_without_whitelist
                0x0002ea04       0x60 _build/nrf52840_xxaa/ble_advertising.c.o
                0x0002ea04                ble_advertising_restart_without_whitelist
 .text.sd_ble_gap_conn_param_update
                0x0002ea64        0x4 _build/nrf52840_xxaa/ble_conn_params.c.o
 .text.sd_ble_gap_disconnect
                0x0002ea68        0x4 _build/nrf52840_xxaa/ble_conn_params.c.o
 .text.sd_ble_gap_ppcp_set
                0x0002ea6c        0x4 _build/nrf52840_xxaa/ble_conn_params.c.o
 .text.sd_ble_gap_ppcp_get
                0x0002ea70        0x4 _build/nrf52840_xxaa/ble_conn_params.c.o
 .text.update_timeout_handler
                0x0002ea74       0x78 _build/nrf52840_xxaa/ble_conn_params.c.o
 .text.ble_evt_handler
                0x0002eaec      0x1d4 _build/nrf52840_xxaa/ble_conn_params.c.o
 .text.ble_conn_params_init
                0x0002ecc0       0x78 _build/nrf52840_xxaa/ble_conn_params.c.o
                0x0002ecc0                ble_conn_params_init
 .text.ble_evt_handler
                0x0002ed38      0x168 _build/nrf52840_xxaa/ble_conn_state.c.o
 .text.ble_conn_state_valid
                0x0002eea0       0x14 _build/nrf52840_xxaa/ble_conn_state.c.o
                0x0002eea0                ble_conn_state_valid
 .text.ble_conn_state_role
                0x0002eeb4       0x34 _build/nrf52840_xxaa/ble_conn_state.c.o
                0x0002eeb4                ble_conn_state_role
 .text.ble_conn_state_status
                0x0002eee8       0x34 _build/nrf52840_xxaa/ble_conn_state.c.o
                0x0002eee8                ble_conn_state_status
 .text.ble_conn_state_encrypted
                0x0002ef1c       0x30 _build/nrf52840_xxaa/ble_conn_state.c.o
                0x0002ef1c                ble_conn_state_encrypted
 .text.ble_conn_state_mitm_protected
                0x0002ef4c       0x30 _build/nrf52840_xxaa/ble_conn_state.c.o
                0x0002ef4c                ble_conn_state_mitm_protected
 .text.ble_conn_state_lesc
                0x0002ef7c       0x30 _build/nrf52840_xxaa/ble_conn_state.c.o
                0x0002ef7c                ble_conn_state_lesc
 .text.ble_conn_state_user_flag_get
                0x0002efac       0x38 _build/nrf52840_xxaa/ble_conn_state.c.o
                0x0002efac                ble_conn_state_user_flag_get
 .text.ble_conn_state_user_flag_set
                0x0002efe4       0x44 _build/nrf52840_xxaa/ble_conn_state.c.o
                0x0002efe4                ble_conn_state_user_flag_set
 .text.ble_conn_state_for_each_set_user_flag
                0x0002f028       0x5c _build/nrf52840_xxaa/ble_conn_state.c.o
                0x0002f028                ble_conn_state_for_each_set_user_flag
 .text.ble_srv_is_notification_enabled
                0x0002f084        0x8 _build/nrf52840_xxaa/ble_srv_common.c.o
                0x0002f084                ble_srv_is_notification_enabled
 .text.sd_ble_gattc_char_value_by_uuid_read
                0x0002f08c        0x4 _build/nrf52840_xxaa/gatt_cache_manager.c.o
 .text.sd_ble_gattc_read
                0x0002f090        0x4 _build/nrf52840_xxaa/gatt_cache_manager.c.o
 .text.sd_ble_gatts_value_get
                0x0002f094        0x4 _build/nrf52840_xxaa/gatt_cache_manager.c.o
 .text.sd_ble_gatts_initial_user_handle_get
                0x0002f098        0x4 _build/nrf52840_xxaa/gatt_cache_manager.c.o
 .text.sd_ble_gatts_attr_get
                0x0002f09c        0x4 _build/nrf52840_xxaa/gatt_cache_manager.c.o
 .text.car_update_pending_handle
                0x0002f0a0       0x4c _build/nrf52840_xxaa/gatt_cache_manager.c.o
 .text.db_update_pending_handle
                0x0002f0ec      0x10c _build/nrf52840_xxaa/gatt_cache_manager.c.o
 .text.local_db_apply_in_evt
                0x0002f1f8       0xfc _build/nrf52840_xxaa/gatt_cache_manager.c.o
 .text.sc_send_pending_handle
                0x0002f2f4      0x17c _build/nrf52840_xxaa/gatt_cache_manager.c.o
 .text.apply_pending_handle
                0x0002f470       0xfc _build/nrf52840_xxaa/gatt_cache_manager.c.o
 .text.gcm_im_evt_handler
                0x0002f56c       0x84 _build/nrf52840_xxaa/gatt_cache_manager.c.o
                0x0002f56c                gcm_im_evt_handler
 .text.gcm_pdb_evt_handler
                0x0002f5f0       0xec _build/nrf52840_xxaa/gatt_cache_manager.c.o
                0x0002f5f0                gcm_pdb_evt_handler
 .text.gcm_ble_evt_handler
                0x0002f6dc      0x2ec _build/nrf52840_xxaa/gatt_cache_manager.c.o
                0x0002f6dc                gcm_ble_evt_handler
 .text.sd_ble_gatts_service_changed
                0x0002f9c8        0x4 _build/nrf52840_xxaa/gatts_cache_manager.c.o
 .text.sd_ble_gatts_sys_attr_set
                0x0002f9cc        0x4 _build/nrf52840_xxaa/gatts_cache_manager.c.o
 .text.sd_ble_gatts_sys_attr_get
                0x0002f9d0        0x4 _build/nrf52840_xxaa/gatts_cache_manager.c.o
 .text.sd_ble_gatts_initial_user_handle_get
                0x0002f9d4        0x4 _build/nrf52840_xxaa/gatts_cache_manager.c.o
 .text.service_changed_pending_set
                0x0002f9d8       0xac _build/nrf52840_xxaa/gatts_cache_manager.c.o
 .text.gscm_pdb_evt_handler
                0x0002fa84       0x18 _build/nrf52840_xxaa/gatts_cache_manager.c.o
                0x0002fa84                gscm_pdb_evt_handler
 .text.gscm_local_db_cache_update
                0x0002fa9c      0x130 _build/nrf52840_xxaa/gatts_cache_manager.c.o
                0x0002fa9c                gscm_local_db_cache_update
 .text.gscm_local_db_cache_apply
                0x0002fbcc       0xb4 _build/nrf52840_xxaa/gatts_cache_manager.c.o
                0x0002fbcc                gscm_local_db_cache_apply
 .text.gscm_service_changed_ind_needed
                0x0002fc80       0x2c _build/nrf52840_xxaa/gatts_cache_manager.c.o
                0x0002fc80                gscm_service_changed_ind_needed
 .text.gscm_service_changed_ind_send
                0x0002fcac       0x5c _build/nrf52840_xxaa/gatts_cache_manager.c.o
                0x0002fcac                gscm_service_changed_ind_send
 .text.gscm_db_change_notification_done
                0x0002fd08       0x24 _build/nrf52840_xxaa/gatts_cache_manager.c.o
                0x0002fd08                gscm_db_change_notification_done
 .text.sd_ecb_block_encrypt
                0x0002fd2c        0x4 _build/nrf52840_xxaa/id_manager.c.o
 .text.im_ble_evt_handler
                0x0002fd30      0x1d8 _build/nrf52840_xxaa/id_manager.c.o
                0x0002fd30                im_ble_evt_handler
 .text.im_is_duplicate_bonding_data
                0x0002ff08      0x11c _build/nrf52840_xxaa/id_manager.c.o
                0x0002ff08                im_is_duplicate_bonding_data
 .text.im_find_duplicate_bonding_data
                0x00030024       0x40 _build/nrf52840_xxaa/id_manager.c.o
                0x00030024                im_find_duplicate_bonding_data
 .text.im_peer_id_get_by_conn_handle
                0x00030064       0x2c _build/nrf52840_xxaa/id_manager.c.o
                0x00030064                im_peer_id_get_by_conn_handle
 .text.im_ble_addr_get
                0x00030090       0x3c _build/nrf52840_xxaa/id_manager.c.o
                0x00030090                im_ble_addr_get
 .text.im_master_ids_compare
                0x000300cc       0x44 _build/nrf52840_xxaa/id_manager.c.o
                0x000300cc                im_master_ids_compare
 .text.im_peer_id_get_by_master_id
                0x00030110       0xf4 _build/nrf52840_xxaa/id_manager.c.o
                0x00030110                im_peer_id_get_by_master_id
 .text.im_conn_handle_get
                0x00030204       0x40 _build/nrf52840_xxaa/id_manager.c.o
                0x00030204                im_conn_handle_get
 .text.im_new_peer_id
                0x00030244       0x14 _build/nrf52840_xxaa/id_manager.c.o
                0x00030244                im_new_peer_id
 .text.im_peer_free
                0x00030258       0x54 _build/nrf52840_xxaa/id_manager.c.o
                0x00030258                im_peer_free
 .text.sd_ble_gap_data_length_update
                0x000302ac        0x4 _build/nrf52840_xxaa/nrf_ble_gatt.c.o
 .text.sd_ble_gattc_exchange_mtu_request
                0x000302b0        0x4 _build/nrf52840_xxaa/nrf_ble_gatt.c.o
 .text.sd_ble_gatts_exchange_mtu_reply
                0x000302b4        0x4 _build/nrf52840_xxaa/nrf_ble_gatt.c.o
 .text.data_length_update.constprop.0
                0x000302b8       0x8c _build/nrf52840_xxaa/nrf_ble_gatt.c.o
 .text.nrf_ble_gatt_init
                0x00030344       0x28 _build/nrf52840_xxaa/nrf_ble_gatt.c.o
                0x00030344                nrf_ble_gatt_init
 .text.nrf_ble_gatt_on_ble_evt
                0x0003036c      0x1c8 _build/nrf52840_xxaa/nrf_ble_gatt.c.o
                0x0003036c                nrf_ble_gatt_on_ble_evt
 .text.sd_ble_gatts_rw_authorize_reply
                0x00030534        0x4 _build/nrf52840_xxaa/nrf_ble_qwr.c.o
 .text.sd_ble_user_mem_reply
                0x00030538        0x4 _build/nrf52840_xxaa/nrf_ble_qwr.c.o
 .text.nrf_ble_qwr_on_ble_evt
                0x0003053c       0xf4 _build/nrf52840_xxaa/nrf_ble_qwr.c.o
                0x0003053c                nrf_ble_qwr_on_ble_evt
 .text.peer_data_delete_process
                0x00030630       0xc8 _build/nrf52840_xxaa/peer_data_storage.c.o
 .text.pds_peer_data_read
                0x000306f8       0x90 _build/nrf52840_xxaa/peer_data_storage.c.o
                0x000306f8                pds_peer_data_read
 .text.pds_peer_data_iterate_prepare
                0x00030788       0x10 _build/nrf52840_xxaa/peer_data_storage.c.o
                0x00030788                pds_peer_data_iterate_prepare
 .text.pds_peer_data_iterate
                0x00030798       0x58 _build/nrf52840_xxaa/peer_data_storage.c.o
                0x00030798                pds_peer_data_iterate
 .text.pds_peer_data_store
                0x000307f0       0xe8 _build/nrf52840_xxaa/peer_data_storage.c.o
                0x000307f0                pds_peer_data_store
 .text.pds_peer_id_allocate
                0x000308d8        0x8 _build/nrf52840_xxaa/peer_data_storage.c.o
                0x000308d8                pds_peer_id_allocate
 .text.pds_peer_id_free
                0x000308e0       0x18 _build/nrf52840_xxaa/peer_data_storage.c.o
                0x000308e0                pds_peer_id_free
 .text.pds_peer_id_is_allocated
                0x000308f8        0x4 _build/nrf52840_xxaa/peer_data_storage.c.o
                0x000308f8                pds_peer_id_is_allocated
 .text.pds_next_peer_id_get
                0x000308fc        0x4 _build/nrf52840_xxaa/peer_data_storage.c.o
                0x000308fc                pds_next_peer_id_get
 .text.pds_next_deleted_peer_id_get
                0x00030900        0x4 _build/nrf52840_xxaa/peer_data_storage.c.o
                0x00030900                pds_next_deleted_peer_id_get
 .text.write_buf_store
                0x00030904      0x11c _build/nrf52840_xxaa/peer_database.c.o
                0x00030904                write_buf_store
 .text.pdb_pds_evt_handler
                0x00030a20      0x1f0 _build/nrf52840_xxaa/peer_database.c.o
                0x00030a20                pdb_pds_evt_handler
 .text.pdb_peer_free
                0x00030c10      0x1a8 _build/nrf52840_xxaa/peer_database.c.o
                0x00030c10                pdb_peer_free
 .text.pdb_peer_data_ptr_get
                0x00030db8        0x8 _build/nrf52840_xxaa/peer_database.c.o
                0x00030db8                pdb_peer_data_ptr_get
 .text.pdb_write_buf_get
                0x00030dc0      0x1f0 _build/nrf52840_xxaa/peer_database.c.o
                0x00030dc0                pdb_write_buf_get
 .text.pdb_write_buf_release
                0x00030fb0       0xd4 _build/nrf52840_xxaa/peer_database.c.o
                0x00030fb0                pdb_write_buf_release
 .text.pdb_write_buf_store
                0x00031084       0xa0 _build/nrf52840_xxaa/peer_database.c.o
                0x00031084                pdb_write_buf_store
 .text.peer_id_allocate
                0x00031124       0x40 _build/nrf52840_xxaa/peer_id.c.o
                0x00031124                peer_id_allocate
 .text.peer_id_delete
                0x00031164       0x28 _build/nrf52840_xxaa/peer_id.c.o
                0x00031164                peer_id_delete
 .text.peer_id_free
                0x0003118c       0x28 _build/nrf52840_xxaa/peer_id.c.o
                0x0003118c                peer_id_free
 .text.peer_id_is_allocated
                0x000311b4       0x14 _build/nrf52840_xxaa/peer_id.c.o
                0x000311b4                peer_id_is_allocated
 .text.peer_id_get_next_used
                0x000311c8       0x74 _build/nrf52840_xxaa/peer_id.c.o
                0x000311c8                peer_id_get_next_used
 .text.peer_id_get_next_deleted
                0x0003123c       0x40 _build/nrf52840_xxaa/peer_id.c.o
                0x0003123c                peer_id_get_next_deleted
 .text.ble_evt_handler
                0x0003127c       0xac _build/nrf52840_xxaa/peer_manager.c.o
 .text.pm_peer_ranks_get.part.0
                0x00031328       0xf0 _build/nrf52840_xxaa/peer_manager.c.o
 .text.pm_pdb_evt_handler
                0x00031418      0x290 _build/nrf52840_xxaa/peer_manager.c.o
                0x00031418                pm_pdb_evt_handler
 .text.pm_sm_evt_handler
                0x000316a8       0x2c _build/nrf52840_xxaa/peer_manager.c.o
                0x000316a8                pm_sm_evt_handler
 .text.pm_gcm_evt_handler
                0x000316d4       0x28 _build/nrf52840_xxaa/peer_manager.c.o
                0x000316d4                pm_gcm_evt_handler
 .text.pm_gscm_evt_handler
                0x000316fc       0x28 _build/nrf52840_xxaa/peer_manager.c.o
                0x000316fc                pm_gscm_evt_handler
 .text.pm_im_evt_handler
                0x00031724       0x28 _build/nrf52840_xxaa/peer_manager.c.o
                0x00031724                pm_im_evt_handler
 .text.pm_peers_delete
                0x0003174c       0xd4 _build/nrf52840_xxaa/peer_manager.c.o
                0x0003174c                pm_peers_delete
 .text.pm_buffer_block_acquire
                0x00031820       0xb0 _build/nrf52840_xxaa/pm_buffer.c.o
                0x00031820                pm_buffer_block_acquire
 .text.pm_buffer_ptr_get
                0x000318d0       0x30 _build/nrf52840_xxaa/pm_buffer.c.o
                0x000318d0                pm_buffer_ptr_get
 .text.pm_buffer_release
                0x00031900       0x34 _build/nrf52840_xxaa/pm_buffer.c.o
                0x00031900                pm_buffer_release
 .text.sd_ble_gap_authenticate
                0x00031934        0x4 _build/nrf52840_xxaa/security_dispatcher.c.o
 .text.sd_ble_gap_sec_params_reply
                0x00031938        0x4 _build/nrf52840_xxaa/security_dispatcher.c.o
 .text.sd_ble_gap_sec_info_reply
                0x0003193c        0x4 _build/nrf52840_xxaa/security_dispatcher.c.o
 .text.pairing_failure
                0x00031940       0xdc _build/nrf52840_xxaa/security_dispatcher.c.o
 .text.smd_params_reply
                0x00031a1c      0x184 _build/nrf52840_xxaa/security_dispatcher.c.o
                0x00031a1c                smd_params_reply
 .text.smd_link_secure
                0x00031ba0       0x2c _build/nrf52840_xxaa/security_dispatcher.c.o
                0x00031ba0                smd_link_secure
 .text.smd_ble_evt_handler
                0x00031bcc      0x6f0 _build/nrf52840_xxaa/security_dispatcher.c.o
                0x00031bcc                smd_ble_evt_handler
 .text.events_send_from_err_code
                0x000322bc       0xf0 _build/nrf52840_xxaa/security_manager.c.o
 .text.smd_params_reply_perform
                0x000323ac       0xa8 _build/nrf52840_xxaa/security_manager.c.o
 .text.params_reply_pending_handle
                0x00032454        0x8 _build/nrf52840_xxaa/security_manager.c.o
 .text.link_secure
                0x0003245c      0x150 _build/nrf52840_xxaa/security_manager.c.o
 .text.link_secure_pending_handle
                0x000325ac       0x38 _build/nrf52840_xxaa/security_manager.c.o
 .text.sm_conn_sec_status_get
                0x000325e4       0xa8 _build/nrf52840_xxaa/security_manager.c.o
                0x000325e4                sm_conn_sec_status_get
 .text.sm_smd_evt_handler
                0x0003268c       0x8c _build/nrf52840_xxaa/security_manager.c.o
                0x0003268c                sm_smd_evt_handler
 .text.sm_pdb_evt_handler
                0x00032718       0x40 _build/nrf52840_xxaa/security_manager.c.o
                0x00032718                sm_pdb_evt_handler
 .text.sm_ble_evt_handler
                0x00032758       0x34 _build/nrf52840_xxaa/security_manager.c.o
                0x00032758                sm_ble_evt_handler
 .text.sd_softdevice_enable
                0x0003278c        0x4 _build/nrf52840_xxaa/nrf_sdh.c.o
 .text.sd_softdevice_disable
                0x00032790        0x4 _build/nrf52840_xxaa/nrf_sdh.c.o
 .text.nrf_sdh_enable_request
                0x00032794      0x120 _build/nrf52840_xxaa/nrf_sdh.c.o
                0x00032794                nrf_sdh_enable_request
 .text.nrf_sdh_disable_request
                0x000328b4       0xec _build/nrf52840_xxaa/nrf_sdh.c.o
                0x000328b4                nrf_sdh_disable_request
 .text.nrf_sdh_request_continue
                0x000329a0       0x20 _build/nrf52840_xxaa/nrf_sdh.c.o
                0x000329a0                nrf_sdh_request_continue
 .text.nrf_sdh_is_enabled
                0x000329c0        0xc _build/nrf52840_xxaa/nrf_sdh.c.o
                0x000329c0                nrf_sdh_is_enabled
 .text.SWI2_EGU2_IRQHandler
                0x000329cc       0x2c _build/nrf52840_xxaa/nrf_sdh.c.o
                0x000329cc                SWI2_EGU2_IRQHandler
 .text.sd_ble_enable
                0x000329f8        0x4 _build/nrf52840_xxaa/nrf_sdh_ble.c.o
 .text.sd_ble_cfg_set
                0x000329fc        0x4 _build/nrf52840_xxaa/nrf_sdh_ble.c.o
 .text.sd_ble_evt_get
                0x00032a00        0x4 _build/nrf52840_xxaa/nrf_sdh_ble.c.o
 .text.nrf_sdh_ble_evts_poll
                0x00032a04       0x68 _build/nrf52840_xxaa/nrf_sdh_ble.c.o
 .text.nrf_sdh_ble_default_cfg_set
                0x00032a6c      0x178 _build/nrf52840_xxaa/nrf_sdh_ble.c.o
                0x00032a6c                nrf_sdh_ble_default_cfg_set
 .text.nrf_sdh_ble_enable
                0x00032be4       0xa0 _build/nrf52840_xxaa/nrf_sdh_ble.c.o
                0x00032be4                nrf_sdh_ble_enable
 .text.sd_evt_get
                0x00032c84        0x4 _build/nrf52840_xxaa/nrf_sdh_soc.c.o
 .text.nrf_sdh_soc_evts_poll
                0x00032c88       0x54 _build/nrf52840_xxaa/nrf_sdh_soc.c.o
 .text.exit     0x00032cdc       0x28 c:/program files (x86)/gnu tools arm embedded/9 2019-q4-major/bin/../lib/gcc/arm-none-eabi/9.2.1/../../../../arm-none-eabi/lib/thumb/v7e-m+fp/hard\libc_nano.a(lib_a-exit.o)
                0x00032cdc                exit
 .text.__libc_init_array
                0x00032d04       0x48 c:/program files (x86)/gnu tools arm embedded/9 2019-q4-major/bin/../lib/gcc/arm-none-eabi/9.2.1/../../../../arm-none-eabi/lib/thumb/v7e-m+fp/hard\libc_nano.a(lib_a-init.o)
                0x00032d04                __libc_init_array
 .text.memcmp   0x00032d4c       0x1c c:/program files (x86)/gnu tools arm embedded/9 2019-q4-major/bin/../lib/gcc/arm-none-eabi/9.2.1/../../../../arm-none-eabi/lib/thumb/v7e-m+fp/hard\libc_nano.a(lib_a-memcmp.o)
                0x00032d4c                memcmp
 .text.memcpy   0x00032d68       0x1c c:/program files (x86)/gnu tools arm embedded/9 2019-q4-major/bin/../lib/gcc/arm-none-eabi/9.2.1/../../../../arm-none-eabi/lib/thumb/v7e-m+fp/hard\libc_nano.a(lib_a-memcpy-stub.o)
                0x00032d68                memcpy
 .text.memset   0x00032d84       0x10 c:/program files (x86)/gnu tools arm embedded/9 2019-q4-major/bin/../lib/gcc/arm-none-eabi/9.2.1/../../../../arm-none-eabi/lib/thumb/v7e-m+fp/hard\libc_nano.a(lib_a-memset.o)
                0x00032d84                memset
 .text.strcpy   0x00032d94       0x10 c:/program files (x86)/gnu tools arm embedded/9 2019-q4-major/bin/../lib/gcc/arm-none-eabi/9.2.1/../../../../arm-none-eabi/lib/thumb/v7e-m+fp/hard\libc_nano.a(lib_a-strcpy.o)
                0x00032d94                strcpy
 .text          0x00032da4       0x10 c:/program files (x86)/gnu tools arm embedded/9 2019-q4-major/bin/../lib/gcc/arm-none-eabi/9.2.1/../../../../arm-none-eabi/lib/thumb/v7e-m+fp/hard\libc_nano.a(lib_a-strlen.o)
                0x00032da4                strlen
 .text._exit    0x00032db4        0x4 c:/program files (x86)/gnu tools arm embedded/9 2019-q4-major/bin/../lib/gcc/arm-none-eabi/9.2.1/../../../../arm-none-eabi/lib/thumb/v7e-m+fp/hard\libnosys.a(_exit.o)
                0x00032db4                _exit
 .text          0x00032db8       0x30 c:/program files (x86)/gnu tools arm embedded/9 2019-q4-major/bin/../lib/gcc/arm-none-eabi/9.2.1/thumb/v7e-m+fp/hard\libgcc.a(_aeabi_uldivmod.o)
                0x00032db8                __aeabi_uldivmod
 .text          0x00032de8      0x2c4 c:/program files (x86)/gnu tools arm embedded/9 2019-q4-major/bin/../lib/gcc/arm-none-eabi/9.2.1/thumb/v7e-m+fp/hard\libgcc.a(_udivmoddi4.o)
                0x00032de8                __udivmoddi4
 .text          0x000330ac        0x4 c:/program files (x86)/gnu tools arm embedded/9 2019-q4-major/bin/../lib/gcc/arm-none-eabi/9.2.1/thumb/v7e-m+fp/hard\libgcc.a(_dvmd_tls.o)
                0x000330ac                __aeabi_idiv0
                0x000330ac                __aeabi_ldiv0
 *(.init)
 .init          0x000330b0        0x4 c:/program files (x86)/gnu tools arm embedded/9 2019-q4-major/bin/../lib/gcc/arm-none-eabi/9.2.1/thumb/v7e-m+fp/hard/crti.o
                0x000330b0                _init
 .init          0x000330b4        0x8 c:/program files (x86)/gnu tools arm embedded/9 2019-q4-major/bin/../lib/gcc/arm-none-eabi/9.2.1/thumb/v7e-m+fp/hard/crtn.o
 *(.fini)
 .fini          0x000330bc        0x4 c:/program files (x86)/gnu tools arm embedded/9 2019-q4-major/bin/../lib/gcc/arm-none-eabi/9.2.1/thumb/v7e-m+fp/hard/crti.o
                0x000330bc                _fini
 .fini          0x000330c0        0x8 c:/program files (x86)/gnu tools arm embedded/9 2019-q4-major/bin/../lib/gcc/arm-none-eabi/9.2.1/thumb/v7e-m+fp/hard/crtn.o
 *crtbegin.o(.ctors)
 *crtbegin?.o(.ctors)
 *(EXCLUDE_FILE(*crtend.o *crtend?.o) .ctors)
 *(SORT_BY_NAME(.ctors.*))
 *(.ctors)
 *crtbegin.o(.dtors)
 *crtbegin?.o(.dtors)
 *(EXCLUDE_FILE(*crtend.o *crtend?.o) .dtors)
 *(SORT_BY_NAME(.dtors.*))
 *(.dtors)
 *(.rodata*)
 *fill*         0x000330c8        0x8 
 .rodata.delay_machine_code.9523
                0x000330d0        0x6 _build/nrf52840_xxaa/nrf_log_backend_rtt.c.o
 *fill*         0x000330d6        0x2 
 .rodata.nrf_log_backend_rtt_api
                0x000330d8        0xc _build/nrf52840_xxaa/nrf_log_backend_rtt.c.o
                0x000330d8                nrf_log_backend_rtt_api
 .rodata.serial_tx.str1.4
                0x000330e4       0x46 _build/nrf52840_xxaa/nrf_log_backend_uart.c.o
 *fill*         0x0003312a        0x2 
 .rodata        0x0003312c       0x20 _build/nrf52840_xxaa/nrf_log_backend_uart.c.o
 .rodata.nrf_log_backend_uart_api
                0x0003314c        0xc _build/nrf52840_xxaa/nrf_log_backend_uart.c.o
                0x0003314c                nrf_log_backend_uart_api
 .rodata.str1.4
                0x00033158       0x24 _build/nrf52840_xxaa/nrf_log_default_backends.c.o
 .rodata.nrf_log_frontend_dequeue.str1.4
                0x0003317c       0x11 _build/nrf52840_xxaa/nrf_log_frontend.c.o
 *fill*         0x0003318d        0x3 
 .rodata.str1.4
                0x00033190        0x4 _build/nrf52840_xxaa/nrf_log_frontend.c.o
 .rodata.m_log_push_ringbuf
                0x00033194        0xc _build/nrf52840_xxaa/nrf_log_frontend.c.o
 .rodata.prefix_process.str1.4
                0x000331a0       0x36 _build/nrf52840_xxaa/nrf_log_str_formatter.c.o
 *fill*         0x000331d6        0x2 
 .rodata.nrf_log_std_entry_process.str1.4
                0x000331d8        0x3 _build/nrf52840_xxaa/nrf_log_str_formatter.c.o
 *fill*         0x000331db        0x1 
 .rodata.nrf_log_hexdump_entry_process.str1.4
                0x000331dc       0x13 _build/nrf52840_xxaa/nrf_log_str_formatter.c.o
                                 0x16 (size before relaxing)
 *fill*         0x000331ef        0x1 
 .rodata.str1.4
                0x000331f0       0x56 _build/nrf52840_xxaa/nrf_log_str_formatter.c.o
 *fill*         0x00033246        0x2 
 .rodata.m_colors
                0x00033248       0x24 _build/nrf52840_xxaa/nrf_log_str_formatter.c.o
 .rodata.severity_names
                0x0003326c       0x14 _build/nrf52840_xxaa/nrf_log_str_formatter.c.o
 .rodata.str1.4
                0x00033280        0xb _build/nrf52840_xxaa/app_button.c.o
 *fill*         0x0003328b        0x1 
 .rodata.m_detection_delay_timer_id
                0x0003328c        0x4 _build/nrf52840_xxaa/app_button.c.o
 .rodata.app_error_fault_handler.str1.4
                0x00033290       0xb4 _build/nrf52840_xxaa/app_error_weak.c.o
 .rodata.str1.4
                0x00033344        0xa _build/nrf52840_xxaa/app_timer2.c.o
 *fill*         0x0003334e        0x2 
 .rodata        0x00033350        0x4 _build/nrf52840_xxaa/app_timer2.c.o
 .rodata.m_app_timer_sortlist
                0x00033354        0xc _build/nrf52840_xxaa/app_timer2.c.o
 .rodata.drv_rtc_init.str1.4
                0x00033360       0x36 _build/nrf52840_xxaa/drv_rtc.c.o
 *fill*         0x00033396        0xa 
 .rodata.delay_machine_code.8847
                0x000333a0        0x6 _build/nrf52840_xxaa/drv_rtc.c.o
 *fill*         0x000333a6        0x2 
 .rodata.dirty_header.9575
                0x000333a8        0x4 _build/nrf52840_xxaa/fds.c.o
 .rodata.page_tag_data.9448
                0x000333ac        0x8 _build/nrf52840_xxaa/fds.c.o
 .rodata.page_tag_swap.9444
                0x000333b4        0x8 _build/nrf52840_xxaa/fds.c.o
 .rodata._aV2C.7907
                0x000333bc       0x10 _build/nrf52840_xxaa/nrf_fprintf_format.c.o
 .rodata.nrf_fstorage_init.str1.4
                0x000333cc       0x3a _build/nrf52840_xxaa/nrf_fstorage.c.o
 *fill*         0x00033406        0x2 
 .rodata.nrf_fstorage_uninit.str1.4
                0x00033408        0xc _build/nrf52840_xxaa/nrf_fstorage.c.o
 .rodata.nrf_fstorage_read.str1.4
                0x00033414       0x4a _build/nrf52840_xxaa/nrf_fstorage.c.o
 *fill*         0x0003345e        0x2 
 .rodata.nrf_fstorage_write.str1.4
                0x00033460       0x97 _build/nrf52840_xxaa/nrf_fstorage.c.o
 *fill*         0x000334f7        0x1 
 .rodata.nrf_fstorage_erase.str1.4
                0x000334f8       0x77 _build/nrf52840_xxaa/nrf_fstorage.c.o
 *fill*         0x0003356f        0x1 
 .rodata.str1.4
                0x00033570        0xd _build/nrf52840_xxaa/nrf_fstorage.c.o
 *fill*         0x0003357d        0x3 
 .rodata.__func__.8100
                0x00033580       0x13 _build/nrf52840_xxaa/nrf_fstorage.c.o
 *fill*         0x00033593        0x1 
 .rodata.__func__.8107
                0x00033594       0x13 _build/nrf52840_xxaa/nrf_fstorage.c.o
 *fill*         0x000335a7        0x1 
 .rodata.str1.4
                0x000335a8        0x9 _build/nrf52840_xxaa/nrf_pwr_mgmt.c.o
 *fill*         0x000335b1        0x3 
 .rodata.pwr_mgmt_data
                0x000335b4        0xc _build/nrf52840_xxaa/nrf_pwr_mgmt.c.o
 .rodata.str1.4
                0x000335c0        0x9 _build/nrf52840_xxaa/nrf_sortlist.c.o
 *fill*         0x000335c9        0x3 
 .rodata.str1.4
                0x000335cc      0x3e9 _build/nrf52840_xxaa/nrf_strerror.c.o
 *fill*         0x000339b5        0x3 
 .rodata.m_unknown_str
                0x000339b8       0x13 _build/nrf52840_xxaa/nrf_strerror.c.o
 *fill*         0x000339cb        0x1 
 .rodata.nrf_strerror_array
                0x000339cc      0x128 _build/nrf52840_xxaa/nrf_strerror.c.o
 .rodata.CSWTCH.15
                0x00033af4        0x6 _build/nrf52840_xxaa/system_nrf52840.c.o
 *fill*         0x00033afa        0x2 
 .rodata.CSWTCH.6
                0x00033afc        0x6 _build/nrf52840_xxaa/system_nrf52840.c.o
 *fill*         0x00033b02        0x2 
 .rodata.m_board_btn_list
                0x00033b04        0x4 _build/nrf52840_xxaa/boards.c.o
 .rodata.m_board_led_list
                0x00033b08        0x4 _build/nrf52840_xxaa/boards.c.o
 .rodata.str1.4
                0x00033b0c        0x6 _build/nrf52840_xxaa/nrf_drv_clock.c.o
 *fill*         0x00033b12        0x2 
 .rodata.str1.4
                0x00033b14        0x6 _build/nrf52840_xxaa/nrfx_clock.c.o
 *fill*         0x00033b1a        0x2 
 .rodata.str1.4
                0x00033b1c        0x7 _build/nrf52840_xxaa/nrfx_gpiote.c.o
 *fill*         0x00033b23        0x1 
 .rodata.str1.4
                0x00033b24        0x4 _build/nrf52840_xxaa/nrfx_prs.c.o
 .rodata.str1.4
                0x00033b28        0x5 _build/nrf52840_xxaa/nrfx_uart.c.o
 *fill*         0x00033b2d        0x3 
 .rodata.str1.4
                0x00033b30        0x6 _build/nrf52840_xxaa/nrfx_uarte.c.o
 *fill*         0x00033b36        0x2 
 .rodata.app_buttons
                0x00033b38       0x20 _build/nrf52840_xxaa/bsp.c.o
 .rodata.m_bsp_alert_tmr
                0x00033b58        0x4 _build/nrf52840_xxaa/bsp.c.o
 .rodata.m_bsp_button_tmr
                0x00033b5c        0x4 _build/nrf52840_xxaa/bsp.c.o
 .rodata.m_bsp_leds_tmr
                0x00033b60        0x4 _build/nrf52840_xxaa/bsp.c.o
 .rodata.conn_params_error_handler.str1.4
                0x00033b64       0x10 _build/nrf52840_xxaa/main.c.o
 .rodata.ble_evt_handler.str1.4
                0x00033b74       0x1b _build/nrf52840_xxaa/main.c.o
 *fill*         0x00033b8f        0x1 
 .rodata.on_adv_evt.str1.4
                0x00033b90       0x12 _build/nrf52840_xxaa/main.c.o
 *fill*         0x00033ba2        0x2 
 .rodata.main.str1.4
                0x00033ba4       0x39 _build/nrf52840_xxaa/main.c.o
 *fill*         0x00033bdd        0x3 
 .rodata        0x00033be0       0x10 _build/nrf52840_xxaa/ble_cus.c.o
 .rodata.SEGGER_RTT_ReadNoLock.str1.4
                0x00033bf0       0x17 _build/nrf52840_xxaa/SEGGER_RTT.c.o
 *fill*         0x00033c07        0x1 
 .rodata.ble_evt_handler.str1.4
                0x00033c08       0x39 _build/nrf52840_xxaa/ble_conn_state.c.o
 *fill*         0x00033c41        0x3 
 .rodata.db_update_pending_handle.str1.4
                0x00033c44       0x75 _build/nrf52840_xxaa/gatt_cache_manager.c.o
 *fill*         0x00033cb9        0x3 
 .rodata.local_db_apply_in_evt.str1.4
                0x00033cbc       0xd1 _build/nrf52840_xxaa/gatt_cache_manager.c.o
 *fill*         0x00033d8d        0x3 
 .rodata.sc_send_pending_handle.str1.4
                0x00033d90       0x40 _build/nrf52840_xxaa/gatt_cache_manager.c.o
 .rodata.store_car_value.str1.4
                0x00033dd0       0x5d _build/nrf52840_xxaa/gatt_cache_manager.c.o
 *fill*         0x00033e2d        0x3 
 .rodata.gcm_ble_evt_handler.str1.4
                0x00033e30       0xb2 _build/nrf52840_xxaa/gatt_cache_manager.c.o
 *fill*         0x00033ee2        0x2 
 .rodata.str1.4
                0x00033ee4       0x11 _build/nrf52840_xxaa/gatt_cache_manager.c.o
 *fill*         0x00033ef5        0x3 
 .rodata        0x00033ef8        0x4 _build/nrf52840_xxaa/gatt_cache_manager.c.o
 .rodata.car_value_false.11405
                0x00033efc        0x4 _build/nrf52840_xxaa/gatt_cache_manager.c.o
 .rodata.car_value_true.11404
                0x00033f00        0x4 _build/nrf52840_xxaa/gatt_cache_manager.c.o
 .rodata.service_changed_pending_set.str1.4
                0x00033f04       0x55 _build/nrf52840_xxaa/gatts_cache_manager.c.o
 *fill*         0x00033f59        0x3 
 .rodata.gscm_local_db_cache_update.str1.4
                0x00033f5c       0xb7 _build/nrf52840_xxaa/gatts_cache_manager.c.o
 *fill*         0x00034013        0x1 
 .rodata.gscm_local_db_cache_apply.str1.4
                0x00034014       0x78 _build/nrf52840_xxaa/gatts_cache_manager.c.o
 .rodata.gscm_service_changed_ind_send.str1.4
                0x0003408c       0x4c _build/nrf52840_xxaa/gatts_cache_manager.c.o
 .rodata.str1.4
                0x000340d8       0x12 _build/nrf52840_xxaa/gatts_cache_manager.c.o
 *fill*         0x000340ea        0x2 
 .rodata        0x000340ec       0x10 _build/nrf52840_xxaa/gatts_cache_manager.c.o
 .rodata.service_changed_pending.11105
                0x000340fc        0x4 _build/nrf52840_xxaa/gatts_cache_manager.c.o
 .rodata.service_changed_pending.11164
                0x00034100        0x4 _build/nrf52840_xxaa/gatts_cache_manager.c.o
 .rodata.str1.4
                0x00034104       0x10 _build/nrf52840_xxaa/id_manager.c.o
 .rodata.data_length_update.constprop.0.str1.4
                0x00034114       0xe2 _build/nrf52840_xxaa/nrf_ble_gatt.c.o
 *fill*         0x000341f6        0x2 
 .rodata.nrf_ble_gatt_on_ble_evt.str1.4
                0x000341f8       0x63 _build/nrf52840_xxaa/nrf_ble_gatt.c.o
 *fill*         0x0003425b        0x1 
 .rodata.str1.4
                0x0003425c        0xd _build/nrf52840_xxaa/nrf_ble_gatt.c.o
 *fill*         0x00034269        0x3 
 .rodata.peer_data_delete_process.str1.4
                0x0003426c       0x4c _build/nrf52840_xxaa/peer_data_storage.c.o
 .rodata.pds_peer_data_store.str1.4
                0x000342b8       0x56 _build/nrf52840_xxaa/peer_data_storage.c.o
 *fill*         0x0003430e        0x2 
 .rodata.str1.4
                0x00034310       0x11 _build/nrf52840_xxaa/peer_data_storage.c.o
 *fill*         0x00034321        0x3 
 .rodata.write_buf_store.str1.4
                0x00034324       0x6f _build/nrf52840_xxaa/peer_database.c.o
 *fill*         0x00034393        0x1 
 .rodata.pdb_pds_evt_handler.str1.4
                0x00034394       0x60 _build/nrf52840_xxaa/peer_database.c.o
 .rodata.pdb_peer_free.str1.4
                0x000343f4       0x52 _build/nrf52840_xxaa/peer_database.c.o
 *fill*         0x00034446        0x2 
 .rodata.pdb_write_buf_get.str1.4
                0x00034448       0x74 _build/nrf52840_xxaa/peer_database.c.o
 .rodata.str1.4
                0x000344bc       0x11 _build/nrf52840_xxaa/peer_database.c.o
 *fill*         0x000344cd        0x3 
 .rodata.pm_peer_ranks_get.part.0.str1.4
                0x000344d0       0x48 _build/nrf52840_xxaa/peer_manager.c.o
 .rodata.pm_peers_delete.str1.4
                0x00034518       0x48 _build/nrf52840_xxaa/peer_manager.c.o
 .rodata.str1.4
                0x00034560        0xd _build/nrf52840_xxaa/peer_manager.c.o
 *fill*         0x0003456d        0x3 
 .rodata.__func__.11688
                0x00034570       0x10 _build/nrf52840_xxaa/peer_manager.c.o
 .rodata.str1.4
                0x00034580      0x121 _build/nrf52840_xxaa/peer_manager_handler.c.o
 *fill*         0x000346a1        0x3 
 .rodata.pairing_failure.str1.4
                0x000346a4       0x69 _build/nrf52840_xxaa/security_dispatcher.c.o
 *fill*         0x0003470d        0x3 
 .rodata.smd_params_reply.str1.4
                0x00034710       0xb2 _build/nrf52840_xxaa/security_dispatcher.c.o
 *fill*         0x000347c2        0x2 
 .rodata.smd_ble_evt_handler.str1.4
                0x000347c4      0x1c6 _build/nrf52840_xxaa/security_dispatcher.c.o
 *fill*         0x0003498a        0x2 
 .rodata.str1.4
                0x0003498c       0x11 _build/nrf52840_xxaa/security_dispatcher.c.o
 *fill*         0x0003499d        0x3 
 .rodata.events_send_from_err_code.str1.4
                0x000349a0      0x123 _build/nrf52840_xxaa/security_manager.c.o
 *fill*         0x00034ac3        0x1 
 .rodata.link_secure.str1.4
                0x00034ac4       0x55 _build/nrf52840_xxaa/security_manager.c.o
 *fill*         0x00034b19        0x3 
 .rodata.str1.4
                0x00034b1c       0x10 _build/nrf52840_xxaa/security_manager.c.o
 .rodata.nrf_sdh_enable_request.str1.4
                0x00034b2c       0x39 _build/nrf52840_xxaa/nrf_sdh.c.o
 *fill*         0x00034b65        0x3 
 .rodata.str1.4
                0x00034b68        0x8 _build/nrf52840_xxaa/nrf_sdh.c.o
 .rodata        0x00034b70        0x4 _build/nrf52840_xxaa/nrf_sdh.c.o
 .rodata.sdh_req_observers
                0x00034b74        0xc _build/nrf52840_xxaa/nrf_sdh.c.o
 .rodata.sdh_stack_observers
                0x00034b80        0xc _build/nrf52840_xxaa/nrf_sdh.c.o
 .rodata.sdh_state_observers
                0x00034b8c        0xc _build/nrf52840_xxaa/nrf_sdh.c.o
 .rodata.nrf_sdh_ble_evts_poll.str1.4
                0x00034b98       0x3d _build/nrf52840_xxaa/nrf_sdh_ble.c.o
 *fill*         0x00034bd5        0x3 
 .rodata.nrf_sdh_ble_default_cfg_set.str1.4
                0x00034bd8      0x187 _build/nrf52840_xxaa/nrf_sdh_ble.c.o
 *fill*         0x00034d5f        0x1 
 .rodata.nrf_sdh_ble_enable.str1.4
                0x00034d60       0xad _build/nrf52840_xxaa/nrf_sdh_ble.c.o
 *fill*         0x00034e0d        0x3 
 .rodata.str1.4
                0x00034e10        0xc _build/nrf52840_xxaa/nrf_sdh_ble.c.o
 .rodata.sdh_ble_observers
                0x00034e1c        0xc _build/nrf52840_xxaa/nrf_sdh_ble.c.o
 .rodata.nrf_sdh_soc_evts_poll.str1.4
                0x00034e28       0x3d _build/nrf52840_xxaa/nrf_sdh_soc.c.o
 *fill*         0x00034e65        0x3 
 .rodata.str1.4
                0x00034e68        0xc _build/nrf52840_xxaa/nrf_sdh_soc.c.o
 .rodata.sdh_soc_observers
                0x00034e74        0xc _build/nrf52840_xxaa/nrf_sdh_soc.c.o
 .rodata._ctype_
                0x00034e80      0x101 c:/program files (x86)/gnu tools arm embedded/9 2019-q4-major/bin/../lib/gcc/arm-none-eabi/9.2.1/../../../../arm-none-eabi/lib/thumb/v7e-m+fp/hard\libc_nano.a(lib_a-ctype_.o)
                0x00034e80                _ctype_
 *fill*         0x00034f81        0x3 
 .rodata._global_impure_ptr
                0x00034f84        0x4 c:/program files (x86)/gnu tools arm embedded/9 2019-q4-major/bin/../lib/gcc/arm-none-eabi/9.2.1/../../../../arm-none-eabi/lib/thumb/v7e-m+fp/hard\libc_nano.a(lib_a-impure.o)
                0x00034f84                _global_impure_ptr
 *(.eh_frame*)
 .eh_frame      0x00034f88        0x0 c:/program files (x86)/gnu tools arm embedded/9 2019-q4-major/bin/../lib/gcc/arm-none-eabi/9.2.1/thumb/v7e-m+fp/hard/crtbegin.o
 .eh_frame      0x00034f88        0x4 c:/program files (x86)/gnu tools arm embedded/9 2019-q4-major/bin/../lib/gcc/arm-none-eabi/9.2.1/thumb/v7e-m+fp/hard/crtend.o

.glue_7         0x00034f8c        0x0
 .glue_7        0x00034f8c        0x0 linker stubs

.glue_7t        0x00034f8c        0x0
 .glue_7t       0x00034f8c        0x0 linker stubs

.vfp11_veneer   0x00034f8c        0x0
 .vfp11_veneer  0x00034f8c        0x0 linker stubs

.v4_bx          0x00034f8c        0x0
 .v4_bx         0x00034f8c        0x0 linker stubs

.iplt           0x00034f8c        0x0
 .iplt          0x00034f8c        0x0 c:/program files (x86)/gnu tools arm embedded/9 2019-q4-major/bin/../lib/gcc/arm-none-eabi/9.2.1/thumb/v7e-m+fp/hard/crtbegin.o

.mem_section_dummy_rom

.sdh_soc_observers
                0x00034f8c       0x10
                0x00034f8c                PROVIDE (__start_sdh_soc_observers = .)
 *(SORT_BY_NAME(.sdh_soc_observers*))
 .sdh_soc_observers0
                0x00034f8c        0x8 _build/nrf52840_xxaa/nrf_fstorage_sd.c.o
 .sdh_soc_observers0
                0x00034f94        0x8 _build/nrf52840_xxaa/nrf_drv_clock.c.o
                0x00034f9c                PROVIDE (__stop_sdh_soc_observers = .)

.pwr_mgmt_data  0x00034f9c        0x0
                0x00034f9c                PROVIDE (__start_pwr_mgmt_data = .)
 *(SORT_BY_NAME(.pwr_mgmt_data*))
                0x00034f9c                PROVIDE (__stop_pwr_mgmt_data = .)

.sdh_ble_observers
                0x00034f9c       0x40
                0x00034f9c                PROVIDE (__start_sdh_ble_observers = .)
 *(SORT_BY_NAME(.sdh_ble_observers*))
 .sdh_ble_observers0
                0x00034f9c        0x8 _build/nrf52840_xxaa/ble_conn_state.c.o
 .sdh_ble_observers1
                0x00034fa4        0x8 _build/nrf52840_xxaa/bsp_btn_ble.c.o
 .sdh_ble_observers1
                0x00034fac       0x10 _build/nrf52840_xxaa/main.c.o
 .sdh_ble_observers1
                0x00034fbc        0x8 _build/nrf52840_xxaa/ble_conn_params.c.o
 .sdh_ble_observers1
                0x00034fc4        0x8 _build/nrf52840_xxaa/peer_manager.c.o
 .sdh_ble_observers2
                0x00034fcc        0x8 _build/nrf52840_xxaa/main.c.o
 .sdh_ble_observers3
                0x00034fd4        0x8 _build/nrf52840_xxaa/main.c.o
                0x00034fdc                PROVIDE (__stop_sdh_ble_observers = .)

.sdh_req_observers
                0x00034fdc        0x8
                0x00034fdc                PROVIDE (__start_sdh_req_observers = .)
 *(SORT_BY_NAME(.sdh_req_observers*))
 .sdh_req_observers0
                0x00034fdc        0x8 _build/nrf52840_xxaa/nrf_fstorage_sd.c.o
                0x00034fdc                m_req_obs
                0x00034fe4                PROVIDE (__stop_sdh_req_observers = .)

.sdh_state_observers
                0x00034fe4       0x10
                0x00034fe4                PROVIDE (__start_sdh_state_observers = .)
 *(SORT_BY_NAME(.sdh_state_observers*))
 .sdh_state_observers0
                0x00034fe4        0x8 _build/nrf52840_xxaa/nrf_fstorage_sd.c.o
 .sdh_state_observers0
                0x00034fec        0x8 _build/nrf52840_xxaa/nrf_drv_clock.c.o
                0x00034ff4                PROVIDE (__stop_sdh_state_observers = .)

.sdh_stack_observers
                0x00034ff4       0x10
                0x00034ff4                PROVIDE (__start_sdh_stack_observers = .)
 *(SORT_BY_NAME(.sdh_stack_observers*))
 .sdh_stack_observers0
                0x00034ff4        0x8 _build/nrf52840_xxaa/nrf_sdh_ble.c.o
 .sdh_stack_observers0
                0x00034ffc        0x8 _build/nrf52840_xxaa/nrf_sdh_soc.c.o
                0x00035004                PROVIDE (__stop_sdh_stack_observers = .)

.nrf_queue      0x00035004        0x0
                [!provide]                PROVIDE (__start_nrf_queue = .)
 *(.nrf_queue)
                [!provide]                PROVIDE (__stop_nrf_queue = .)

.nrf_balloc     0x00035004       0x14
                [!provide]                PROVIDE (__start_nrf_balloc = .)
 *(.nrf_balloc)
 .nrf_balloc    0x00035004       0x14 _build/nrf52840_xxaa/nrf_log_frontend.c.o
                0x00035004                log_mempool
                [!provide]                PROVIDE (__stop_nrf_balloc = .)

.cli_command    0x00035018        0x0
                [!provide]                PROVIDE (__start_cli_command = .)
 *(.cli_command)
                [!provide]                PROVIDE (__stop_cli_command = .)

.crypto_data    0x00035018        0x0
                [!provide]                PROVIDE (__start_crypto_data = .)
 *(SORT_BY_NAME(.crypto_data*))
                [!provide]                PROVIDE (__stop_crypto_data = .)

.log_const_data
                0x00035018       0xc8
                0x00035018                PROVIDE (__start_log_const_data = .)
 *(SORT_BY_NAME(.log_const_data*))
 .log_const_data_CLOCK
                0x00035018        0x8 _build/nrf52840_xxaa/nrfx_clock.c.o
                0x00035018                m_nrf_log_CLOCK_logs_data_const
 .log_const_data_GPIOTE
                0x00035020        0x8 _build/nrf52840_xxaa/nrfx_gpiote.c.o
                0x00035020                m_nrf_log_GPIOTE_logs_data_const
 .log_const_data_PRS
                0x00035028        0x8 _build/nrf52840_xxaa/nrfx_prs.c.o
                0x00035028                m_nrf_log_PRS_logs_data_const
 .log_const_data_UART
                0x00035030        0x8 _build/nrf52840_xxaa/nrfx_uart.c.o
                0x00035030                m_nrf_log_UART_logs_data_const
 .log_const_data_UARTE
                0x00035038        0x8 _build/nrf52840_xxaa/nrfx_uarte.c.o
                0x00035038                m_nrf_log_UARTE_logs_data_const
 .log_const_data_app
                0x00035040        0x8 _build/nrf52840_xxaa/nrf_log_frontend.c.o
                0x00035040                m_nrf_log_app_logs_data_const
 .log_const_data_app_button
                0x00035048        0x8 _build/nrf52840_xxaa/app_button.c.o
                0x00035048                m_nrf_log_app_button_logs_data_const
 .log_const_data_app_timer
                0x00035050        0x8 _build/nrf52840_xxaa/app_timer2.c.o
                0x00035050                m_nrf_log_app_timer_logs_data_const
 .log_const_data_clock
                0x00035058        0x8 _build/nrf52840_xxaa/nrf_drv_clock.c.o
                0x00035058                m_nrf_log_clock_logs_data_const
 .log_const_data_nrf_ble_gatt
                0x00035060        0x8 _build/nrf52840_xxaa/nrf_ble_gatt.c.o
                0x00035060                m_nrf_log_nrf_ble_gatt_logs_data_const
 .log_const_data_nrf_fstorage
                0x00035068        0x8 _build/nrf52840_xxaa/nrf_fstorage.c.o
                0x00035068                m_nrf_log_nrf_fstorage_logs_data_const
 .log_const_data_nrf_sdh
                0x00035070        0x8 _build/nrf52840_xxaa/nrf_sdh.c.o
                0x00035070                m_nrf_log_nrf_sdh_logs_data_const
 .log_const_data_nrf_sdh_ble
                0x00035078        0x8 _build/nrf52840_xxaa/nrf_sdh_ble.c.o
                0x00035078                m_nrf_log_nrf_sdh_ble_logs_data_const
 .log_const_data_nrf_sdh_soc
                0x00035080        0x8 _build/nrf52840_xxaa/nrf_sdh_soc.c.o
                0x00035080                m_nrf_log_nrf_sdh_soc_logs_data_const
 .log_const_data_peer_manager
                0x00035088        0x8 _build/nrf52840_xxaa/peer_manager.c.o
                0x00035088                m_nrf_log_peer_manager_logs_data_const
 .log_const_data_peer_manager_gcm
                0x00035090        0x8 _build/nrf52840_xxaa/gatt_cache_manager.c.o
                0x00035090                m_nrf_log_peer_manager_gcm_logs_data_const
 .log_const_data_peer_manager_gscm
                0x00035098        0x8 _build/nrf52840_xxaa/gatts_cache_manager.c.o
                0x00035098                m_nrf_log_peer_manager_gscm_logs_data_const
 .log_const_data_peer_manager_handler
                0x000350a0        0x8 _build/nrf52840_xxaa/peer_manager_handler.c.o
                0x000350a0                m_nrf_log_peer_manager_handler_logs_data_const
 .log_const_data_peer_manager_im
                0x000350a8        0x8 _build/nrf52840_xxaa/id_manager.c.o
                0x000350a8                m_nrf_log_peer_manager_im_logs_data_const
 .log_const_data_peer_manager_pdb
                0x000350b0        0x8 _build/nrf52840_xxaa/peer_database.c.o
                0x000350b0                m_nrf_log_peer_manager_pdb_logs_data_const
 .log_const_data_peer_manager_pds
                0x000350b8        0x8 _build/nrf52840_xxaa/peer_data_storage.c.o
                0x000350b8                m_nrf_log_peer_manager_pds_logs_data_const
 .log_const_data_peer_manager_sm
                0x000350c0        0x8 _build/nrf52840_xxaa/security_manager.c.o
                0x000350c0                m_nrf_log_peer_manager_sm_logs_data_const
 .log_const_data_peer_manager_smd
                0x000350c8        0x8 _build/nrf52840_xxaa/security_dispatcher.c.o
                0x000350c8                m_nrf_log_peer_manager_smd_logs_data_const
 .log_const_data_pwr_mgmt
                0x000350d0        0x8 _build/nrf52840_xxaa/nrf_pwr_mgmt.c.o
                0x000350d0                m_nrf_log_pwr_mgmt_logs_data_const
 .log_const_data_sortlist
                0x000350d8        0x8 _build/nrf52840_xxaa/nrf_sortlist.c.o
                0x000350d8                m_nrf_log_sortlist_logs_data_const
                0x000350e0                PROVIDE (__stop_log_const_data = .)

.log_backends   0x000350e0       0x20
                [!provide]                PROVIDE (__start_log_backends = .)
 *(SORT_BY_NAME(.log_backends*))
 .log_backends  0x000350e0       0x20 _build/nrf52840_xxaa/nrf_log_default_backends.c.o
                [!provide]                PROVIDE (__stop_log_backends = .)

.ARM.extab
 *(.ARM.extab* .gnu.linkonce.armextab.*)
                0x00035100                __exidx_start = .

.ARM.exidx      0x00035100        0x8
 *(.ARM.exidx* .gnu.linkonce.armexidx.*)
 .ARM.exidx     0x00035100        0x8 c:/program files (x86)/gnu tools arm embedded/9 2019-q4-major/bin/../lib/gcc/arm-none-eabi/9.2.1/../../../../arm-none-eabi/lib/thumb/v7e-m+fp/hard/crt0.o
 .ARM.exidx     0x00035108        0x0 c:/program files (x86)/gnu tools arm embedded/9 2019-q4-major/bin/../lib/gcc/arm-none-eabi/9.2.1/thumb/v7e-m+fp/hard\libgcc.a(_udivmoddi4.o)
                                  0x8 (size before relaxing)
                0x00035108                __exidx_end = .

.rel.dyn        0x00035108        0x0
 .rel.iplt      0x00035108        0x0 c:/program files (x86)/gnu tools arm embedded/9 2019-q4-major/bin/../lib/gcc/arm-none-eabi/9.2.1/thumb/v7e-m+fp/hard/crtbegin.o
                0x00035108                . = ALIGN (0x4)
                0x00035108                __etext = .

.data           0x20002270      0x130 load address 0x00035108
                0x20002270                __data_start__ = .
 *(vtable)
 *(.data*)
 .data.m_uart   0x20002270       0x14 _build/nrf52840_xxaa/nrf_log_backend_uart.c.o
                0x20002270                m_uart
 .data.log_backend_cb_rtt_log_backend
                0x20002284        0x8 _build/nrf52840_xxaa/nrf_log_default_backends.c.o
 .data.log_backend_cb_uart_log_backend
                0x2000228c        0x8 _build/nrf52840_xxaa/nrf_log_default_backends.c.o
 *fill*         0x20002294        0x4 
 .data.m_detection_delay_timer_id_data
                0x20002298       0x20 _build/nrf52840_xxaa/app_button.c.o
 .data.m_rtc_inst
                0x200022b8        0x8 _build/nrf52840_xxaa/app_timer2.c.o
 .data.SystemCoreClock
                0x200022c0        0x4 _build/nrf52840_xxaa/system_nrf52840.c.o
                0x200022c0                SystemCoreClock
 *fill*         0x200022c4        0x4 
 .data.m_bsp_alert_tmr_data
                0x200022c8       0x20 _build/nrf52840_xxaa/bsp.c.o
 .data.m_bsp_button_tmr_data
                0x200022e8       0x20 _build/nrf52840_xxaa/bsp.c.o
 .data.m_bsp_leds_tmr_data
                0x20002308       0x20 _build/nrf52840_xxaa/bsp.c.o
 .data.m_adv_uuids
                0x20002328        0x4 _build/nrf52840_xxaa/main.c.o
                0x20002328                m_adv_uuids
 .data.m_flag_conn_excluded
                0x2000232c        0x1 _build/nrf52840_xxaa/peer_manager.c.o
 .data.m_flag_allow_repairing
                0x2000232d        0x1 _build/nrf52840_xxaa/security_dispatcher.c.o
 .data.m_flag_sec_proc
                0x2000232e        0x1 _build/nrf52840_xxaa/security_dispatcher.c.o
 .data.m_flag_sec_proc_bonding
                0x2000232f        0x1 _build/nrf52840_xxaa/security_dispatcher.c.o
 .data.m_flag_sec_proc_pairing
                0x20002330        0x1 _build/nrf52840_xxaa/security_dispatcher.c.o
 .data.m_flag_link_secure_force_repairing
                0x20002331        0x1 _build/nrf52840_xxaa/security_manager.c.o
 .data.m_flag_link_secure_null_params
                0x20002332        0x1 _build/nrf52840_xxaa/security_manager.c.o
 .data.m_flag_link_secure_pending_busy
                0x20002333        0x1 _build/nrf52840_xxaa/security_manager.c.o
 .data.m_flag_params_reply_pending_busy
                0x20002334        0x1 _build/nrf52840_xxaa/security_manager.c.o
 *fill*         0x20002335        0x3 
 .data.impure_data
                0x20002338       0x60 c:/program files (x86)/gnu tools arm embedded/9 2019-q4-major/bin/../lib/gcc/arm-none-eabi/9.2.1/../../../../arm-none-eabi/lib/thumb/v7e-m+fp/hard\libc_nano.a(lib_a-impure.o)
                0x20002398                . = ALIGN (0x4)
                0x20002398                PROVIDE (__preinit_array_start = .)
 *(.preinit_array)
                0x20002398                PROVIDE (__preinit_array_end = .)
                0x20002398                . = ALIGN (0x4)
                0x20002398                PROVIDE (__init_array_start = .)
 *(SORT_BY_NAME(.init_array.*))
 *(.init_array)
 .init_array    0x20002398        0x4 c:/program files (x86)/gnu tools arm embedded/9 2019-q4-major/bin/../lib/gcc/arm-none-eabi/9.2.1/thumb/v7e-m+fp/hard/crtbegin.o
                0x2000239c                PROVIDE (__init_array_end = .)
                0x2000239c                . = ALIGN (0x4)
                [!provide]                PROVIDE (__fini_array_start = .)
 *(SORT_BY_NAME(.fini_array.*))
 *(.fini_array)
 .fini_array    0x2000239c        0x4 c:/program files (x86)/gnu tools arm embedded/9 2019-q4-major/bin/../lib/gcc/arm-none-eabi/9.2.1/thumb/v7e-m+fp/hard/crtbegin.o
                [!provide]                PROVIDE (__fini_array_end = .)
 *(.jcr*)
                0x200023a0                . = ALIGN (0x4)
                0x200023a0                __data_end__ = .
LOAD c:/program files (x86)/gnu tools arm embedded/9 2019-q4-major/bin/../lib/gcc/arm-none-eabi/9.2.1/thumb/v7e-m+fp/hard/crti.o
LOAD c:/program files (x86)/gnu tools arm embedded/9 2019-q4-major/bin/../lib/gcc/arm-none-eabi/9.2.1/thumb/v7e-m+fp/hard/crtbegin.o
LOAD c:/program files (x86)/gnu tools arm embedded/9 2019-q4-major/bin/../lib/gcc/arm-none-eabi/9.2.1/../../../../arm-none-eabi/lib/thumb/v7e-m+fp/hard/crt0.o
LOAD _build/nrf52840_xxaa/gcc_startup_nrf52840.S.o
LOAD _build/nrf52840_xxaa/nrf_log_backend_rtt.c.o
LOAD _build/nrf52840_xxaa/nrf_log_backend_serial.c.o
LOAD _build/nrf52840_xxaa/nrf_log_backend_uart.c.o
LOAD _build/nrf52840_xxaa/nrf_log_default_backends.c.o
LOAD _build/nrf52840_xxaa/nrf_log_frontend.c.o
LOAD _build/nrf52840_xxaa/nrf_log_str_formatter.c.o
LOAD _build/nrf52840_xxaa/app_button.c.o
LOAD _build/nrf52840_xxaa/app_error.c.o
LOAD _build/nrf52840_xxaa/app_error_handler_gcc.c.o
LOAD _build/nrf52840_xxaa/app_error_weak.c.o
LOAD _build/nrf52840_xxaa/app_scheduler.c.o
LOAD _build/nrf52840_xxaa/app_timer2.c.o
LOAD _build/nrf52840_xxaa/app_util_platform.c.o
LOAD _build/nrf52840_xxaa/crc16.c.o
LOAD _build/nrf52840_xxaa/drv_rtc.c.o
LOAD _build/nrf52840_xxaa/fds.c.o
LOAD _build/nrf52840_xxaa/hardfault_implementation.c.o
LOAD _build/nrf52840_xxaa/nrf_assert.c.o
LOAD _build/nrf52840_xxaa/nrf_atfifo.c.o
LOAD _build/nrf52840_xxaa/nrf_atflags.c.o
LOAD _build/nrf52840_xxaa/nrf_atomic.c.o
LOAD _build/nrf52840_xxaa/nrf_balloc.c.o
LOAD _build/nrf52840_xxaa/nrf_fprintf.c.o
LOAD _build/nrf52840_xxaa/nrf_fprintf_format.c.o
LOAD _build/nrf52840_xxaa/nrf_fstorage.c.o
LOAD _build/nrf52840_xxaa/nrf_fstorage_sd.c.o
LOAD _build/nrf52840_xxaa/nrf_memobj.c.o
LOAD _build/nrf52840_xxaa/nrf_pwr_mgmt.c.o
LOAD _build/nrf52840_xxaa/nrf_ringbuf.c.o
LOAD _build/nrf52840_xxaa/nrf_section_iter.c.o
LOAD _build/nrf52840_xxaa/nrf_sortlist.c.o
LOAD _build/nrf52840_xxaa/nrf_strerror.c.o
LOAD _build/nrf52840_xxaa/sensorsim.c.o
LOAD _build/nrf52840_xxaa/system_nrf52840.c.o
LOAD _build/nrf52840_xxaa/boards.c.o
LOAD _build/nrf52840_xxaa/nrf_drv_clock.c.o
LOAD _build/nrf52840_xxaa/nrf_drv_uart.c.o
LOAD _build/nrf52840_xxaa/nrfx_atomic.c.o
LOAD _build/nrf52840_xxaa/nrfx_clock.c.o
LOAD _build/nrf52840_xxaa/nrfx_gpiote.c.o
LOAD _build/nrf52840_xxaa/nrfx_prs.c.o
LOAD _build/nrf52840_xxaa/nrfx_uart.c.o
LOAD _build/nrf52840_xxaa/nrfx_uarte.c.o
LOAD _build/nrf52840_xxaa/bsp.c.o
LOAD _build/nrf52840_xxaa/bsp_btn_ble.c.o
LOAD _build/nrf52840_xxaa/main.c.o
LOAD _build/nrf52840_xxaa/ble_cus.c.o
LOAD _build/nrf52840_xxaa/SEGGER_RTT.c.o
LOAD _build/nrf52840_xxaa/SEGGER_RTT_Syscalls_GCC.c.o
LOAD _build/nrf52840_xxaa/SEGGER_RTT_printf.c.o
LOAD _build/nrf52840_xxaa/auth_status_tracker.c.o
LOAD _build/nrf52840_xxaa/ble_advdata.c.o
LOAD _build/nrf52840_xxaa/ble_advertising.c.o
LOAD _build/nrf52840_xxaa/ble_conn_params.c.o
LOAD _build/nrf52840_xxaa/ble_conn_state.c.o
LOAD _build/nrf52840_xxaa/ble_srv_common.c.o
LOAD _build/nrf52840_xxaa/gatt_cache_manager.c.o
LOAD _build/nrf52840_xxaa/gatts_cache_manager.c.o
LOAD _build/nrf52840_xxaa/id_manager.c.o
LOAD _build/nrf52840_xxaa/nrf_ble_gatt.c.o
LOAD _build/nrf52840_xxaa/nrf_ble_qwr.c.o
LOAD _build/nrf52840_xxaa/peer_data_storage.c.o
LOAD _build/nrf52840_xxaa/peer_database.c.o
LOAD _build/nrf52840_xxaa/peer_id.c.o
LOAD _build/nrf52840_xxaa/peer_manager.c.o
LOAD _build/nrf52840_xxaa/peer_manager_handler.c.o
LOAD _build/nrf52840_xxaa/pm_buffer.c.o
LOAD _build/nrf52840_xxaa/security_dispatcher.c.o
LOAD _build/nrf52840_xxaa/security_manager.c.o
LOAD _build/nrf52840_xxaa/utf.c.o
LOAD _build/nrf52840_xxaa/nrf_sdh.c.o
LOAD _build/nrf52840_xxaa/nrf_sdh_ble.c.o
LOAD _build/nrf52840_xxaa/nrf_sdh_soc.c.o
LOAD c:/program files (x86)/gnu tools arm embedded/9 2019-q4-major/bin/../lib/gcc/arm-none-eabi/9.2.1/../../../../arm-none-eabi/lib/thumb/v7e-m+fp/hard\libc_nano.a
LOAD c:/program files (x86)/gnu tools arm embedded/9 2019-q4-major/bin/../lib/gcc/arm-none-eabi/9.2.1/../../../../arm-none-eabi/lib/thumb/v7e-m+fp/hard\libnosys.a
LOAD c:/program files (x86)/gnu tools arm embedded/9 2019-q4-major/bin/../lib/gcc/arm-none-eabi/9.2.1/../../../../arm-none-eabi/lib/thumb/v7e-m+fp/hard\libm.a
START GROUP
LOAD c:/program files (x86)/gnu tools arm embedded/9 2019-q4-major/bin/../lib/gcc/arm-none-eabi/9.2.1/thumb/v7e-m+fp/hard\libgcc.a
LOAD c:/program files (x86)/gnu tools arm embedded/9 2019-q4-major/bin/../lib/gcc/arm-none-eabi/9.2.1/../../../../arm-none-eabi/lib/thumb/v7e-m+fp/hard\libg_nano.a
LOAD c:/program files (x86)/gnu tools arm embedded/9 2019-q4-major/bin/../lib/gcc/arm-none-eabi/9.2.1/../../../../arm-none-eabi/lib/thumb/v7e-m+fp/hard\libc_nano.a
END GROUP
START GROUP
LOAD c:/program files (x86)/gnu tools arm embedded/9 2019-q4-major/bin/../lib/gcc/arm-none-eabi/9.2.1/thumb/v7e-m+fp/hard\libgcc.a
LOAD c:/program files (x86)/gnu tools arm embedded/9 2019-q4-major/bin/../lib/gcc/arm-none-eabi/9.2.1/../../../../arm-none-eabi/lib/thumb/v7e-m+fp/hard\libc_nano.a
END GROUP
LOAD c:/program files (x86)/gnu tools arm embedded/9 2019-q4-major/bin/../lib/gcc/arm-none-eabi/9.2.1/thumb/v7e-m+fp/hard/crtend.o
LOAD c:/program files (x86)/gnu tools arm embedded/9 2019-q4-major/bin/../lib/gcc/arm-none-eabi/9.2.1/thumb/v7e-m+fp/hard/crtn.o
START GROUP
LOAD c:/program files (x86)/gnu tools arm embedded/9 2019-q4-major/bin/../lib/gcc/arm-none-eabi/9.2.1/thumb/v7e-m+fp/hard\libgcc.a
LOAD c:/program files (x86)/gnu tools arm embedded/9 2019-q4-major/bin/../lib/gcc/arm-none-eabi/9.2.1/../../../../arm-none-eabi/lib/thumb/v7e-m+fp/hard\libc.a
LOAD c:/program files (x86)/gnu tools arm embedded/9 2019-q4-major/bin/../lib/gcc/arm-none-eabi/9.2.1/../../../../arm-none-eabi/lib/thumb/v7e-m+fp/hard\libnosys.a
END GROUP

.igot.plt       0x200023a0        0x0 load address 0x00035238
 .igot.plt      0x200023a0        0x0 c:/program files (x86)/gnu tools arm embedded/9 2019-q4-major/bin/../lib/gcc/arm-none-eabi/9.2.1/thumb/v7e-m+fp/hard/crtbegin.o
                0x200023a0                . = ALIGN (0x4)

.mem_section_dummy_ram

.cli_sorted_cmd_ptrs
                0x200023a0        0x0
                [!provide]                PROVIDE (__start_cli_sorted_cmd_ptrs = .)
 *(.cli_sorted_cmd_ptrs)
                [!provide]                PROVIDE (__stop_cli_sorted_cmd_ptrs = .)

.fs_data        0x200023a0       0x14 load address 0x00035238
                0x200023a0                PROVIDE (__start_fs_data = .)
 *(.fs_data)
 .fs_data       0x200023a0       0x14 _build/nrf52840_xxaa/fds.c.o
                0x200023a0                m_fs
                0x200023b4                PROVIDE (__stop_fs_data = .)

.log_dynamic_data
                0x200023b4        0x0
                0x200023b4                PROVIDE (__start_log_dynamic_data = .)
 *(SORT_BY_NAME(.log_dynamic_data*))
                [!provide]                PROVIDE (__stop_log_dynamic_data = .)

.log_filter_data
                0x200023b4        0x0
                [!provide]                PROVIDE (__start_log_filter_data = .)
 *(SORT_BY_NAME(.log_filter_data*))
                [!provide]                PROVIDE (__stop_log_filter_data = .)

.bss            0x200023b8     0x12b0 load address 0x00035250
                0x200023b8                . = ALIGN (0x4)
                0x200023b8                __bss_start__ = .
 *(.bss*)
 .bss           0x200023b8       0x1c c:/program files (x86)/gnu tools arm embedded/9 2019-q4-major/bin/../lib/gcc/arm-none-eabi/9.2.1/thumb/v7e-m+fp/hard/crtbegin.o
 .bss.m_host_present
                0x200023d4        0x1 _build/nrf52840_xxaa/nrf_log_backend_rtt.c.o
 *fill*         0x200023d5        0x3 
 .bss.m_string_buff
                0x200023d8       0x40 _build/nrf52840_xxaa/nrf_log_backend_rtt.c.o
 .bss.m_async_mode
                0x20002418        0x1 _build/nrf52840_xxaa/nrf_log_backend_uart.c.o
 *fill*         0x20002419        0x3 
 .bss.m_string_buff
                0x2000241c       0x40 _build/nrf52840_xxaa/nrf_log_backend_uart.c.o
 .bss.m_xfer_done
                0x2000245c        0x1 _build/nrf52840_xxaa/nrf_log_backend_uart.c.o
 *fill*         0x2000245d        0x3 
 .bss.log_mempool_nrf_balloc_cb
                0x20002460        0x8 _build/nrf52840_xxaa/nrf_log_frontend.c.o
 .bss.log_mempool_nrf_balloc_pool_mem